ERROR - 2026-02-07 04:42:53 --> Error connecting to the database: mysqli_sql_exception: No connection could be made because the target machine actively refused it in C:\xampp\htdocs\MemberCreation\system\Database\MySQLi\Connection.php:201
Stack trace:
#0 C:\xampp\htdocs\MemberCreation\system\Database\MySQLi\Connection.php(201): mysqli->real_connect('localhost', '', Object(SensitiveParameterValue), '', 3306, '', 0)
#1 C:\xampp\htdocs\MemberCreation\system\Database\BaseConnection.php(419): CodeIgniter\Database\MySQLi\Connection->connect(false)
#2 C:\xampp\htdocs\MemberCreation\system\Database\BaseConnection.php(654): CodeIgniter\Database\BaseConnection->initialize()
#3 C:\xampp\htdocs\MemberCreation\system\Database\BaseConnection.php(1565): CodeIgniter\Database\BaseConnection->query('SHOW TABLES FRO...')
#4 C:\xampp\htdocs\MemberCreation\system\Database\BaseConnection.php(1585): CodeIgniter\Database\BaseConnection->listTables()
#5 C:\xampp\htdocs\MemberCreation\system\Database\MigrationRunner.php(821): CodeIgniter\Database\BaseConnection->tableExists('migrations')
#6 C:\xampp\htdocs\MemberCreation\system\Database\MigrationRunner.php(173): CodeIgniter\Database\MigrationRunner->ensureTable()
#7 C:\xampp\htdocs\MemberCreation\system\Commands\Database\Migrate.php(89): CodeIgniter\Database\MigrationRunner->latest(NULL)
#8 C:\xampp\htdocs\MemberCreation\system\CLI\SignalTrait.php(245): CodeIgniter\Commands\Database\Migrate::CodeIgniter\Commands\Database\{closure}()
#9 C:\xampp\htdocs\MemberCreation\system\Commands\Database\Migrate.php(88): CodeIgniter\Commands\Database\Migrate->withSignalsBlocked(Object(Closure))
#10 C:\xampp\htdocs\MemberCreation\system\CLI\Commands.php(74): CodeIgniter\Commands\Database\Migrate->run(Array)
#11 C:\xampp\htdocs\MemberCreation\system\CLI\Console.php(47): CodeIgniter\CLI\Commands->run('migrate', Array)
#12 C:\xampp\htdocs\MemberCreation\system\Boot.php(442): CodeIgniter\CLI\Console->run()
#13 C:\xampp\htdocs\MemberCreation\system\Boot.php(166): CodeIgniter\Boot::runCommand(Object(CodeIgniter\CLI\Console))
#14 C:\xampp\htdocs\MemberCreation\spark(87): CodeIgniter\Boot::bootSpark(Object(Config\Paths))
#15 {main}

Next CodeIgniter\Database\Exceptions\DatabaseException: No connection could be made because the target machine actively refused it in C:\xampp\htdocs\MemberCreation\system\Database\MySQLi\Connection.php:231
Stack trace:
#0 C:\xampp\htdocs\MemberCreation\system\Database\BaseConnection.php(419): CodeIgniter\Database\MySQLi\Connection->connect(false)
#1 C:\xampp\htdocs\MemberCreation\system\Database\BaseConnection.php(654): CodeIgniter\Database\BaseConnection->initialize()
#2 C:\xampp\htdocs\MemberCreation\system\Database\BaseConnection.php(1565): CodeIgniter\Database\BaseConnection->query('SHOW TABLES FRO...')
#3 C:\xampp\htdocs\MemberCreation\system\Database\BaseConnection.php(1585): CodeIgniter\Database\BaseConnection->listTables()
#4 C:\xampp\htdocs\MemberCreation\system\Database\MigrationRunner.php(821): CodeIgniter\Database\BaseConnection->tableExists('migrations')
#5 C:\xampp\htdocs\MemberCreation\system\Database\MigrationRunner.php(173): CodeIgniter\Database\MigrationRunner->ensureTable()
#6 C:\xampp\htdocs\MemberCreation\system\Commands\Database\Migrate.php(89): CodeIgniter\Database\MigrationRunner->latest(NULL)
#7 C:\xampp\htdocs\MemberCreation\system\CLI\SignalTrait.php(245): CodeIgniter\Commands\Database\Migrate::CodeIgniter\Commands\Database\{closure}()
#8 C:\xampp\htdocs\MemberCreation\system\Commands\Database\Migrate.php(88): CodeIgniter\Commands\Database\Migrate->withSignalsBlocked(Object(Closure))
#9 C:\xampp\htdocs\MemberCreation\system\CLI\Commands.php(74): CodeIgniter\Commands\Database\Migrate->run(Array)
#10 C:\xampp\htdocs\MemberCreation\system\CLI\Console.php(47): CodeIgniter\CLI\Commands->run('migrate', Array)
#11 C:\xampp\htdocs\MemberCreation\system\Boot.php(442): CodeIgniter\CLI\Console->run()
#12 C:\xampp\htdocs\MemberCreation\system\Boot.php(166): CodeIgniter\Boot::runCommand(Object(CodeIgniter\CLI\Console))
#13 C:\xampp\htdocs\MemberCreation\spark(87): CodeIgniter\Boot::bootSpark(Object(Config\Paths))
#14 {main}
ERROR - 2026-02-07 04:43:53 --> Error connecting to the database: mysqli_sql_exception: Access denied for user ''@'localhost' (using password: NO) in C:\xampp\htdocs\MemberCreation\system\Database\MySQLi\Connection.php:201
Stack trace:
#0 C:\xampp\htdocs\MemberCreation\system\Database\MySQLi\Connection.php(201): mysqli->real_connect('localhost', '', Object(SensitiveParameterValue), '', 3306, '', 0)
#1 C:\xampp\htdocs\MemberCreation\system\Database\BaseConnection.php(419): CodeIgniter\Database\MySQLi\Connection->connect(false)
#2 C:\xampp\htdocs\MemberCreation\system\Database\BaseConnection.php(654): CodeIgniter\Database\BaseConnection->initialize()
#3 C:\xampp\htdocs\MemberCreation\system\Database\BaseConnection.php(1565): CodeIgniter\Database\BaseConnection->query('SHOW TABLES FRO...')
#4 C:\xampp\htdocs\MemberCreation\system\Database\BaseConnection.php(1585): CodeIgniter\Database\BaseConnection->listTables()
#5 C:\xampp\htdocs\MemberCreation\system\Database\MigrationRunner.php(821): CodeIgniter\Database\BaseConnection->tableExists('migrations')
#6 C:\xampp\htdocs\MemberCreation\system\Database\MigrationRunner.php(173): CodeIgniter\Database\MigrationRunner->ensureTable()
#7 C:\xampp\htdocs\MemberCreation\system\Commands\Database\Migrate.php(89): CodeIgniter\Database\MigrationRunner->latest(NULL)
#8 C:\xampp\htdocs\MemberCreation\system\CLI\SignalTrait.php(245): CodeIgniter\Commands\Database\Migrate::CodeIgniter\Commands\Database\{closure}()
#9 C:\xampp\htdocs\MemberCreation\system\Commands\Database\Migrate.php(88): CodeIgniter\Commands\Database\Migrate->withSignalsBlocked(Object(Closure))
#10 C:\xampp\htdocs\MemberCreation\system\CLI\Commands.php(74): CodeIgniter\Commands\Database\Migrate->run(Array)
#11 C:\xampp\htdocs\MemberCreation\system\CLI\Console.php(47): CodeIgniter\CLI\Commands->run('migrate', Array)
#12 C:\xampp\htdocs\MemberCreation\system\Boot.php(442): CodeIgniter\CLI\Console->run()
#13 C:\xampp\htdocs\MemberCreation\system\Boot.php(166): CodeIgniter\Boot::runCommand(Object(CodeIgniter\CLI\Console))
#14 C:\xampp\htdocs\MemberCreation\spark(87): CodeIgniter\Boot::bootSpark(Object(Config\Paths))
#15 {main}

Next CodeIgniter\Database\Exceptions\DatabaseException: Access denied for user ''@'localhost' (using password: NO) in C:\xampp\htdocs\MemberCreation\system\Database\MySQLi\Connection.php:231
Stack trace:
#0 C:\xampp\htdocs\MemberCreation\system\Database\BaseConnection.php(419): CodeIgniter\Database\MySQLi\Connection->connect(false)
#1 C:\xampp\htdocs\MemberCreation\system\Database\BaseConnection.php(654): CodeIgniter\Database\BaseConnection->initialize()
#2 C:\xampp\htdocs\MemberCreation\system\Database\BaseConnection.php(1565): CodeIgniter\Database\BaseConnection->query('SHOW TABLES FRO...')
#3 C:\xampp\htdocs\MemberCreation\system\Database\BaseConnection.php(1585): CodeIgniter\Database\BaseConnection->listTables()
#4 C:\xampp\htdocs\MemberCreation\system\Database\MigrationRunner.php(821): CodeIgniter\Database\BaseConnection->tableExists('migrations')
#5 C:\xampp\htdocs\MemberCreation\system\Database\MigrationRunner.php(173): CodeIgniter\Database\MigrationRunner->ensureTable()
#6 C:\xampp\htdocs\MemberCreation\system\Commands\Database\Migrate.php(89): CodeIgniter\Database\MigrationRunner->latest(NULL)
#7 C:\xampp\htdocs\MemberCreation\system\CLI\SignalTrait.php(245): CodeIgniter\Commands\Database\Migrate::CodeIgniter\Commands\Database\{closure}()
#8 C:\xampp\htdocs\MemberCreation\system\Commands\Database\Migrate.php(88): CodeIgniter\Commands\Database\Migrate->withSignalsBlocked(Object(Closure))
#9 C:\xampp\htdocs\MemberCreation\system\CLI\Commands.php(74): CodeIgniter\Commands\Database\Migrate->run(Array)
#10 C:\xampp\htdocs\MemberCreation\system\CLI\Console.php(47): CodeIgniter\CLI\Commands->run('migrate', Array)
#11 C:\xampp\htdocs\MemberCreation\system\Boot.php(442): CodeIgniter\CLI\Console->run()
#12 C:\xampp\htdocs\MemberCreation\system\Boot.php(166): CodeIgniter\Boot::runCommand(Object(CodeIgniter\CLI\Console))
#13 C:\xampp\htdocs\MemberCreation\spark(87): CodeIgniter\Boot::bootSpark(Object(Config\Paths))
#14 {main}
ERROR - 2026-02-07 04:49:03 --> Error connecting to the database: mysqli_sql_exception: Access denied for user 'root'@'localhost' (using password: YES) in C:\xampp\htdocs\MemberCreation\system\Database\MySQLi\Connection.php:201
Stack trace:
#0 C:\xampp\htdocs\MemberCreation\system\Database\MySQLi\Connection.php(201): mysqli->real_connect('localhost', 'root', Object(SensitiveParameterValue), 'customer_db', 3306, '', 0)
#1 C:\xampp\htdocs\MemberCreation\system\Database\BaseConnection.php(419): CodeIgniter\Database\MySQLi\Connection->connect(false)
#2 C:\xampp\htdocs\MemberCreation\system\Database\BaseConnection.php(654): CodeIgniter\Database\BaseConnection->initialize()
#3 C:\xampp\htdocs\MemberCreation\system\Database\BaseConnection.php(1565): CodeIgniter\Database\BaseConnection->query('SHOW TABLES FRO...')
#4 C:\xampp\htdocs\MemberCreation\system\Database\BaseConnection.php(1585): CodeIgniter\Database\BaseConnection->listTables()
#5 C:\xampp\htdocs\MemberCreation\system\Database\MigrationRunner.php(821): CodeIgniter\Database\BaseConnection->tableExists('migrations')
#6 C:\xampp\htdocs\MemberCreation\system\Database\MigrationRunner.php(173): CodeIgniter\Database\MigrationRunner->ensureTable()
#7 C:\xampp\htdocs\MemberCreation\system\Commands\Database\Migrate.php(89): CodeIgniter\Database\MigrationRunner->latest(NULL)
#8 C:\xampp\htdocs\MemberCreation\system\CLI\SignalTrait.php(245): CodeIgniter\Commands\Database\Migrate::CodeIgniter\Commands\Database\{closure}()
#9 C:\xampp\htdocs\MemberCreation\system\Commands\Database\Migrate.php(88): CodeIgniter\Commands\Database\Migrate->withSignalsBlocked(Object(Closure))
#10 C:\xampp\htdocs\MemberCreation\system\CLI\Commands.php(74): CodeIgniter\Commands\Database\Migrate->run(Array)
#11 C:\xampp\htdocs\MemberCreation\system\CLI\Console.php(47): CodeIgniter\CLI\Commands->run('migrate', Array)
#12 C:\xampp\htdocs\MemberCreation\system\Boot.php(442): CodeIgniter\CLI\Console->run()
#13 C:\xampp\htdocs\MemberCreation\system\Boot.php(166): CodeIgniter\Boot::runCommand(Object(CodeIgniter\CLI\Console))
#14 C:\xampp\htdocs\MemberCreation\spark(87): CodeIgniter\Boot::bootSpark(Object(Config\Paths))
#15 {main}

Next CodeIgniter\Database\Exceptions\DatabaseException: Access denied for user '****'@'localhost' (using password: YES) in C:\xampp\htdocs\MemberCreation\system\Database\MySQLi\Connection.php:231
Stack trace:
#0 C:\xampp\htdocs\MemberCreation\system\Database\BaseConnection.php(419): CodeIgniter\Database\MySQLi\Connection->connect(false)
#1 C:\xampp\htdocs\MemberCreation\system\Database\BaseConnection.php(654): CodeIgniter\Database\BaseConnection->initialize()
#2 C:\xampp\htdocs\MemberCreation\system\Database\BaseConnection.php(1565): CodeIgniter\Database\BaseConnection->query('SHOW TABLES FRO...')
#3 C:\xampp\htdocs\MemberCreation\system\Database\BaseConnection.php(1585): CodeIgniter\Database\BaseConnection->listTables()
#4 C:\xampp\htdocs\MemberCreation\system\Database\MigrationRunner.php(821): CodeIgniter\Database\BaseConnection->tableExists('migrations')
#5 C:\xampp\htdocs\MemberCreation\system\Database\MigrationRunner.php(173): CodeIgniter\Database\MigrationRunner->ensureTable()
#6 C:\xampp\htdocs\MemberCreation\system\Commands\Database\Migrate.php(89): CodeIgniter\Database\MigrationRunner->latest(NULL)
#7 C:\xampp\htdocs\MemberCreation\system\CLI\SignalTrait.php(245): CodeIgniter\Commands\Database\Migrate::CodeIgniter\Commands\Database\{closure}()
#8 C:\xampp\htdocs\MemberCreation\system\Commands\Database\Migrate.php(88): CodeIgniter\Commands\Database\Migrate->withSignalsBlocked(Object(Closure))
#9 C:\xampp\htdocs\MemberCreation\system\CLI\Commands.php(74): CodeIgniter\Commands\Database\Migrate->run(Array)
#10 C:\xampp\htdocs\MemberCreation\system\CLI\Console.php(47): CodeIgniter\CLI\Commands->run('migrate', Array)
#11 C:\xampp\htdocs\MemberCreation\system\Boot.php(442): CodeIgniter\CLI\Console->run()
#12 C:\xampp\htdocs\MemberCreation\system\Boot.php(166): CodeIgniter\Boot::runCommand(Object(CodeIgniter\CLI\Console))
#13 C:\xampp\htdocs\MemberCreation\spark(87): CodeIgniter\Boot::bootSpark(Object(Config\Paths))
#14 {main}
ERROR - 2026-02-07 04:49:58 --> Error connecting to the database: mysqli_sql_exception: Unknown database 'customer_db' in C:\xampp\htdocs\MemberCreation\system\Database\MySQLi\Connection.php:201
Stack trace:
#0 C:\xampp\htdocs\MemberCreation\system\Database\MySQLi\Connection.php(201): mysqli->real_connect('localhost', 'root', Object(SensitiveParameterValue), 'customer_db', 3306, '', 0)
#1 C:\xampp\htdocs\MemberCreation\system\Database\BaseConnection.php(419): CodeIgniter\Database\MySQLi\Connection->connect(false)
#2 C:\xampp\htdocs\MemberCreation\system\Database\BaseConnection.php(654): CodeIgniter\Database\BaseConnection->initialize()
#3 C:\xampp\htdocs\MemberCreation\system\Database\BaseConnection.php(1565): CodeIgniter\Database\BaseConnection->query('SHOW TABLES FRO...')
#4 C:\xampp\htdocs\MemberCreation\system\Database\BaseConnection.php(1585): CodeIgniter\Database\BaseConnection->listTables()
#5 C:\xampp\htdocs\MemberCreation\system\Database\MigrationRunner.php(821): CodeIgniter\Database\BaseConnection->tableExists('migrations')
#6 C:\xampp\htdocs\MemberCreation\system\Database\MigrationRunner.php(173): CodeIgniter\Database\MigrationRunner->ensureTable()
#7 C:\xampp\htdocs\MemberCreation\system\Commands\Database\Migrate.php(89): CodeIgniter\Database\MigrationRunner->latest(NULL)
#8 C:\xampp\htdocs\MemberCreation\system\CLI\SignalTrait.php(245): CodeIgniter\Commands\Database\Migrate::CodeIgniter\Commands\Database\{closure}()
#9 C:\xampp\htdocs\MemberCreation\system\Commands\Database\Migrate.php(88): CodeIgniter\Commands\Database\Migrate->withSignalsBlocked(Object(Closure))
#10 C:\xampp\htdocs\MemberCreation\system\CLI\Commands.php(74): CodeIgniter\Commands\Database\Migrate->run(Array)
#11 C:\xampp\htdocs\MemberCreation\system\CLI\Console.php(47): CodeIgniter\CLI\Commands->run('migrate', Array)
#12 C:\xampp\htdocs\MemberCreation\system\Boot.php(442): CodeIgniter\CLI\Console->run()
#13 C:\xampp\htdocs\MemberCreation\system\Boot.php(166): CodeIgniter\Boot::runCommand(Object(CodeIgniter\CLI\Console))
#14 C:\xampp\htdocs\MemberCreation\spark(87): CodeIgniter\Boot::bootSpark(Object(Config\Paths))
#15 {main}

Next CodeIgniter\Database\Exceptions\DatabaseException: Unknown database 'customer_db' in C:\xampp\htdocs\MemberCreation\system\Database\MySQLi\Connection.php:231
Stack trace:
#0 C:\xampp\htdocs\MemberCreation\system\Database\BaseConnection.php(419): CodeIgniter\Database\MySQLi\Connection->connect(false)
#1 C:\xampp\htdocs\MemberCreation\system\Database\BaseConnection.php(654): CodeIgniter\Database\BaseConnection->initialize()
#2 C:\xampp\htdocs\MemberCreation\system\Database\BaseConnection.php(1565): CodeIgniter\Database\BaseConnection->query('SHOW TABLES FRO...')
#3 C:\xampp\htdocs\MemberCreation\system\Database\BaseConnection.php(1585): CodeIgniter\Database\BaseConnection->listTables()
#4 C:\xampp\htdocs\MemberCreation\system\Database\MigrationRunner.php(821): CodeIgniter\Database\BaseConnection->tableExists('migrations')
#5 C:\xampp\htdocs\MemberCreation\system\Database\MigrationRunner.php(173): CodeIgniter\Database\MigrationRunner->ensureTable()
#6 C:\xampp\htdocs\MemberCreation\system\Commands\Database\Migrate.php(89): CodeIgniter\Database\MigrationRunner->latest(NULL)
#7 C:\xampp\htdocs\MemberCreation\system\CLI\SignalTrait.php(245): CodeIgniter\Commands\Database\Migrate::CodeIgniter\Commands\Database\{closure}()
#8 C:\xampp\htdocs\MemberCreation\system\Commands\Database\Migrate.php(88): CodeIgniter\Commands\Database\Migrate->withSignalsBlocked(Object(Closure))
#9 C:\xampp\htdocs\MemberCreation\system\CLI\Commands.php(74): CodeIgniter\Commands\Database\Migrate->run(Array)
#10 C:\xampp\htdocs\MemberCreation\system\CLI\Console.php(47): CodeIgniter\CLI\Commands->run('migrate', Array)
#11 C:\xampp\htdocs\MemberCreation\system\Boot.php(442): CodeIgniter\CLI\Console->run()
#12 C:\xampp\htdocs\MemberCreation\system\Boot.php(166): CodeIgniter\Boot::runCommand(Object(CodeIgniter\CLI\Console))
#13 C:\xampp\htdocs\MemberCreation\spark(87): CodeIgniter\Boot::bootSpark(Object(Config\Paths))
#14 {main}
ERROR - 2026-02-07 05:17:46 --> Error connecting to the database: mysqli_sql_exception: No connection could be made because the target machine actively refused it in C:\xampp\htdocs\MemberCreation\system\Database\MySQLi\Connection.php:201
Stack trace:
#0 C:\xampp\htdocs\MemberCreation\system\Database\MySQLi\Connection.php(201): mysqli->real_connect('localhost', 'root', Object(SensitiveParameterValue), 'customer_db', 3306, '', 0)
#1 C:\xampp\htdocs\MemberCreation\system\Database\BaseConnection.php(419): CodeIgniter\Database\MySQLi\Connection->connect(false)
#2 C:\xampp\htdocs\MemberCreation\system\Database\BaseConnection.php(654): CodeIgniter\Database\BaseConnection->initialize()
#3 C:\xampp\htdocs\MemberCreation\system\Database\BaseBuilder.php(2345): CodeIgniter\Database\BaseConnection->query('INSERT INTO `me...', Array, false)
#4 C:\xampp\htdocs\MemberCreation\system\Model.php(356): CodeIgniter\Database\BaseBuilder->insert()
#5 C:\xampp\htdocs\MemberCreation\system\BaseModel.php(898): CodeIgniter\Model->doInsert(Array)
#6 C:\xampp\htdocs\MemberCreation\system\Model.php(665): CodeIgniter\BaseModel->insert(Array, true)
#7 C:\xampp\htdocs\MemberCreation\app\Controllers\Member.php(32): CodeIgniter\Model->insert(Array)
#8 C:\xampp\htdocs\MemberCreation\system\CodeIgniter.php(951): App\Controllers\Member->store()
#9 C:\xampp\htdocs\MemberCreation\system\CodeIgniter.php(497): CodeIgniter\CodeIgniter->runController(Object(App\Controllers\Member))
#10 C:\xampp\htdocs\MemberCreation\system\CodeIgniter.php(340): CodeIgniter\CodeIgniter->handleRequest(NULL, Object(Config\Cache), false)
#11 C:\xampp\htdocs\MemberCreation\system\Boot.php(417): CodeIgniter\CodeIgniter->run()
#12 C:\xampp\htdocs\MemberCreation\system\Boot.php(68): CodeIgniter\Boot::runCodeIgniter(Object(CodeIgniter\CodeIgniter))
#13 C:\xampp\htdocs\MemberCreation\public\index.php(59): CodeIgniter\Boot::bootWeb(Object(Config\Paths))
#14 C:\xampp\htdocs\MemberCreation\system\rewrite.php(44): require_once('C:\\xampp\\htdocs...')
#15 {main}

Next CodeIgniter\Database\Exceptions\DatabaseException: No connection could be made because the target machine actively refused it in C:\xampp\htdocs\MemberCreation\system\Database\MySQLi\Connection.php:231
Stack trace:
#0 C:\xampp\htdocs\MemberCreation\system\Database\BaseConnection.php(419): CodeIgniter\Database\MySQLi\Connection->connect(false)
#1 C:\xampp\htdocs\MemberCreation\system\Database\BaseConnection.php(654): CodeIgniter\Database\BaseConnection->initialize()
#2 C:\xampp\htdocs\MemberCreation\system\Database\BaseBuilder.php(2345): CodeIgniter\Database\BaseConnection->query('INSERT INTO `me...', Array, false)
#3 C:\xampp\htdocs\MemberCreation\system\Model.php(356): CodeIgniter\Database\BaseBuilder->insert()
#4 C:\xampp\htdocs\MemberCreation\system\BaseModel.php(898): CodeIgniter\Model->doInsert(Array)
#5 C:\xampp\htdocs\MemberCreation\system\Model.php(665): CodeIgniter\BaseModel->insert(Array, true)
#6 C:\xampp\htdocs\MemberCreation\app\Controllers\Member.php(32): CodeIgniter\Model->insert(Array)
#7 C:\xampp\htdocs\MemberCreation\system\CodeIgniter.php(951): App\Controllers\Member->store()
#8 C:\xampp\htdocs\MemberCreation\system\CodeIgniter.php(497): CodeIgniter\CodeIgniter->runController(Object(App\Controllers\Member))
#9 C:\xampp\htdocs\MemberCreation\system\CodeIgniter.php(340): CodeIgniter\CodeIgniter->handleRequest(NULL, Object(Config\Cache), false)
#10 C:\xampp\htdocs\MemberCreation\system\Boot.php(417): CodeIgniter\CodeIgniter->run()
#11 C:\xampp\htdocs\MemberCreation\system\Boot.php(68): CodeIgniter\Boot::runCodeIgniter(Object(CodeIgniter\CodeIgniter))
#12 C:\xampp\htdocs\MemberCreation\public\index.php(59): CodeIgniter\Boot::bootWeb(Object(Config\Paths))
#13 C:\xampp\htdocs\MemberCreation\system\rewrite.php(44): require_once('C:\\xampp\\htdocs...')
#14 {main}
CRITICAL - 2026-02-07 05:17:46 --> CodeIgniter\Database\Exceptions\DatabaseException: Unable to connect to the database.
Main connection [MySQLi]: No connection could be made because the target machine actively refused it
[Method: POST, Route: member/store]
in SYSTEMPATH\Database\BaseConnection.php on line 465.
 1 SYSTEMPATH\Database\BaseConnection.php(654): CodeIgniter\Database\BaseConnection->initialize()
 2 SYSTEMPATH\Database\BaseBuilder.php(2345): CodeIgniter\Database\BaseConnection->query('INSERT INTO `members` (`customer_id`, `member_code`, `title`, `name`, `residential_address`, `mobile`, `telephone`, `pincode`, `city`, `dob`, `age`, `email`, `gender`, `occupation`, `religion`, `caste`, `permanent_address`, `photo`, `signature`) VALUES (:customer_id:, :member_code:, :title:, :name:, :residential_address:, :mobile:, :telephone:, :pincode:, :city:, :dob:, :age:, :email:, :gender:, :occupation:, :religion:, :caste:, :permanent_address:, :photo:, :signature:)', [...], false)
 3 SYSTEMPATH\Model.php(356): CodeIgniter\Database\BaseBuilder->insert()
 4 SYSTEMPATH\BaseModel.php(898): CodeIgniter\Model->doInsert([...])
 5 SYSTEMPATH\Model.php(665): CodeIgniter\BaseModel->insert([...], true)
 6 APPPATH\Controllers\Member.php(32): CodeIgniter\Model->insert([...])
 7 SYSTEMPATH\CodeIgniter.php(951): App\Controllers\Member->store()
 8 SYSTEMPATH\CodeIgniter.php(497): CodeIgniter\CodeIgniter->runController(Object(App\Controllers\Member))
 9 SYSTEMPATH\CodeIgniter.php(340): CodeIgniter\CodeIgniter->handleRequest(null, Object(Config\Cache), false)
10 SYSTEMPATH\Boot.php(417): CodeIgniter\CodeIgniter->run()
11 SYSTEMPATH\Boot.php(68): CodeIgniter\Boot::runCodeIgniter(Object(CodeIgniter\CodeIgniter))
12 FCPATH\index.php(59): CodeIgniter\Boot::bootWeb(Object(Config\Paths))
13 SYSTEMPATH\rewrite.php(44): require_once('C:\\xampp\\htdocs\\MemberCreation\\public\\index.php')
ERROR - 2026-02-07 05:18:51 --> Error connecting to the database: mysqli_sql_exception: No connection could be made because the target machine actively refused it in C:\xampp\htdocs\MemberCreation\system\Database\MySQLi\Connection.php:201
Stack trace:
#0 C:\xampp\htdocs\MemberCreation\system\Database\MySQLi\Connection.php(201): mysqli->real_connect('localhost', 'root', Object(SensitiveParameterValue), 'customer_db', 3306, '', 0)
#1 C:\xampp\htdocs\MemberCreation\system\Database\BaseConnection.php(419): CodeIgniter\Database\MySQLi\Connection->connect(false)
#2 C:\xampp\htdocs\MemberCreation\system\Database\BaseConnection.php(654): CodeIgniter\Database\BaseConnection->initialize()
#3 C:\xampp\htdocs\MemberCreation\system\Database\BaseBuilder.php(2345): CodeIgniter\Database\BaseConnection->query('INSERT INTO `me...', Array, false)
#4 C:\xampp\htdocs\MemberCreation\system\Model.php(356): CodeIgniter\Database\BaseBuilder->insert()
#5 C:\xampp\htdocs\MemberCreation\system\BaseModel.php(898): CodeIgniter\Model->doInsert(Array)
#6 C:\xampp\htdocs\MemberCreation\system\Model.php(665): CodeIgniter\BaseModel->insert(Array, true)
#7 C:\xampp\htdocs\MemberCreation\app\Controllers\Member.php(32): CodeIgniter\Model->insert(Array)
#8 C:\xampp\htdocs\MemberCreation\system\CodeIgniter.php(951): App\Controllers\Member->store()
#9 C:\xampp\htdocs\MemberCreation\system\CodeIgniter.php(497): CodeIgniter\CodeIgniter->runController(Object(App\Controllers\Member))
#10 C:\xampp\htdocs\MemberCreation\system\CodeIgniter.php(340): CodeIgniter\CodeIgniter->handleRequest(NULL, Object(Config\Cache), false)
#11 C:\xampp\htdocs\MemberCreation\system\Boot.php(417): CodeIgniter\CodeIgniter->run()
#12 C:\xampp\htdocs\MemberCreation\system\Boot.php(68): CodeIgniter\Boot::runCodeIgniter(Object(CodeIgniter\CodeIgniter))
#13 C:\xampp\htdocs\MemberCreation\public\index.php(59): CodeIgniter\Boot::bootWeb(Object(Config\Paths))
#14 C:\xampp\htdocs\MemberCreation\system\rewrite.php(44): require_once('C:\\xampp\\htdocs...')
#15 {main}

Next CodeIgniter\Database\Exceptions\DatabaseException: No connection could be made because the target machine actively refused it in C:\xampp\htdocs\MemberCreation\system\Database\MySQLi\Connection.php:231
Stack trace:
#0 C:\xampp\htdocs\MemberCreation\system\Database\BaseConnection.php(419): CodeIgniter\Database\MySQLi\Connection->connect(false)
#1 C:\xampp\htdocs\MemberCreation\system\Database\BaseConnection.php(654): CodeIgniter\Database\BaseConnection->initialize()
#2 C:\xampp\htdocs\MemberCreation\system\Database\BaseBuilder.php(2345): CodeIgniter\Database\BaseConnection->query('INSERT INTO `me...', Array, false)
#3 C:\xampp\htdocs\MemberCreation\system\Model.php(356): CodeIgniter\Database\BaseBuilder->insert()
#4 C:\xampp\htdocs\MemberCreation\system\BaseModel.php(898): CodeIgniter\Model->doInsert(Array)
#5 C:\xampp\htdocs\MemberCreation\system\Model.php(665): CodeIgniter\BaseModel->insert(Array, true)
#6 C:\xampp\htdocs\MemberCreation\app\Controllers\Member.php(32): CodeIgniter\Model->insert(Array)
#7 C:\xampp\htdocs\MemberCreation\system\CodeIgniter.php(951): App\Controllers\Member->store()
#8 C:\xampp\htdocs\MemberCreation\system\CodeIgniter.php(497): CodeIgniter\CodeIgniter->runController(Object(App\Controllers\Member))
#9 C:\xampp\htdocs\MemberCreation\system\CodeIgniter.php(340): CodeIgniter\CodeIgniter->handleRequest(NULL, Object(Config\Cache), false)
#10 C:\xampp\htdocs\MemberCreation\system\Boot.php(417): CodeIgniter\CodeIgniter->run()
#11 C:\xampp\htdocs\MemberCreation\system\Boot.php(68): CodeIgniter\Boot::runCodeIgniter(Object(CodeIgniter\CodeIgniter))
#12 C:\xampp\htdocs\MemberCreation\public\index.php(59): CodeIgniter\Boot::bootWeb(Object(Config\Paths))
#13 C:\xampp\htdocs\MemberCreation\system\rewrite.php(44): require_once('C:\\xampp\\htdocs...')
#14 {main}
CRITICAL - 2026-02-07 05:18:51 --> CodeIgniter\Database\Exceptions\DatabaseException: Unable to connect to the database.
Main connection [MySQLi]: No connection could be made because the target machine actively refused it
[Method: POST, Route: member/store]
in SYSTEMPATH\Database\BaseConnection.php on line 465.
 1 SYSTEMPATH\Database\BaseConnection.php(654): CodeIgniter\Database\BaseConnection->initialize()
 2 SYSTEMPATH\Database\BaseBuilder.php(2345): CodeIgniter\Database\BaseConnection->query('INSERT INTO `members` (`customer_id`, `member_code`, `title`, `name`, `residential_address`, `mobile`, `telephone`, `pincode`, `city`, `dob`, `age`, `email`, `gender`, `occupation`, `religion`, `caste`, `permanent_address`, `photo`, `signature`) VALUES (:customer_id:, :member_code:, :title:, :name:, :residential_address:, :mobile:, :telephone:, :pincode:, :city:, :dob:, :age:, :email:, :gender:, :occupation:, :religion:, :caste:, :permanent_address:, :photo:, :signature:)', [...], false)
 3 SYSTEMPATH\Model.php(356): CodeIgniter\Database\BaseBuilder->insert()
 4 SYSTEMPATH\BaseModel.php(898): CodeIgniter\Model->doInsert([...])
 5 SYSTEMPATH\Model.php(665): CodeIgniter\BaseModel->insert([...], true)
 6 APPPATH\Controllers\Member.php(32): CodeIgniter\Model->insert([...])
 7 SYSTEMPATH\CodeIgniter.php(951): App\Controllers\Member->store()
 8 SYSTEMPATH\CodeIgniter.php(497): CodeIgniter\CodeIgniter->runController(Object(App\Controllers\Member))
 9 SYSTEMPATH\CodeIgniter.php(340): CodeIgniter\CodeIgniter->handleRequest(null, Object(Config\Cache), false)
10 SYSTEMPATH\Boot.php(417): CodeIgniter\CodeIgniter->run()
11 SYSTEMPATH\Boot.php(68): CodeIgniter\Boot::runCodeIgniter(Object(CodeIgniter\CodeIgniter))
12 FCPATH\index.php(59): CodeIgniter\Boot::bootWeb(Object(Config\Paths))
13 SYSTEMPATH\rewrite.php(44): require_once('C:\\xampp\\htdocs\\MemberCreation\\public\\index.php')
ERROR - 2026-02-07 05:19:09 --> Column 'pincode' cannot be null
in SYSTEMPATH\Database\MySQLi\Connection.php on line 300.
 1 SYSTEMPATH\Database\MySQLi\Connection.php(300): mysqli->query('INSERT INTO `members` (`customer_id`, `member_code`, `title`, `name`, `residential_address`, `mobile`, `telephone`, `pincode`, `city`, `dob`, `age`, `email`, `gender`, `occupation`, `religion`, `caste`, `permanent_address`, `photo`, `signature`) VALUES (\'102\', \'5565\', \'Mr\', \'BASAVARAJ KITTUR\', \'agoli\', \'7899656824\', NULL, NULL, NULL, \'2000-10-03\', \'26\', \'kitturbasavaraja@gmail.com\', \'Male\', \'engineer\', \'hindu\', \'lingayat\', \'agoli\', \'1770441549_cbecfcb3bc97afdfc8e2.png\', \'1770441549_905d7e031638d837b297.png\')', 0)
 2 SYSTEMPATH\Database\BaseConnection.php(769): CodeIgniter\Database\MySQLi\Connection->execute('INSERT INTO `members` (`customer_id`, `member_code`, `title`, `name`, `residential_address`, `mobile`, `telephone`, `pincode`, `city`, `dob`, `age`, `email`, `gender`, `occupation`, `religion`, `caste`, `permanent_address`, `photo`, `signature`) VALUES (\'102\', \'5565\', \'Mr\', \'BASAVARAJ KITTUR\', \'agoli\', \'7899656824\', NULL, NULL, NULL, \'2000-10-03\', \'26\', \'kitturbasavaraja@gmail.com\', \'Male\', \'engineer\', \'hindu\', \'lingayat\', \'agoli\', \'1770441549_cbecfcb3bc97afdfc8e2.png\', \'1770441549_905d7e031638d837b297.png\')')
 3 SYSTEMPATH\Database\BaseConnection.php(686): CodeIgniter\Database\BaseConnection->simpleQuery('INSERT INTO `members` (`customer_id`, `member_code`, `title`, `name`, `residential_address`, `mobile`, `telephone`, `pincode`, `city`, `dob`, `age`, `email`, `gender`, `occupation`, `religion`, `caste`, `permanent_address`, `photo`, `signature`) VALUES (\'102\', \'5565\', \'Mr\', \'BASAVARAJ KITTUR\', \'agoli\', \'7899656824\', NULL, NULL, NULL, \'2000-10-03\', \'26\', \'kitturbasavaraja@gmail.com\', \'Male\', \'engineer\', \'hindu\', \'lingayat\', \'agoli\', \'1770441549_cbecfcb3bc97afdfc8e2.png\', \'1770441549_905d7e031638d837b297.png\')')
 4 SYSTEMPATH\Database\BaseBuilder.php(2345): CodeIgniter\Database\BaseConnection->query('INSERT INTO `members` (`customer_id`, `member_code`, `title`, `name`, `residential_address`, `mobile`, `telephone`, `pincode`, `city`, `dob`, `age`, `email`, `gender`, `occupation`, `religion`, `caste`, `permanent_address`, `photo`, `signature`) VALUES (:customer_id:, :member_code:, :title:, :name:, :residential_address:, :mobile:, :telephone:, :pincode:, :city:, :dob:, :age:, :email:, :gender:, :occupation:, :religion:, :caste:, :permanent_address:, :photo:, :signature:)', [...], false)
 5 SYSTEMPATH\Model.php(356): CodeIgniter\Database\BaseBuilder->insert()
 6 SYSTEMPATH\BaseModel.php(898): CodeIgniter\Model->doInsert([...])
 7 SYSTEMPATH\Model.php(665): CodeIgniter\BaseModel->insert([...], true)
 8 APPPATH\Controllers\Member.php(32): CodeIgniter\Model->insert([...])
 9 SYSTEMPATH\CodeIgniter.php(951): App\Controllers\Member->store()
10 SYSTEMPATH\CodeIgniter.php(497): CodeIgniter\CodeIgniter->runController(Object(App\Controllers\Member))
11 SYSTEMPATH\CodeIgniter.php(340): CodeIgniter\CodeIgniter->handleRequest(null, Object(Config\Cache), false)
12 SYSTEMPATH\Boot.php(417): CodeIgniter\CodeIgniter->run()
13 SYSTEMPATH\Boot.php(68): CodeIgniter\Boot::runCodeIgniter(Object(CodeIgniter\CodeIgniter))
14 FCPATH\index.php(59): CodeIgniter\Boot::bootWeb(Object(Config\Paths))
15 SYSTEMPATH\rewrite.php(44): require_once('C:\\xampp\\htdocs\\MemberCreation\\public\\index.php')
CRITICAL - 2026-02-07 05:19:09 --> CodeIgniter\Database\Exceptions\DatabaseException: Column 'pincode' cannot be null
[Method: POST, Route: member/store]
in SYSTEMPATH\Database\BaseConnection.php on line 724.
 1 SYSTEMPATH\Database\BaseBuilder.php(2345): CodeIgniter\Database\BaseConnection->query('INSERT INTO `members` (`customer_id`, `member_code`, `title`, `name`, `residential_address`, `mobile`, `telephone`, `pincode`, `city`, `dob`, `age`, `email`, `gender`, `occupation`, `religion`, `caste`, `permanent_address`, `photo`, `signature`) VALUES (:customer_id:, :member_code:, :title:, :name:, :residential_address:, :mobile:, :telephone:, :pincode:, :city:, :dob:, :age:, :email:, :gender:, :occupation:, :religion:, :caste:, :permanent_address:, :photo:, :signature:)', [...], false)
 2 SYSTEMPATH\Model.php(356): CodeIgniter\Database\BaseBuilder->insert()
 3 SYSTEMPATH\BaseModel.php(898): CodeIgniter\Model->doInsert([...])
 4 SYSTEMPATH\Model.php(665): CodeIgniter\BaseModel->insert([...], true)
 5 APPPATH\Controllers\Member.php(32): CodeIgniter\Model->insert([...])
 6 SYSTEMPATH\CodeIgniter.php(951): App\Controllers\Member->store()
 7 SYSTEMPATH\CodeIgniter.php(497): CodeIgniter\CodeIgniter->runController(Object(App\Controllers\Member))
 8 SYSTEMPATH\CodeIgniter.php(340): CodeIgniter\CodeIgniter->handleRequest(null, Object(Config\Cache), false)
 9 SYSTEMPATH\Boot.php(417): CodeIgniter\CodeIgniter->run()
10 SYSTEMPATH\Boot.php(68): CodeIgniter\Boot::runCodeIgniter(Object(CodeIgniter\CodeIgniter))
11 FCPATH\index.php(59): CodeIgniter\Boot::bootWeb(Object(Config\Paths))
12 SYSTEMPATH\rewrite.php(44): require_once('C:\\xampp\\htdocs\\MemberCreation\\public\\index.php')
CRITICAL - 2026-02-07 05:19:09 --> [Caused by] CodeIgniter\Database\Exceptions\DatabaseException: Column 'pincode' cannot be null
in SYSTEMPATH\Database\MySQLi\Connection.php on line 310.
 1 SYSTEMPATH\Database\BaseConnection.php(769): CodeIgniter\Database\MySQLi\Connection->execute('INSERT INTO `members` (`customer_id`, `member_code`, `title`, `name`, `residential_address`, `mobile`, `telephone`, `pincode`, `city`, `dob`, `age`, `email`, `gender`, `occupation`, `religion`, `caste`, `permanent_address`, `photo`, `signature`) VALUES (\'102\', \'5565\', \'Mr\', \'BASAVARAJ KITTUR\', \'agoli\', \'7899656824\', NULL, NULL, NULL, \'2000-10-03\', \'26\', \'kitturbasavaraja@gmail.com\', \'Male\', \'engineer\', \'hindu\', \'lingayat\', \'agoli\', \'1770441549_cbecfcb3bc97afdfc8e2.png\', \'1770441549_905d7e031638d837b297.png\')')
 2 SYSTEMPATH\Database\BaseConnection.php(686): CodeIgniter\Database\BaseConnection->simpleQuery('INSERT INTO `members` (`customer_id`, `member_code`, `title`, `name`, `residential_address`, `mobile`, `telephone`, `pincode`, `city`, `dob`, `age`, `email`, `gender`, `occupation`, `religion`, `caste`, `permanent_address`, `photo`, `signature`) VALUES (\'102\', \'5565\', \'Mr\', \'BASAVARAJ KITTUR\', \'agoli\', \'7899656824\', NULL, NULL, NULL, \'2000-10-03\', \'26\', \'kitturbasavaraja@gmail.com\', \'Male\', \'engineer\', \'hindu\', \'lingayat\', \'agoli\', \'1770441549_cbecfcb3bc97afdfc8e2.png\', \'1770441549_905d7e031638d837b297.png\')')
 3 SYSTEMPATH\Database\BaseBuilder.php(2345): CodeIgniter\Database\BaseConnection->query('INSERT INTO `members` (`customer_id`, `member_code`, `title`, `name`, `residential_address`, `mobile`, `telephone`, `pincode`, `city`, `dob`, `age`, `email`, `gender`, `occupation`, `religion`, `caste`, `permanent_address`, `photo`, `signature`) VALUES (:customer_id:, :member_code:, :title:, :name:, :residential_address:, :mobile:, :telephone:, :pincode:, :city:, :dob:, :age:, :email:, :gender:, :occupation:, :religion:, :caste:, :permanent_address:, :photo:, :signature:)', [...], false)
 4 SYSTEMPATH\Model.php(356): CodeIgniter\Database\BaseBuilder->insert()
 5 SYSTEMPATH\BaseModel.php(898): CodeIgniter\Model->doInsert([...])
 6 SYSTEMPATH\Model.php(665): CodeIgniter\BaseModel->insert([...], true)
 7 APPPATH\Controllers\Member.php(32): CodeIgniter\Model->insert([...])
 8 SYSTEMPATH\CodeIgniter.php(951): App\Controllers\Member->store()
 9 SYSTEMPATH\CodeIgniter.php(497): CodeIgniter\CodeIgniter->runController(Object(App\Controllers\Member))
10 SYSTEMPATH\CodeIgniter.php(340): CodeIgniter\CodeIgniter->handleRequest(null, Object(Config\Cache), false)
11 SYSTEMPATH\Boot.php(417): CodeIgniter\CodeIgniter->run()
12 SYSTEMPATH\Boot.php(68): CodeIgniter\Boot::runCodeIgniter(Object(CodeIgniter\CodeIgniter))
13 FCPATH\index.php(59): CodeIgniter\Boot::bootWeb(Object(Config\Paths))
14 SYSTEMPATH\rewrite.php(44): require_once('C:\\xampp\\htdocs\\MemberCreation\\public\\index.php')
CRITICAL - 2026-02-07 05:19:09 --> [Caused by] mysqli_sql_exception: Column 'pincode' cannot be null
in SYSTEMPATH\Database\MySQLi\Connection.php on line 300.
 1 SYSTEMPATH\Database\MySQLi\Connection.php(300): mysqli->query('INSERT INTO `members` (`customer_id`, `member_code`, `title`, `name`, `residential_address`, `mobile`, `telephone`, `pincode`, `city`, `dob`, `age`, `email`, `gender`, `occupation`, `religion`, `caste`, `permanent_address`, `photo`, `signature`) VALUES (\'102\', \'5565\', \'Mr\', \'BASAVARAJ KITTUR\', \'agoli\', \'7899656824\', NULL, NULL, NULL, \'2000-10-03\', \'26\', \'kitturbasavaraja@gmail.com\', \'Male\', \'engineer\', \'hindu\', \'lingayat\', \'agoli\', \'1770441549_cbecfcb3bc97afdfc8e2.png\', \'1770441549_905d7e031638d837b297.png\')', 0)
 2 SYSTEMPATH\Database\BaseConnection.php(769): CodeIgniter\Database\MySQLi\Connection->execute('INSERT INTO `members` (`customer_id`, `member_code`, `title`, `name`, `residential_address`, `mobile`, `telephone`, `pincode`, `city`, `dob`, `age`, `email`, `gender`, `occupation`, `religion`, `caste`, `permanent_address`, `photo`, `signature`) VALUES (\'102\', \'5565\', \'Mr\', \'BASAVARAJ KITTUR\', \'agoli\', \'7899656824\', NULL, NULL, NULL, \'2000-10-03\', \'26\', \'kitturbasavaraja@gmail.com\', \'Male\', \'engineer\', \'hindu\', \'lingayat\', \'agoli\', \'1770441549_cbecfcb3bc97afdfc8e2.png\', \'1770441549_905d7e031638d837b297.png\')')
 3 SYSTEMPATH\Database\BaseConnection.php(686): CodeIgniter\Database\BaseConnection->simpleQuery('INSERT INTO `members` (`customer_id`, `member_code`, `title`, `name`, `residential_address`, `mobile`, `telephone`, `pincode`, `city`, `dob`, `age`, `email`, `gender`, `occupation`, `religion`, `caste`, `permanent_address`, `photo`, `signature`) VALUES (\'102\', \'5565\', \'Mr\', \'BASAVARAJ KITTUR\', \'agoli\', \'7899656824\', NULL, NULL, NULL, \'2000-10-03\', \'26\', \'kitturbasavaraja@gmail.com\', \'Male\', \'engineer\', \'hindu\', \'lingayat\', \'agoli\', \'1770441549_cbecfcb3bc97afdfc8e2.png\', \'1770441549_905d7e031638d837b297.png\')')
 4 SYSTEMPATH\Database\BaseBuilder.php(2345): CodeIgniter\Database\BaseConnection->query('INSERT INTO `members` (`customer_id`, `member_code`, `title`, `name`, `residential_address`, `mobile`, `telephone`, `pincode`, `city`, `dob`, `age`, `email`, `gender`, `occupation`, `religion`, `caste`, `permanent_address`, `photo`, `signature`) VALUES (:customer_id:, :member_code:, :title:, :name:, :residential_address:, :mobile:, :telephone:, :pincode:, :city:, :dob:, :age:, :email:, :gender:, :occupation:, :religion:, :caste:, :permanent_address:, :photo:, :signature:)', [...], false)
 5 SYSTEMPATH\Model.php(356): CodeIgniter\Database\BaseBuilder->insert()
 6 SYSTEMPATH\BaseModel.php(898): CodeIgniter\Model->doInsert([...])
 7 SYSTEMPATH\Model.php(665): CodeIgniter\BaseModel->insert([...], true)
 8 APPPATH\Controllers\Member.php(32): CodeIgniter\Model->insert([...])
 9 SYSTEMPATH\CodeIgniter.php(951): App\Controllers\Member->store()
10 SYSTEMPATH\CodeIgniter.php(497): CodeIgniter\CodeIgniter->runController(Object(App\Controllers\Member))
11 SYSTEMPATH\CodeIgniter.php(340): CodeIgniter\CodeIgniter->handleRequest(null, Object(Config\Cache), false)
12 SYSTEMPATH\Boot.php(417): CodeIgniter\CodeIgniter->run()
13 SYSTEMPATH\Boot.php(68): CodeIgniter\Boot::runCodeIgniter(Object(CodeIgniter\CodeIgniter))
14 FCPATH\index.php(59): CodeIgniter\Boot::bootWeb(Object(Config\Paths))
15 SYSTEMPATH\rewrite.php(44): require_once('C:\\xampp\\htdocs\\MemberCreation\\public\\index.php')
ERROR - 2026-02-07 05:19:09 --> Column 'pincode' cannot be null
in SYSTEMPATH\Database\MySQLi\Connection.php on line 300.
 1 SYSTEMPATH\Database\MySQLi\Connection.php(300): mysqli->query('INSERT INTO `members` (`customer_id`, `member_code`, `title`, `name`, `residential_address`, `mobile`, `telephone`, `pincode`, `city`, `dob`, `age`, `email`, `gender`, `occupation`, `religion`, `caste`, `permanent_address`, `photo`, `signature`) VALUES (\'102\', \'5565\', \'Mr\', \'BASAVARAJ KITTUR\', \'agoli\', \'7899656824\', NULL, NULL, NULL, \'2000-10-03\', \'26\', \'kitturbasavaraja@gmail.com\', \'Male\', \'engineer\', \'hindu\', \'lingayat\', \'agoli\', \'1770441549_41002695392b9e107932.png\', \'1770441549_5e00142ee401262ed81f.png\')', 0)
 2 SYSTEMPATH\Database\BaseConnection.php(769): CodeIgniter\Database\MySQLi\Connection->execute('INSERT INTO `members` (`customer_id`, `member_code`, `title`, `name`, `residential_address`, `mobile`, `telephone`, `pincode`, `city`, `dob`, `age`, `email`, `gender`, `occupation`, `religion`, `caste`, `permanent_address`, `photo`, `signature`) VALUES (\'102\', \'5565\', \'Mr\', \'BASAVARAJ KITTUR\', \'agoli\', \'7899656824\', NULL, NULL, NULL, \'2000-10-03\', \'26\', \'kitturbasavaraja@gmail.com\', \'Male\', \'engineer\', \'hindu\', \'lingayat\', \'agoli\', \'1770441549_41002695392b9e107932.png\', \'1770441549_5e00142ee401262ed81f.png\')')
 3 SYSTEMPATH\Database\BaseConnection.php(686): CodeIgniter\Database\BaseConnection->simpleQuery('INSERT INTO `members` (`customer_id`, `member_code`, `title`, `name`, `residential_address`, `mobile`, `telephone`, `pincode`, `city`, `dob`, `age`, `email`, `gender`, `occupation`, `religion`, `caste`, `permanent_address`, `photo`, `signature`) VALUES (\'102\', \'5565\', \'Mr\', \'BASAVARAJ KITTUR\', \'agoli\', \'7899656824\', NULL, NULL, NULL, \'2000-10-03\', \'26\', \'kitturbasavaraja@gmail.com\', \'Male\', \'engineer\', \'hindu\', \'lingayat\', \'agoli\', \'1770441549_41002695392b9e107932.png\', \'1770441549_5e00142ee401262ed81f.png\')')
 4 SYSTEMPATH\Database\BaseBuilder.php(2345): CodeIgniter\Database\BaseConnection->query('INSERT INTO `members` (`customer_id`, `member_code`, `title`, `name`, `residential_address`, `mobile`, `telephone`, `pincode`, `city`, `dob`, `age`, `email`, `gender`, `occupation`, `religion`, `caste`, `permanent_address`, `photo`, `signature`) VALUES (:customer_id:, :member_code:, :title:, :name:, :residential_address:, :mobile:, :telephone:, :pincode:, :city:, :dob:, :age:, :email:, :gender:, :occupation:, :religion:, :caste:, :permanent_address:, :photo:, :signature:)', [...], false)
 5 SYSTEMPATH\Model.php(356): CodeIgniter\Database\BaseBuilder->insert()
 6 SYSTEMPATH\BaseModel.php(898): CodeIgniter\Model->doInsert([...])
 7 SYSTEMPATH\Model.php(665): CodeIgniter\BaseModel->insert([...], true)
 8 APPPATH\Controllers\Member.php(32): CodeIgniter\Model->insert([...])
 9 SYSTEMPATH\CodeIgniter.php(951): App\Controllers\Member->store()
10 SYSTEMPATH\CodeIgniter.php(497): CodeIgniter\CodeIgniter->runController(Object(App\Controllers\Member))
11 SYSTEMPATH\CodeIgniter.php(340): CodeIgniter\CodeIgniter->handleRequest(null, Object(Config\Cache), false)
12 SYSTEMPATH\Boot.php(417): CodeIgniter\CodeIgniter->run()
13 SYSTEMPATH\Boot.php(68): CodeIgniter\Boot::runCodeIgniter(Object(CodeIgniter\CodeIgniter))
14 FCPATH\index.php(59): CodeIgniter\Boot::bootWeb(Object(Config\Paths))
15 SYSTEMPATH\rewrite.php(44): require_once('C:\\xampp\\htdocs\\MemberCreation\\public\\index.php')
CRITICAL - 2026-02-07 05:19:09 --> CodeIgniter\Database\Exceptions\DatabaseException: Column 'pincode' cannot be null
[Method: POST, Route: member/store]
in SYSTEMPATH\Database\BaseConnection.php on line 724.
 1 SYSTEMPATH\Database\BaseBuilder.php(2345): CodeIgniter\Database\BaseConnection->query('INSERT INTO `members` (`customer_id`, `member_code`, `title`, `name`, `residential_address`, `mobile`, `telephone`, `pincode`, `city`, `dob`, `age`, `email`, `gender`, `occupation`, `religion`, `caste`, `permanent_address`, `photo`, `signature`) VALUES (:customer_id:, :member_code:, :title:, :name:, :residential_address:, :mobile:, :telephone:, :pincode:, :city:, :dob:, :age:, :email:, :gender:, :occupation:, :religion:, :caste:, :permanent_address:, :photo:, :signature:)', [...], false)
 2 SYSTEMPATH\Model.php(356): CodeIgniter\Database\BaseBuilder->insert()
 3 SYSTEMPATH\BaseModel.php(898): CodeIgniter\Model->doInsert([...])
 4 SYSTEMPATH\Model.php(665): CodeIgniter\BaseModel->insert([...], true)
 5 APPPATH\Controllers\Member.php(32): CodeIgniter\Model->insert([...])
 6 SYSTEMPATH\CodeIgniter.php(951): App\Controllers\Member->store()
 7 SYSTEMPATH\CodeIgniter.php(497): CodeIgniter\CodeIgniter->runController(Object(App\Controllers\Member))
 8 SYSTEMPATH\CodeIgniter.php(340): CodeIgniter\CodeIgniter->handleRequest(null, Object(Config\Cache), false)
 9 SYSTEMPATH\Boot.php(417): CodeIgniter\CodeIgniter->run()
10 SYSTEMPATH\Boot.php(68): CodeIgniter\Boot::runCodeIgniter(Object(CodeIgniter\CodeIgniter))
11 FCPATH\index.php(59): CodeIgniter\Boot::bootWeb(Object(Config\Paths))
12 SYSTEMPATH\rewrite.php(44): require_once('C:\\xampp\\htdocs\\MemberCreation\\public\\index.php')
CRITICAL - 2026-02-07 05:19:09 --> [Caused by] CodeIgniter\Database\Exceptions\DatabaseException: Column 'pincode' cannot be null
in SYSTEMPATH\Database\MySQLi\Connection.php on line 310.
 1 SYSTEMPATH\Database\BaseConnection.php(769): CodeIgniter\Database\MySQLi\Connection->execute('INSERT INTO `members` (`customer_id`, `member_code`, `title`, `name`, `residential_address`, `mobile`, `telephone`, `pincode`, `city`, `dob`, `age`, `email`, `gender`, `occupation`, `religion`, `caste`, `permanent_address`, `photo`, `signature`) VALUES (\'102\', \'5565\', \'Mr\', \'BASAVARAJ KITTUR\', \'agoli\', \'7899656824\', NULL, NULL, NULL, \'2000-10-03\', \'26\', \'kitturbasavaraja@gmail.com\', \'Male\', \'engineer\', \'hindu\', \'lingayat\', \'agoli\', \'1770441549_41002695392b9e107932.png\', \'1770441549_5e00142ee401262ed81f.png\')')
 2 SYSTEMPATH\Database\BaseConnection.php(686): CodeIgniter\Database\BaseConnection->simpleQuery('INSERT INTO `members` (`customer_id`, `member_code`, `title`, `name`, `residential_address`, `mobile`, `telephone`, `pincode`, `city`, `dob`, `age`, `email`, `gender`, `occupation`, `religion`, `caste`, `permanent_address`, `photo`, `signature`) VALUES (\'102\', \'5565\', \'Mr\', \'BASAVARAJ KITTUR\', \'agoli\', \'7899656824\', NULL, NULL, NULL, \'2000-10-03\', \'26\', \'kitturbasavaraja@gmail.com\', \'Male\', \'engineer\', \'hindu\', \'lingayat\', \'agoli\', \'1770441549_41002695392b9e107932.png\', \'1770441549_5e00142ee401262ed81f.png\')')
 3 SYSTEMPATH\Database\BaseBuilder.php(2345): CodeIgniter\Database\BaseConnection->query('INSERT INTO `members` (`customer_id`, `member_code`, `title`, `name`, `residential_address`, `mobile`, `telephone`, `pincode`, `city`, `dob`, `age`, `email`, `gender`, `occupation`, `religion`, `caste`, `permanent_address`, `photo`, `signature`) VALUES (:customer_id:, :member_code:, :title:, :name:, :residential_address:, :mobile:, :telephone:, :pincode:, :city:, :dob:, :age:, :email:, :gender:, :occupation:, :religion:, :caste:, :permanent_address:, :photo:, :signature:)', [...], false)
 4 SYSTEMPATH\Model.php(356): CodeIgniter\Database\BaseBuilder->insert()
 5 SYSTEMPATH\BaseModel.php(898): CodeIgniter\Model->doInsert([...])
 6 SYSTEMPATH\Model.php(665): CodeIgniter\BaseModel->insert([...], true)
 7 APPPATH\Controllers\Member.php(32): CodeIgniter\Model->insert([...])
 8 SYSTEMPATH\CodeIgniter.php(951): App\Controllers\Member->store()
 9 SYSTEMPATH\CodeIgniter.php(497): CodeIgniter\CodeIgniter->runController(Object(App\Controllers\Member))
10 SYSTEMPATH\CodeIgniter.php(340): CodeIgniter\CodeIgniter->handleRequest(null, Object(Config\Cache), false)
11 SYSTEMPATH\Boot.php(417): CodeIgniter\CodeIgniter->run()
12 SYSTEMPATH\Boot.php(68): CodeIgniter\Boot::runCodeIgniter(Object(CodeIgniter\CodeIgniter))
13 FCPATH\index.php(59): CodeIgniter\Boot::bootWeb(Object(Config\Paths))
14 SYSTEMPATH\rewrite.php(44): require_once('C:\\xampp\\htdocs\\MemberCreation\\public\\index.php')
CRITICAL - 2026-02-07 05:19:09 --> [Caused by] mysqli_sql_exception: Column 'pincode' cannot be null
in SYSTEMPATH\Database\MySQLi\Connection.php on line 300.
 1 SYSTEMPATH\Database\MySQLi\Connection.php(300): mysqli->query('INSERT INTO `members` (`customer_id`, `member_code`, `title`, `name`, `residential_address`, `mobile`, `telephone`, `pincode`, `city`, `dob`, `age`, `email`, `gender`, `occupation`, `religion`, `caste`, `permanent_address`, `photo`, `signature`) VALUES (\'102\', \'5565\', \'Mr\', \'BASAVARAJ KITTUR\', \'agoli\', \'7899656824\', NULL, NULL, NULL, \'2000-10-03\', \'26\', \'kitturbasavaraja@gmail.com\', \'Male\', \'engineer\', \'hindu\', \'lingayat\', \'agoli\', \'1770441549_41002695392b9e107932.png\', \'1770441549_5e00142ee401262ed81f.png\')', 0)
 2 SYSTEMPATH\Database\BaseConnection.php(769): CodeIgniter\Database\MySQLi\Connection->execute('INSERT INTO `members` (`customer_id`, `member_code`, `title`, `name`, `residential_address`, `mobile`, `telephone`, `pincode`, `city`, `dob`, `age`, `email`, `gender`, `occupation`, `religion`, `caste`, `permanent_address`, `photo`, `signature`) VALUES (\'102\', \'5565\', \'Mr\', \'BASAVARAJ KITTUR\', \'agoli\', \'7899656824\', NULL, NULL, NULL, \'2000-10-03\', \'26\', \'kitturbasavaraja@gmail.com\', \'Male\', \'engineer\', \'hindu\', \'lingayat\', \'agoli\', \'1770441549_41002695392b9e107932.png\', \'1770441549_5e00142ee401262ed81f.png\')')
 3 SYSTEMPATH\Database\BaseConnection.php(686): CodeIgniter\Database\BaseConnection->simpleQuery('INSERT INTO `members` (`customer_id`, `member_code`, `title`, `name`, `residential_address`, `mobile`, `telephone`, `pincode`, `city`, `dob`, `age`, `email`, `gender`, `occupation`, `religion`, `caste`, `permanent_address`, `photo`, `signature`) VALUES (\'102\', \'5565\', \'Mr\', \'BASAVARAJ KITTUR\', \'agoli\', \'7899656824\', NULL, NULL, NULL, \'2000-10-03\', \'26\', \'kitturbasavaraja@gmail.com\', \'Male\', \'engineer\', \'hindu\', \'lingayat\', \'agoli\', \'1770441549_41002695392b9e107932.png\', \'1770441549_5e00142ee401262ed81f.png\')')
 4 SYSTEMPATH\Database\BaseBuilder.php(2345): CodeIgniter\Database\BaseConnection->query('INSERT INTO `members` (`customer_id`, `member_code`, `title`, `name`, `residential_address`, `mobile`, `telephone`, `pincode`, `city`, `dob`, `age`, `email`, `gender`, `occupation`, `religion`, `caste`, `permanent_address`, `photo`, `signature`) VALUES (:customer_id:, :member_code:, :title:, :name:, :residential_address:, :mobile:, :telephone:, :pincode:, :city:, :dob:, :age:, :email:, :gender:, :occupation:, :religion:, :caste:, :permanent_address:, :photo:, :signature:)', [...], false)
 5 SYSTEMPATH\Model.php(356): CodeIgniter\Database\BaseBuilder->insert()
 6 SYSTEMPATH\BaseModel.php(898): CodeIgniter\Model->doInsert([...])
 7 SYSTEMPATH\Model.php(665): CodeIgniter\BaseModel->insert([...], true)
 8 APPPATH\Controllers\Member.php(32): CodeIgniter\Model->insert([...])
 9 SYSTEMPATH\CodeIgniter.php(951): App\Controllers\Member->store()
10 SYSTEMPATH\CodeIgniter.php(497): CodeIgniter\CodeIgniter->runController(Object(App\Controllers\Member))
11 SYSTEMPATH\CodeIgniter.php(340): CodeIgniter\CodeIgniter->handleRequest(null, Object(Config\Cache), false)
12 SYSTEMPATH\Boot.php(417): CodeIgniter\CodeIgniter->run()
13 SYSTEMPATH\Boot.php(68): CodeIgniter\Boot::runCodeIgniter(Object(CodeIgniter\CodeIgniter))
14 FCPATH\index.php(59): CodeIgniter\Boot::bootWeb(Object(Config\Paths))
15 SYSTEMPATH\rewrite.php(44): require_once('C:\\xampp\\htdocs\\MemberCreation\\public\\index.php')
ERROR - 2026-02-07 05:22:17 --> Column 'city' cannot be null
in SYSTEMPATH\Database\MySQLi\Connection.php on line 300.
 1 SYSTEMPATH\Database\MySQLi\Connection.php(300): mysqli->query('INSERT INTO `members` (`customer_id`, `member_code`, `title`, `name`, `residential_address`, `mobile`, `telephone`, `pincode`, `city`, `dob`, `age`, `email`, `gender`, `occupation`, `religion`, `caste`, `permanent_address`, `photo`, `signature`) VALUES (\'102\', \'5565\', \'Mr\', \'BASAVARAJ KITTUR\', \'agoli\', \'7899656824\', NULL, \'959596\', NULL, \'\', \'26\', \'kitturbasavaraja@gmail.com\', \'Male\', \'engineer\', \'hindu\', \'lingayat\', \'agoli\', \'1770441737_1027af3ec9d0b64fe757.png\', \'1770441737_46349a5fe75a2c7f150f.png\')', 0)
 2 SYSTEMPATH\Database\BaseConnection.php(769): CodeIgniter\Database\MySQLi\Connection->execute('INSERT INTO `members` (`customer_id`, `member_code`, `title`, `name`, `residential_address`, `mobile`, `telephone`, `pincode`, `city`, `dob`, `age`, `email`, `gender`, `occupation`, `religion`, `caste`, `permanent_address`, `photo`, `signature`) VALUES (\'102\', \'5565\', \'Mr\', \'BASAVARAJ KITTUR\', \'agoli\', \'7899656824\', NULL, \'959596\', NULL, \'\', \'26\', \'kitturbasavaraja@gmail.com\', \'Male\', \'engineer\', \'hindu\', \'lingayat\', \'agoli\', \'1770441737_1027af3ec9d0b64fe757.png\', \'1770441737_46349a5fe75a2c7f150f.png\')')
 3 SYSTEMPATH\Database\BaseConnection.php(686): CodeIgniter\Database\BaseConnection->simpleQuery('INSERT INTO `members` (`customer_id`, `member_code`, `title`, `name`, `residential_address`, `mobile`, `telephone`, `pincode`, `city`, `dob`, `age`, `email`, `gender`, `occupation`, `religion`, `caste`, `permanent_address`, `photo`, `signature`) VALUES (\'102\', \'5565\', \'Mr\', \'BASAVARAJ KITTUR\', \'agoli\', \'7899656824\', NULL, \'959596\', NULL, \'\', \'26\', \'kitturbasavaraja@gmail.com\', \'Male\', \'engineer\', \'hindu\', \'lingayat\', \'agoli\', \'1770441737_1027af3ec9d0b64fe757.png\', \'1770441737_46349a5fe75a2c7f150f.png\')')
 4 SYSTEMPATH\Database\BaseBuilder.php(2345): CodeIgniter\Database\BaseConnection->query('INSERT INTO `members` (`customer_id`, `member_code`, `title`, `name`, `residential_address`, `mobile`, `telephone`, `pincode`, `city`, `dob`, `age`, `email`, `gender`, `occupation`, `religion`, `caste`, `permanent_address`, `photo`, `signature`) VALUES (:customer_id:, :member_code:, :title:, :name:, :residential_address:, :mobile:, :telephone:, :pincode:, :city:, :dob:, :age:, :email:, :gender:, :occupation:, :religion:, :caste:, :permanent_address:, :photo:, :signature:)', [...], false)
 5 SYSTEMPATH\Model.php(356): CodeIgniter\Database\BaseBuilder->insert()
 6 SYSTEMPATH\BaseModel.php(898): CodeIgniter\Model->doInsert([...])
 7 SYSTEMPATH\Model.php(665): CodeIgniter\BaseModel->insert([...], true)
 8 APPPATH\Controllers\Member.php(32): CodeIgniter\Model->insert([...])
 9 SYSTEMPATH\CodeIgniter.php(951): App\Controllers\Member->store()
10 SYSTEMPATH\CodeIgniter.php(497): CodeIgniter\CodeIgniter->runController(Object(App\Controllers\Member))
11 SYSTEMPATH\CodeIgniter.php(340): CodeIgniter\CodeIgniter->handleRequest(null, Object(Config\Cache), false)
12 SYSTEMPATH\Boot.php(417): CodeIgniter\CodeIgniter->run()
13 SYSTEMPATH\Boot.php(68): CodeIgniter\Boot::runCodeIgniter(Object(CodeIgniter\CodeIgniter))
14 FCPATH\index.php(59): CodeIgniter\Boot::bootWeb(Object(Config\Paths))
15 SYSTEMPATH\rewrite.php(44): require_once('C:\\xampp\\htdocs\\MemberCreation\\public\\index.php')
CRITICAL - 2026-02-07 05:22:17 --> CodeIgniter\Database\Exceptions\DatabaseException: Column 'city' cannot be null
[Method: POST, Route: member/store]
in SYSTEMPATH\Database\BaseConnection.php on line 724.
 1 SYSTEMPATH\Database\BaseBuilder.php(2345): CodeIgniter\Database\BaseConnection->query('INSERT INTO `members` (`customer_id`, `member_code`, `title`, `name`, `residential_address`, `mobile`, `telephone`, `pincode`, `city`, `dob`, `age`, `email`, `gender`, `occupation`, `religion`, `caste`, `permanent_address`, `photo`, `signature`) VALUES (:customer_id:, :member_code:, :title:, :name:, :residential_address:, :mobile:, :telephone:, :pincode:, :city:, :dob:, :age:, :email:, :gender:, :occupation:, :religion:, :caste:, :permanent_address:, :photo:, :signature:)', [...], false)
 2 SYSTEMPATH\Model.php(356): CodeIgniter\Database\BaseBuilder->insert()
 3 SYSTEMPATH\BaseModel.php(898): CodeIgniter\Model->doInsert([...])
 4 SYSTEMPATH\Model.php(665): CodeIgniter\BaseModel->insert([...], true)
 5 APPPATH\Controllers\Member.php(32): CodeIgniter\Model->insert([...])
 6 SYSTEMPATH\CodeIgniter.php(951): App\Controllers\Member->store()
 7 SYSTEMPATH\CodeIgniter.php(497): CodeIgniter\CodeIgniter->runController(Object(App\Controllers\Member))
 8 SYSTEMPATH\CodeIgniter.php(340): CodeIgniter\CodeIgniter->handleRequest(null, Object(Config\Cache), false)
 9 SYSTEMPATH\Boot.php(417): CodeIgniter\CodeIgniter->run()
10 SYSTEMPATH\Boot.php(68): CodeIgniter\Boot::runCodeIgniter(Object(CodeIgniter\CodeIgniter))
11 FCPATH\index.php(59): CodeIgniter\Boot::bootWeb(Object(Config\Paths))
12 SYSTEMPATH\rewrite.php(44): require_once('C:\\xampp\\htdocs\\MemberCreation\\public\\index.php')
CRITICAL - 2026-02-07 05:22:17 --> [Caused by] CodeIgniter\Database\Exceptions\DatabaseException: Column 'city' cannot be null
in SYSTEMPATH\Database\MySQLi\Connection.php on line 310.
 1 SYSTEMPATH\Database\BaseConnection.php(769): CodeIgniter\Database\MySQLi\Connection->execute('INSERT INTO `members` (`customer_id`, `member_code`, `title`, `name`, `residential_address`, `mobile`, `telephone`, `pincode`, `city`, `dob`, `age`, `email`, `gender`, `occupation`, `religion`, `caste`, `permanent_address`, `photo`, `signature`) VALUES (\'102\', \'5565\', \'Mr\', \'BASAVARAJ KITTUR\', \'agoli\', \'7899656824\', NULL, \'959596\', NULL, \'\', \'26\', \'kitturbasavaraja@gmail.com\', \'Male\', \'engineer\', \'hindu\', \'lingayat\', \'agoli\', \'1770441737_1027af3ec9d0b64fe757.png\', \'1770441737_46349a5fe75a2c7f150f.png\')')
 2 SYSTEMPATH\Database\BaseConnection.php(686): CodeIgniter\Database\BaseConnection->simpleQuery('INSERT INTO `members` (`customer_id`, `member_code`, `title`, `name`, `residential_address`, `mobile`, `telephone`, `pincode`, `city`, `dob`, `age`, `email`, `gender`, `occupation`, `religion`, `caste`, `permanent_address`, `photo`, `signature`) VALUES (\'102\', \'5565\', \'Mr\', \'BASAVARAJ KITTUR\', \'agoli\', \'7899656824\', NULL, \'959596\', NULL, \'\', \'26\', \'kitturbasavaraja@gmail.com\', \'Male\', \'engineer\', \'hindu\', \'lingayat\', \'agoli\', \'1770441737_1027af3ec9d0b64fe757.png\', \'1770441737_46349a5fe75a2c7f150f.png\')')
 3 SYSTEMPATH\Database\BaseBuilder.php(2345): CodeIgniter\Database\BaseConnection->query('INSERT INTO `members` (`customer_id`, `member_code`, `title`, `name`, `residential_address`, `mobile`, `telephone`, `pincode`, `city`, `dob`, `age`, `email`, `gender`, `occupation`, `religion`, `caste`, `permanent_address`, `photo`, `signature`) VALUES (:customer_id:, :member_code:, :title:, :name:, :residential_address:, :mobile:, :telephone:, :pincode:, :city:, :dob:, :age:, :email:, :gender:, :occupation:, :religion:, :caste:, :permanent_address:, :photo:, :signature:)', [...], false)
 4 SYSTEMPATH\Model.php(356): CodeIgniter\Database\BaseBuilder->insert()
 5 SYSTEMPATH\BaseModel.php(898): CodeIgniter\Model->doInsert([...])
 6 SYSTEMPATH\Model.php(665): CodeIgniter\BaseModel->insert([...], true)
 7 APPPATH\Controllers\Member.php(32): CodeIgniter\Model->insert([...])
 8 SYSTEMPATH\CodeIgniter.php(951): App\Controllers\Member->store()
 9 SYSTEMPATH\CodeIgniter.php(497): CodeIgniter\CodeIgniter->runController(Object(App\Controllers\Member))
10 SYSTEMPATH\CodeIgniter.php(340): CodeIgniter\CodeIgniter->handleRequest(null, Object(Config\Cache), false)
11 SYSTEMPATH\Boot.php(417): CodeIgniter\CodeIgniter->run()
12 SYSTEMPATH\Boot.php(68): CodeIgniter\Boot::runCodeIgniter(Object(CodeIgniter\CodeIgniter))
13 FCPATH\index.php(59): CodeIgniter\Boot::bootWeb(Object(Config\Paths))
14 SYSTEMPATH\rewrite.php(44): require_once('C:\\xampp\\htdocs\\MemberCreation\\public\\index.php')
CRITICAL - 2026-02-07 05:22:17 --> [Caused by] mysqli_sql_exception: Column 'city' cannot be null
in SYSTEMPATH\Database\MySQLi\Connection.php on line 300.
 1 SYSTEMPATH\Database\MySQLi\Connection.php(300): mysqli->query('INSERT INTO `members` (`customer_id`, `member_code`, `title`, `name`, `residential_address`, `mobile`, `telephone`, `pincode`, `city`, `dob`, `age`, `email`, `gender`, `occupation`, `religion`, `caste`, `permanent_address`, `photo`, `signature`) VALUES (\'102\', \'5565\', \'Mr\', \'BASAVARAJ KITTUR\', \'agoli\', \'7899656824\', NULL, \'959596\', NULL, \'\', \'26\', \'kitturbasavaraja@gmail.com\', \'Male\', \'engineer\', \'hindu\', \'lingayat\', \'agoli\', \'1770441737_1027af3ec9d0b64fe757.png\', \'1770441737_46349a5fe75a2c7f150f.png\')', 0)
 2 SYSTEMPATH\Database\BaseConnection.php(769): CodeIgniter\Database\MySQLi\Connection->execute('INSERT INTO `members` (`customer_id`, `member_code`, `title`, `name`, `residential_address`, `mobile`, `telephone`, `pincode`, `city`, `dob`, `age`, `email`, `gender`, `occupation`, `religion`, `caste`, `permanent_address`, `photo`, `signature`) VALUES (\'102\', \'5565\', \'Mr\', \'BASAVARAJ KITTUR\', \'agoli\', \'7899656824\', NULL, \'959596\', NULL, \'\', \'26\', \'kitturbasavaraja@gmail.com\', \'Male\', \'engineer\', \'hindu\', \'lingayat\', \'agoli\', \'1770441737_1027af3ec9d0b64fe757.png\', \'1770441737_46349a5fe75a2c7f150f.png\')')
 3 SYSTEMPATH\Database\BaseConnection.php(686): CodeIgniter\Database\BaseConnection->simpleQuery('INSERT INTO `members` (`customer_id`, `member_code`, `title`, `name`, `residential_address`, `mobile`, `telephone`, `pincode`, `city`, `dob`, `age`, `email`, `gender`, `occupation`, `religion`, `caste`, `permanent_address`, `photo`, `signature`) VALUES (\'102\', \'5565\', \'Mr\', \'BASAVARAJ KITTUR\', \'agoli\', \'7899656824\', NULL, \'959596\', NULL, \'\', \'26\', \'kitturbasavaraja@gmail.com\', \'Male\', \'engineer\', \'hindu\', \'lingayat\', \'agoli\', \'1770441737_1027af3ec9d0b64fe757.png\', \'1770441737_46349a5fe75a2c7f150f.png\')')
 4 SYSTEMPATH\Database\BaseBuilder.php(2345): CodeIgniter\Database\BaseConnection->query('INSERT INTO `members` (`customer_id`, `member_code`, `title`, `name`, `residential_address`, `mobile`, `telephone`, `pincode`, `city`, `dob`, `age`, `email`, `gender`, `occupation`, `religion`, `caste`, `permanent_address`, `photo`, `signature`) VALUES (:customer_id:, :member_code:, :title:, :name:, :residential_address:, :mobile:, :telephone:, :pincode:, :city:, :dob:, :age:, :email:, :gender:, :occupation:, :religion:, :caste:, :permanent_address:, :photo:, :signature:)', [...], false)
 5 SYSTEMPATH\Model.php(356): CodeIgniter\Database\BaseBuilder->insert()
 6 SYSTEMPATH\BaseModel.php(898): CodeIgniter\Model->doInsert([...])
 7 SYSTEMPATH\Model.php(665): CodeIgniter\BaseModel->insert([...], true)
 8 APPPATH\Controllers\Member.php(32): CodeIgniter\Model->insert([...])
 9 SYSTEMPATH\CodeIgniter.php(951): App\Controllers\Member->store()
10 SYSTEMPATH\CodeIgniter.php(497): CodeIgniter\CodeIgniter->runController(Object(App\Controllers\Member))
11 SYSTEMPATH\CodeIgniter.php(340): CodeIgniter\CodeIgniter->handleRequest(null, Object(Config\Cache), false)
12 SYSTEMPATH\Boot.php(417): CodeIgniter\CodeIgniter->run()
13 SYSTEMPATH\Boot.php(68): CodeIgniter\Boot::runCodeIgniter(Object(CodeIgniter\CodeIgniter))
14 FCPATH\index.php(59): CodeIgniter\Boot::bootWeb(Object(Config\Paths))
15 SYSTEMPATH\rewrite.php(44): require_once('C:\\xampp\\htdocs\\MemberCreation\\public\\index.php')
DEBUG - 2026-02-07 05:25:04 --> Session: Class initialized using 'CodeIgniter\Session\Handlers\FileHandler' driver.
CRITICAL - 2026-02-07 05:58:20 --> Error: Call to a member function isValid() on null
[Method: POST, Route: member/store]
in APPPATH\Controllers\Member.php on line 19.
 1 SYSTEMPATH\CodeIgniter.php(951): App\Controllers\Member->store()
 2 SYSTEMPATH\CodeIgniter.php(497): CodeIgniter\CodeIgniter->runController(Object(App\Controllers\Member))
 3 SYSTEMPATH\CodeIgniter.php(340): CodeIgniter\CodeIgniter->handleRequest(null, Object(Config\Cache), false)
 4 SYSTEMPATH\Boot.php(417): CodeIgniter\CodeIgniter->run()
 5 SYSTEMPATH\Boot.php(68): CodeIgniter\Boot::runCodeIgniter(Object(CodeIgniter\CodeIgniter))
 6 FCPATH\index.php(59): CodeIgniter\Boot::bootWeb(Object(Config\Paths))
 7 SYSTEMPATH\rewrite.php(44): require_once('C:\\xampp\\htdocs\\MemberCreation\\public\\index.php')
CRITICAL - 2026-02-07 06:00:09 --> Error: Call to a member function isValid() on null
[Method: POST, Route: member/store]
in APPPATH\Controllers\Member.php on line 19.
 1 SYSTEMPATH\CodeIgniter.php(951): App\Controllers\Member->store()
 2 SYSTEMPATH\CodeIgniter.php(497): CodeIgniter\CodeIgniter->runController(Object(App\Controllers\Member))
 3 SYSTEMPATH\CodeIgniter.php(340): CodeIgniter\CodeIgniter->handleRequest(null, Object(Config\Cache), false)
 4 SYSTEMPATH\Boot.php(417): CodeIgniter\CodeIgniter->run()
 5 SYSTEMPATH\Boot.php(68): CodeIgniter\Boot::runCodeIgniter(Object(CodeIgniter\CodeIgniter))
 6 FCPATH\index.php(59): CodeIgniter\Boot::bootWeb(Object(Config\Paths))
 7 SYSTEMPATH\rewrite.php(44): require_once('C:\\xampp\\htdocs\\MemberCreation\\public\\index.php')
DEBUG - 2026-02-07 06:06:15 --> Session: Class initialized using 'CodeIgniter\Session\Handlers\FileHandler' driver.
