DEBUG - 2026-02-13 04:24:45 --> Session: Class initialized using 'CodeIgniter\Session\Handlers\FileHandler' driver.
DEBUG - 2026-02-13 04:24:46 --> Session: Class initialized using 'CodeIgniter\Session\Handlers\FileHandler' driver.
DEBUG - 2026-02-13 04:25:00 --> Session: Class initialized using 'CodeIgniter\Session\Handlers\FileHandler' driver.
DEBUG - 2026-02-13 04:25:00 --> Session: Class initialized using 'CodeIgniter\Session\Handlers\FileHandler' driver.
DEBUG - 2026-02-13 04:25:31 --> Session: Class initialized using 'CodeIgniter\Session\Handlers\FileHandler' driver.
DEBUG - 2026-02-13 04:25:36 --> Session: Class initialized using 'CodeIgniter\Session\Handlers\FileHandler' driver.
DEBUG - 2026-02-13 04:57:10 --> Session: Class initialized using 'CodeIgniter\Session\Handlers\FileHandler' driver.
DEBUG - 2026-02-13 04:57:48 --> Session: Class initialized using 'CodeIgniter\Session\Handlers\FileHandler' driver.
DEBUG - 2026-02-13 04:58:33 --> Session: Class initialized using 'CodeIgniter\Session\Handlers\FileHandler' driver.
DEBUG - 2026-02-13 05:08:18 --> Session: Class initialized using 'CodeIgniter\Session\Handlers\FileHandler' driver.
DEBUG - 2026-02-13 05:09:20 --> Session: Class initialized using 'CodeIgniter\Session\Handlers\FileHandler' driver.
DEBUG - 2026-02-13 05:10:21 --> Session: Class initialized using 'CodeIgniter\Session\Handlers\FileHandler' driver.
DEBUG - 2026-02-13 05:17:09 --> Session: Class initialized using 'CodeIgniter\Session\Handlers\FileHandler' driver.
DEBUG - 2026-02-13 05:17:55 --> Session: Class initialized using 'CodeIgniter\Session\Handlers\FileHandler' driver.
DEBUG - 2026-02-13 05:20:43 --> Session: Class initialized using 'CodeIgniter\Session\Handlers\FileHandler' driver.
DEBUG - 2026-02-13 05:21:15 --> Session: Class initialized using 'CodeIgniter\Session\Handlers\FileHandler' driver.
DEBUG - 2026-02-13 05:22:20 --> Session: Class initialized using 'CodeIgniter\Session\Handlers\FileHandler' driver.
DEBUG - 2026-02-13 05:23:19 --> Session: Class initialized using 'CodeIgniter\Session\Handlers\FileHandler' driver.
DEBUG - 2026-02-13 05:24:32 --> Session: Class initialized using 'CodeIgniter\Session\Handlers\FileHandler' driver.
DEBUG - 2026-02-13 05:29:54 --> Session: Class initialized using 'CodeIgniter\Session\Handlers\FileHandler' driver.
DEBUG - 2026-02-13 05:30:44 --> Session: Class initialized using 'CodeIgniter\Session\Handlers\FileHandler' driver.
DEBUG - 2026-02-13 05:38:10 --> Session: Class initialized using 'CodeIgniter\Session\Handlers\FileHandler' driver.
DEBUG - 2026-02-13 05:43:07 --> Session: Class initialized using 'CodeIgniter\Session\Handlers\FileHandler' driver.
DEBUG - 2026-02-13 05:47:38 --> Session: Class initialized using 'CodeIgniter\Session\Handlers\FileHandler' driver.
DEBUG - 2026-02-13 05:50:06 --> Session: Class initialized using 'CodeIgniter\Session\Handlers\FileHandler' driver.
DEBUG - 2026-02-13 05:51:03 --> Session: Class initialized using 'CodeIgniter\Session\Handlers\FileHandler' driver.
DEBUG - 2026-02-13 05:52:07 --> Session: Class initialized using 'CodeIgniter\Session\Handlers\FileHandler' driver.
DEBUG - 2026-02-13 05:52:07 --> Session: Class initialized using 'CodeIgniter\Session\Handlers\FileHandler' driver.
DEBUG - 2026-02-13 05:52:10 --> Session: Class initialized using 'CodeIgniter\Session\Handlers\FileHandler' driver.
DEBUG - 2026-02-13 05:52:13 --> Session: Class initialized using 'CodeIgniter\Session\Handlers\FileHandler' driver.
DEBUG - 2026-02-13 05:52:14 --> Session: Class initialized using 'CodeIgniter\Session\Handlers\FileHandler' driver.
DEBUG - 2026-02-13 05:56:33 --> Session: Class initialized using 'CodeIgniter\Session\Handlers\FileHandler' driver.
DEBUG - 2026-02-13 05:59:46 --> Session: Class initialized using 'CodeIgniter\Session\Handlers\FileHandler' driver.
DEBUG - 2026-02-13 06:03:20 --> Session: Class initialized using 'CodeIgniter\Session\Handlers\FileHandler' driver.
DEBUG - 2026-02-13 06:04:54 --> Session: Class initialized using 'CodeIgniter\Session\Handlers\FileHandler' driver.
DEBUG - 2026-02-13 06:06:39 --> Session: Class initialized using 'CodeIgniter\Session\Handlers\FileHandler' driver.
DEBUG - 2026-02-13 06:11:17 --> Session: Class initialized using 'CodeIgniter\Session\Handlers\FileHandler' driver.
DEBUG - 2026-02-13 06:14:18 --> Session: Class initialized using 'CodeIgniter\Session\Handlers\FileHandler' driver.
DEBUG - 2026-02-13 06:20:53 --> Session: Class initialized using 'CodeIgniter\Session\Handlers\FileHandler' driver.
DEBUG - 2026-02-13 06:21:43 --> Session: Class initialized using 'CodeIgniter\Session\Handlers\FileHandler' driver.
DEBUG - 2026-02-13 06:22:16 --> Session: Class initialized using 'CodeIgniter\Session\Handlers\FileHandler' driver.
DEBUG - 2026-02-13 06:22:30 --> Session: Class initialized using 'CodeIgniter\Session\Handlers\FileHandler' driver.
DEBUG - 2026-02-13 06:22:46 --> Session: Class initialized using 'CodeIgniter\Session\Handlers\FileHandler' driver.
DEBUG - 2026-02-13 06:23:56 --> Session: Class initialized using 'CodeIgniter\Session\Handlers\FileHandler' driver.
DEBUG - 2026-02-13 06:24:57 --> Session: Class initialized using 'CodeIgniter\Session\Handlers\FileHandler' driver.
DEBUG - 2026-02-13 06:28:38 --> Session: Class initialized using 'CodeIgniter\Session\Handlers\FileHandler' driver.
DEBUG - 2026-02-13 06:32:09 --> Session: Class initialized using 'CodeIgniter\Session\Handlers\FileHandler' driver.
DEBUG - 2026-02-13 06:32:24 --> Session: Class initialized using 'CodeIgniter\Session\Handlers\FileHandler' driver.
DEBUG - 2026-02-13 06:35:29 --> Session: Class initialized using 'CodeIgniter\Session\Handlers\FileHandler' driver.
DEBUG - 2026-02-13 06:36:51 --> Session: Class initialized using 'CodeIgniter\Session\Handlers\FileHandler' driver.
DEBUG - 2026-02-13 06:36:55 --> Session: Class initialized using 'CodeIgniter\Session\Handlers\FileHandler' driver.
DEBUG - 2026-02-13 06:37:03 --> Session: Class initialized using 'CodeIgniter\Session\Handlers\FileHandler' driver.
DEBUG - 2026-02-13 06:42:40 --> Session: Class initialized using 'CodeIgniter\Session\Handlers\FileHandler' driver.
DEBUG - 2026-02-13 06:46:09 --> Session: Class initialized using 'CodeIgniter\Session\Handlers\FileHandler' driver.
DEBUG - 2026-02-13 06:46:28 --> Session: Class initialized using 'CodeIgniter\Session\Handlers\FileHandler' driver.
DEBUG - 2026-02-13 06:47:42 --> Session: Class initialized using 'CodeIgniter\Session\Handlers\FileHandler' driver.
DEBUG - 2026-02-13 06:47:51 --> Session: Class initialized using 'CodeIgniter\Session\Handlers\FileHandler' driver.
DEBUG - 2026-02-13 06:47:52 --> Session: Class initialized using 'CodeIgniter\Session\Handlers\FileHandler' driver.
DEBUG - 2026-02-13 06:48:09 --> Session: Class initialized using 'CodeIgniter\Session\Handlers\FileHandler' driver.
DEBUG - 2026-02-13 06:48:36 --> Session: Class initialized using 'CodeIgniter\Session\Handlers\FileHandler' driver.
DEBUG - 2026-02-13 06:48:51 --> Session: Class initialized using 'CodeIgniter\Session\Handlers\FileHandler' driver.
DEBUG - 2026-02-13 06:49:11 --> Session: Class initialized using 'CodeIgniter\Session\Handlers\FileHandler' driver.
DEBUG - 2026-02-13 06:49:42 --> Session: Class initialized using 'CodeIgniter\Session\Handlers\FileHandler' driver.
DEBUG - 2026-02-13 06:49:59 --> Session: Class initialized using 'CodeIgniter\Session\Handlers\FileHandler' driver.
DEBUG - 2026-02-13 06:51:18 --> Session: Class initialized using 'CodeIgniter\Session\Handlers\FileHandler' driver.
DEBUG - 2026-02-13 06:52:57 --> Session: Class initialized using 'CodeIgniter\Session\Handlers\FileHandler' driver.
DEBUG - 2026-02-13 06:53:08 --> Session: Class initialized using 'CodeIgniter\Session\Handlers\FileHandler' driver.
DEBUG - 2026-02-13 06:55:42 --> Session: Class initialized using 'CodeIgniter\Session\Handlers\FileHandler' driver.
DEBUG - 2026-02-13 06:56:17 --> Session: Class initialized using 'CodeIgniter\Session\Handlers\FileHandler' driver.
DEBUG - 2026-02-13 06:58:21 --> Session: Class initialized using 'CodeIgniter\Session\Handlers\FileHandler' driver.
DEBUG - 2026-02-13 07:03:28 --> Session: Class initialized using 'CodeIgniter\Session\Handlers\FileHandler' driver.
DEBUG - 2026-02-13 07:03:51 --> Session: Class initialized using 'CodeIgniter\Session\Handlers\FileHandler' driver.
DEBUG - 2026-02-13 07:05:51 --> Session: Class initialized using 'CodeIgniter\Session\Handlers\FileHandler' driver.
DEBUG - 2026-02-13 07:05:55 --> Session: Class initialized using 'CodeIgniter\Session\Handlers\FileHandler' driver.
DEBUG - 2026-02-13 07:06:14 --> Session: Class initialized using 'CodeIgniter\Session\Handlers\FileHandler' driver.
DEBUG - 2026-02-13 07:07:14 --> Session: Class initialized using 'CodeIgniter\Session\Handlers\FileHandler' driver.
DEBUG - 2026-02-13 07:11:54 --> Session: Class initialized using 'CodeIgniter\Session\Handlers\FileHandler' driver.
DEBUG - 2026-02-13 07:12:01 --> Session: Class initialized using 'CodeIgniter\Session\Handlers\FileHandler' driver.
DEBUG - 2026-02-13 07:12:36 --> Session: Class initialized using 'CodeIgniter\Session\Handlers\FileHandler' driver.
DEBUG - 2026-02-13 07:12:37 --> Session: Class initialized using 'CodeIgniter\Session\Handlers\FileHandler' driver.
DEBUG - 2026-02-13 07:12:47 --> Session: Class initialized using 'CodeIgniter\Session\Handlers\FileHandler' driver.
DEBUG - 2026-02-13 07:26:22 --> Session: Class initialized using 'CodeIgniter\Session\Handlers\FileHandler' driver.
DEBUG - 2026-02-13 07:30:19 --> Session: Class initialized using 'CodeIgniter\Session\Handlers\FileHandler' driver.
DEBUG - 2026-02-13 07:30:54 --> Session: Class initialized using 'CodeIgniter\Session\Handlers\FileHandler' driver.
DEBUG - 2026-02-13 07:48:24 --> Session: Class initialized using 'CodeIgniter\Session\Handlers\FileHandler' driver.
DEBUG - 2026-02-13 08:03:06 --> Session: Class initialized using 'CodeIgniter\Session\Handlers\FileHandler' driver.
DEBUG - 2026-02-13 09:07:16 --> Session: Class initialized using 'CodeIgniter\Session\Handlers\FileHandler' driver.
DEBUG - 2026-02-13 09:07:18 --> Session: Class initialized using 'CodeIgniter\Session\Handlers\FileHandler' driver.
DEBUG - 2026-02-13 09:07:22 --> Session: Class initialized using 'CodeIgniter\Session\Handlers\FileHandler' driver.
DEBUG - 2026-02-13 09:29:16 --> Session: Class initialized using 'CodeIgniter\Session\Handlers\FileHandler' driver.
DEBUG - 2026-02-13 09:35:22 --> Session: Class initialized using 'CodeIgniter\Session\Handlers\FileHandler' driver.
DEBUG - 2026-02-13 10:11:12 --> Session: Class initialized using 'CodeIgniter\Session\Handlers\FileHandler' driver.
DEBUG - 2026-02-13 10:11:20 --> Session: Class initialized using 'CodeIgniter\Session\Handlers\FileHandler' driver.
DEBUG - 2026-02-13 10:11:26 --> Session: Class initialized using 'CodeIgniter\Session\Handlers\FileHandler' driver.
DEBUG - 2026-02-13 10:11:38 --> Session: Class initialized using 'CodeIgniter\Session\Handlers\FileHandler' driver.
DEBUG - 2026-02-13 11:28:10 --> Session: Class initialized using 'CodeIgniter\Session\Handlers\FileHandler' driver.
DEBUG - 2026-02-13 11:28:19 --> Session: Class initialized using 'CodeIgniter\Session\Handlers\FileHandler' driver.
DEBUG - 2026-02-13 11:28:19 --> Session: Class initialized using 'CodeIgniter\Session\Handlers\FileHandler' driver.
DEBUG - 2026-02-13 11:35:13 --> Session: Class initialized using 'CodeIgniter\Session\Handlers\FileHandler' driver.
ERROR - 2026-02-13 11:35:13 --> Unknown column 'select_dcc_adb_bankname' in 'field list'
in SYSTEMPATH\Database\MySQLi\Connection.php on line 300.
 1 SYSTEMPATH\Database\MySQLi\Connection.php(300): mysqli->query('INSERT INTO `members` (`customer_id`, `member_code`, `title`, `name`, `father`, `residential_address`, `mobile`, `email`, `permanent_address`, `pincode`, `area`, `city`, `taluk`, `district`, `state`, `country`, `dob`, `age`, `gender`, `occupation`, `religion`, `caste`, `adhar`, `pan`, `voter`, `marital_status`, `dl_no`, `gst_no`, `passport_no`, `gas_consumer_no`, `gas_company`, `property_details`, `nominee_name`, `nominee_father`, `nominee_gender`, `nominee_relation`, `nominee_adhar`, `nominee_address`, `nominee_other_details`, `nominee_age`, `nominee_mobile`, `select_dcc_adb_bankname`, `dcc_adb_accountnumber`, `dcc_adb_ifsccode`, `dcc_adb_branchname`, `dcc_adb_rupaycard`, `dcc_adb_cheque`, `select_other_bankname`, `other_accountnumber`, `other_ifsccode`, `other_branchname`, `other_rupaycard`, `other_cheque`, `photo`, `signature`) VALUES (\'CUST003\', \'256435\', \'Mrs\', \'SPANDANA\', \'RAMESH\', \'AGOLI, GANGAVATHI,KOPPAL\', \'8867228767\', \'kkittur@gmail.com\', \'AGOLI, GANGAVATHI,KOPPAL\', \'583235\', \'agoli\', \'gangavthi\', \'ganagavtgu\', \'koppal\', \'kar\', \'ind\', \'2000-05-01\', \'25\', \'Female\', \'student\', \'hindu\', \'lingayat\', \'124565635656\', \'avsaefw\', \'sdvaf\', \'Single\', \'2665659465\', \'456498654535555\', \'865155555\', \'845\', \'hp\', \'gvwrbggwr\', \'ramesh\', \'shekharappa\', \'Male\', \'Father\', \'564566558999\', \'AGOLI, GANGAVATHI,KOPPAL\', \'AGOLI, GANGAVATHI,KOPPAL\', \'35\', \'8564658366\', \'\', \'\', \'\', \'\', \'no\', \'no\', \'\', \'\', \'\', \'\', \'no\', \'no\', \'1770982513_7bea852bad8c40598813.jpeg\', \'1770982513_572aa8fdfc64c00a1801.jpeg\')', 0)
 2 SYSTEMPATH\Database\BaseConnection.php(769): CodeIgniter\Database\MySQLi\Connection->execute('INSERT INTO `members` (`customer_id`, `member_code`, `title`, `name`, `father`, `residential_address`, `mobile`, `email`, `permanent_address`, `pincode`, `area`, `city`, `taluk`, `district`, `state`, `country`, `dob`, `age`, `gender`, `occupation`, `religion`, `caste`, `adhar`, `pan`, `voter`, `marital_status`, `dl_no`, `gst_no`, `passport_no`, `gas_consumer_no`, `gas_company`, `property_details`, `nominee_name`, `nominee_father`, `nominee_gender`, `nominee_relation`, `nominee_adhar`, `nominee_address`, `nominee_other_details`, `nominee_age`, `nominee_mobile`, `select_dcc_adb_bankname`, `dcc_adb_accountnumber`, `dcc_adb_ifsccode`, `dcc_adb_branchname`, `dcc_adb_rupaycard`, `dcc_adb_cheque`, `select_other_bankname`, `other_accountnumber`, `other_ifsccode`, `other_branchname`, `other_rupaycard`, `other_cheque`, `photo`, `signature`) VALUES (\'CUST003\', \'256435\', \'Mrs\', \'SPANDANA\', \'RAMESH\', \'AGOLI, GANGAVATHI,KOPPAL\', \'8867228767\', \'kkittur@gmail.com\', \'AGOLI, GANGAVATHI,KOPPAL\', \'583235\', \'agoli\', \'gangavthi\', \'ganagavtgu\', \'koppal\', \'kar\', \'ind\', \'2000-05-01\', \'25\', \'Female\', \'student\', \'hindu\', \'lingayat\', \'124565635656\', \'avsaefw\', \'sdvaf\', \'Single\', \'2665659465\', \'456498654535555\', \'865155555\', \'845\', \'hp\', \'gvwrbggwr\', \'ramesh\', \'shekharappa\', \'Male\', \'Father\', \'564566558999\', \'AGOLI, GANGAVATHI,KOPPAL\', \'AGOLI, GANGAVATHI,KOPPAL\', \'35\', \'8564658366\', \'\', \'\', \'\', \'\', \'no\', \'no\', \'\', \'\', \'\', \'\', \'no\', \'no\', \'1770982513_7bea852bad8c40598813.jpeg\', \'1770982513_572aa8fdfc64c00a1801.jpeg\')')
 3 SYSTEMPATH\Database\BaseConnection.php(686): CodeIgniter\Database\BaseConnection->simpleQuery('INSERT INTO `members` (`customer_id`, `member_code`, `title`, `name`, `father`, `residential_address`, `mobile`, `email`, `permanent_address`, `pincode`, `area`, `city`, `taluk`, `district`, `state`, `country`, `dob`, `age`, `gender`, `occupation`, `religion`, `caste`, `adhar`, `pan`, `voter`, `marital_status`, `dl_no`, `gst_no`, `passport_no`, `gas_consumer_no`, `gas_company`, `property_details`, `nominee_name`, `nominee_father`, `nominee_gender`, `nominee_relation`, `nominee_adhar`, `nominee_address`, `nominee_other_details`, `nominee_age`, `nominee_mobile`, `select_dcc_adb_bankname`, `dcc_adb_accountnumber`, `dcc_adb_ifsccode`, `dcc_adb_branchname`, `dcc_adb_rupaycard`, `dcc_adb_cheque`, `select_other_bankname`, `other_accountnumber`, `other_ifsccode`, `other_branchname`, `other_rupaycard`, `other_cheque`, `photo`, `signature`) VALUES (\'CUST003\', \'256435\', \'Mrs\', \'SPANDANA\', \'RAMESH\', \'AGOLI, GANGAVATHI,KOPPAL\', \'8867228767\', \'kkittur@gmail.com\', \'AGOLI, GANGAVATHI,KOPPAL\', \'583235\', \'agoli\', \'gangavthi\', \'ganagavtgu\', \'koppal\', \'kar\', \'ind\', \'2000-05-01\', \'25\', \'Female\', \'student\', \'hindu\', \'lingayat\', \'124565635656\', \'avsaefw\', \'sdvaf\', \'Single\', \'2665659465\', \'456498654535555\', \'865155555\', \'845\', \'hp\', \'gvwrbggwr\', \'ramesh\', \'shekharappa\', \'Male\', \'Father\', \'564566558999\', \'AGOLI, GANGAVATHI,KOPPAL\', \'AGOLI, GANGAVATHI,KOPPAL\', \'35\', \'8564658366\', \'\', \'\', \'\', \'\', \'no\', \'no\', \'\', \'\', \'\', \'\', \'no\', \'no\', \'1770982513_7bea852bad8c40598813.jpeg\', \'1770982513_572aa8fdfc64c00a1801.jpeg\')')
 4 SYSTEMPATH\Database\BaseBuilder.php(2345): CodeIgniter\Database\BaseConnection->query('INSERT INTO `members` (`customer_id`, `member_code`, `title`, `name`, `father`, `residential_address`, `mobile`, `email`, `permanent_address`, `pincode`, `area`, `city`, `taluk`, `district`, `state`, `country`, `dob`, `age`, `gender`, `occupation`, `religion`, `caste`, `adhar`, `pan`, `voter`, `marital_status`, `dl_no`, `gst_no`, `passport_no`, `gas_consumer_no`, `gas_company`, `property_details`, `nominee_name`, `nominee_father`, `nominee_gender`, `nominee_relation`, `nominee_adhar`, `nominee_address`, `nominee_other_details`, `nominee_age`, `nominee_mobile`, `select_dcc_adb_bankname`, `dcc_adb_accountnumber`, `dcc_adb_ifsccode`, `dcc_adb_branchname`, `dcc_adb_rupaycard`, `dcc_adb_cheque`, `select_other_bankname`, `other_accountnumber`, `other_ifsccode`, `other_branchname`, `other_rupaycard`, `other_cheque`, `photo`, `signature`) VALUES (:customer_id:, :member_code:, :title:, :name:, :father:, :residential_address:, :mobile:, :email:, :permanent_address:, :pincode:, :area:, :city:, :taluk:, :district:, :state:, :country:, :dob:, :age:, :gender:, :occupation:, :religion:, :caste:, :adhar:, :pan:, :voter:, :marital_status:, :dl_no:, :gst_no:, :passport_no:, :gas_consumer_no:, :gas_company:, :property_details:, :nominee_name:, :nominee_father:, :nominee_gender:, :nominee_relation:, :nominee_adhar:, :nominee_address:, :nominee_other_details:, :nominee_age:, :nominee_mobile:, :select_dcc_adb_bankname:, :dcc_adb_accountnumber:, :dcc_adb_ifsccode:, :dcc_adb_branchname:, :dcc_adb_rupaycard:, :dcc_adb_cheque:, :select_other_bankname:, :other_accountnumber:, :other_ifsccode:, :other_branchname:, :other_rupaycard:, :other_cheque:, :photo:, :signature:)', [...], false)
 5 SYSTEMPATH\Model.php(356): CodeIgniter\Database\BaseBuilder->insert()
 6 SYSTEMPATH\BaseModel.php(898): CodeIgniter\Model->doInsert([...])
 7 SYSTEMPATH\Model.php(665): CodeIgniter\BaseModel->insert([...], true)
 8 APPPATH\Controllers\Member.php(133): CodeIgniter\Model->insert([...])
 9 SYSTEMPATH\CodeIgniter.php(951): App\Controllers\Member->store()
10 SYSTEMPATH\CodeIgniter.php(497): CodeIgniter\CodeIgniter->runController(Object(App\Controllers\Member))
11 SYSTEMPATH\CodeIgniter.php(340): CodeIgniter\CodeIgniter->handleRequest(null, Object(Config\Cache), false)
12 SYSTEMPATH\Boot.php(417): CodeIgniter\CodeIgniter->run()
13 SYSTEMPATH\Boot.php(68): CodeIgniter\Boot::runCodeIgniter(Object(CodeIgniter\CodeIgniter))
14 FCPATH\index.php(59): CodeIgniter\Boot::bootWeb(Object(Config\Paths))
15 SYSTEMPATH\rewrite.php(44): require_once('C:\\xampp\\htdocs\\MemberCreation\\public\\index.php')
CRITICAL - 2026-02-13 11:35:13 --> CodeIgniter\Database\Exceptions\DatabaseException: Unknown column 'select_dcc_adb_bankname' in 'field list'
[Method: POST, Route: member/store]
in SYSTEMPATH\Database\BaseConnection.php on line 724.
 1 SYSTEMPATH\Database\BaseBuilder.php(2345): CodeIgniter\Database\BaseConnection->query('INSERT INTO `members` (`customer_id`, `member_code`, `title`, `name`, `father`, `residential_address`, `mobile`, `email`, `permanent_address`, `pincode`, `area`, `city`, `taluk`, `district`, `state`, `country`, `dob`, `age`, `gender`, `occupation`, `religion`, `caste`, `adhar`, `pan`, `voter`, `marital_status`, `dl_no`, `gst_no`, `passport_no`, `gas_consumer_no`, `gas_company`, `property_details`, `nominee_name`, `nominee_father`, `nominee_gender`, `nominee_relation`, `nominee_adhar`, `nominee_address`, `nominee_other_details`, `nominee_age`, `nominee_mobile`, `select_dcc_adb_bankname`, `dcc_adb_accountnumber`, `dcc_adb_ifsccode`, `dcc_adb_branchname`, `dcc_adb_rupaycard`, `dcc_adb_cheque`, `select_other_bankname`, `other_accountnumber`, `other_ifsccode`, `other_branchname`, `other_rupaycard`, `other_cheque`, `photo`, `signature`) VALUES (:customer_id:, :member_code:, :title:, :name:, :father:, :residential_address:, :mobile:, :email:, :permanent_address:, :pincode:, :area:, :city:, :taluk:, :district:, :state:, :country:, :dob:, :age:, :gender:, :occupation:, :religion:, :caste:, :adhar:, :pan:, :voter:, :marital_status:, :dl_no:, :gst_no:, :passport_no:, :gas_consumer_no:, :gas_company:, :property_details:, :nominee_name:, :nominee_father:, :nominee_gender:, :nominee_relation:, :nominee_adhar:, :nominee_address:, :nominee_other_details:, :nominee_age:, :nominee_mobile:, :select_dcc_adb_bankname:, :dcc_adb_accountnumber:, :dcc_adb_ifsccode:, :dcc_adb_branchname:, :dcc_adb_rupaycard:, :dcc_adb_cheque:, :select_other_bankname:, :other_accountnumber:, :other_ifsccode:, :other_branchname:, :other_rupaycard:, :other_cheque:, :photo:, :signature:)', [...], false)
 2 SYSTEMPATH\Model.php(356): CodeIgniter\Database\BaseBuilder->insert()
 3 SYSTEMPATH\BaseModel.php(898): CodeIgniter\Model->doInsert([...])
 4 SYSTEMPATH\Model.php(665): CodeIgniter\BaseModel->insert([...], true)
 5 APPPATH\Controllers\Member.php(133): CodeIgniter\Model->insert([...])
 6 SYSTEMPATH\CodeIgniter.php(951): App\Controllers\Member->store()
 7 SYSTEMPATH\CodeIgniter.php(497): CodeIgniter\CodeIgniter->runController(Object(App\Controllers\Member))
 8 SYSTEMPATH\CodeIgniter.php(340): CodeIgniter\CodeIgniter->handleRequest(null, Object(Config\Cache), false)
 9 SYSTEMPATH\Boot.php(417): CodeIgniter\CodeIgniter->run()
10 SYSTEMPATH\Boot.php(68): CodeIgniter\Boot::runCodeIgniter(Object(CodeIgniter\CodeIgniter))
11 FCPATH\index.php(59): CodeIgniter\Boot::bootWeb(Object(Config\Paths))
12 SYSTEMPATH\rewrite.php(44): require_once('C:\\xampp\\htdocs\\MemberCreation\\public\\index.php')
CRITICAL - 2026-02-13 11:35:13 --> [Caused by] CodeIgniter\Database\Exceptions\DatabaseException: Unknown column 'select_dcc_adb_bankname' in 'field list'
in SYSTEMPATH\Database\MySQLi\Connection.php on line 310.
 1 SYSTEMPATH\Database\BaseConnection.php(769): CodeIgniter\Database\MySQLi\Connection->execute('INSERT INTO `members` (`customer_id`, `member_code`, `title`, `name`, `father`, `residential_address`, `mobile`, `email`, `permanent_address`, `pincode`, `area`, `city`, `taluk`, `district`, `state`, `country`, `dob`, `age`, `gender`, `occupation`, `religion`, `caste`, `adhar`, `pan`, `voter`, `marital_status`, `dl_no`, `gst_no`, `passport_no`, `gas_consumer_no`, `gas_company`, `property_details`, `nominee_name`, `nominee_father`, `nominee_gender`, `nominee_relation`, `nominee_adhar`, `nominee_address`, `nominee_other_details`, `nominee_age`, `nominee_mobile`, `select_dcc_adb_bankname`, `dcc_adb_accountnumber`, `dcc_adb_ifsccode`, `dcc_adb_branchname`, `dcc_adb_rupaycard`, `dcc_adb_cheque`, `select_other_bankname`, `other_accountnumber`, `other_ifsccode`, `other_branchname`, `other_rupaycard`, `other_cheque`, `photo`, `signature`) VALUES (\'CUST003\', \'256435\', \'Mrs\', \'SPANDANA\', \'RAMESH\', \'AGOLI, GANGAVATHI,KOPPAL\', \'8867228767\', \'kkittur@gmail.com\', \'AGOLI, GANGAVATHI,KOPPAL\', \'583235\', \'agoli\', \'gangavthi\', \'ganagavtgu\', \'koppal\', \'kar\', \'ind\', \'2000-05-01\', \'25\', \'Female\', \'student\', \'hindu\', \'lingayat\', \'124565635656\', \'avsaefw\', \'sdvaf\', \'Single\', \'2665659465\', \'456498654535555\', \'865155555\', \'845\', \'hp\', \'gvwrbggwr\', \'ramesh\', \'shekharappa\', \'Male\', \'Father\', \'564566558999\', \'AGOLI, GANGAVATHI,KOPPAL\', \'AGOLI, GANGAVATHI,KOPPAL\', \'35\', \'8564658366\', \'\', \'\', \'\', \'\', \'no\', \'no\', \'\', \'\', \'\', \'\', \'no\', \'no\', \'1770982513_7bea852bad8c40598813.jpeg\', \'1770982513_572aa8fdfc64c00a1801.jpeg\')')
 2 SYSTEMPATH\Database\BaseConnection.php(686): CodeIgniter\Database\BaseConnection->simpleQuery('INSERT INTO `members` (`customer_id`, `member_code`, `title`, `name`, `father`, `residential_address`, `mobile`, `email`, `permanent_address`, `pincode`, `area`, `city`, `taluk`, `district`, `state`, `country`, `dob`, `age`, `gender`, `occupation`, `religion`, `caste`, `adhar`, `pan`, `voter`, `marital_status`, `dl_no`, `gst_no`, `passport_no`, `gas_consumer_no`, `gas_company`, `property_details`, `nominee_name`, `nominee_father`, `nominee_gender`, `nominee_relation`, `nominee_adhar`, `nominee_address`, `nominee_other_details`, `nominee_age`, `nominee_mobile`, `select_dcc_adb_bankname`, `dcc_adb_accountnumber`, `dcc_adb_ifsccode`, `dcc_adb_branchname`, `dcc_adb_rupaycard`, `dcc_adb_cheque`, `select_other_bankname`, `other_accountnumber`, `other_ifsccode`, `other_branchname`, `other_rupaycard`, `other_cheque`, `photo`, `signature`) VALUES (\'CUST003\', \'256435\', \'Mrs\', \'SPANDANA\', \'RAMESH\', \'AGOLI, GANGAVATHI,KOPPAL\', \'8867228767\', \'kkittur@gmail.com\', \'AGOLI, GANGAVATHI,KOPPAL\', \'583235\', \'agoli\', \'gangavthi\', \'ganagavtgu\', \'koppal\', \'kar\', \'ind\', \'2000-05-01\', \'25\', \'Female\', \'student\', \'hindu\', \'lingayat\', \'124565635656\', \'avsaefw\', \'sdvaf\', \'Single\', \'2665659465\', \'456498654535555\', \'865155555\', \'845\', \'hp\', \'gvwrbggwr\', \'ramesh\', \'shekharappa\', \'Male\', \'Father\', \'564566558999\', \'AGOLI, GANGAVATHI,KOPPAL\', \'AGOLI, GANGAVATHI,KOPPAL\', \'35\', \'8564658366\', \'\', \'\', \'\', \'\', \'no\', \'no\', \'\', \'\', \'\', \'\', \'no\', \'no\', \'1770982513_7bea852bad8c40598813.jpeg\', \'1770982513_572aa8fdfc64c00a1801.jpeg\')')
 3 SYSTEMPATH\Database\BaseBuilder.php(2345): CodeIgniter\Database\BaseConnection->query('INSERT INTO `members` (`customer_id`, `member_code`, `title`, `name`, `father`, `residential_address`, `mobile`, `email`, `permanent_address`, `pincode`, `area`, `city`, `taluk`, `district`, `state`, `country`, `dob`, `age`, `gender`, `occupation`, `religion`, `caste`, `adhar`, `pan`, `voter`, `marital_status`, `dl_no`, `gst_no`, `passport_no`, `gas_consumer_no`, `gas_company`, `property_details`, `nominee_name`, `nominee_father`, `nominee_gender`, `nominee_relation`, `nominee_adhar`, `nominee_address`, `nominee_other_details`, `nominee_age`, `nominee_mobile`, `select_dcc_adb_bankname`, `dcc_adb_accountnumber`, `dcc_adb_ifsccode`, `dcc_adb_branchname`, `dcc_adb_rupaycard`, `dcc_adb_cheque`, `select_other_bankname`, `other_accountnumber`, `other_ifsccode`, `other_branchname`, `other_rupaycard`, `other_cheque`, `photo`, `signature`) VALUES (:customer_id:, :member_code:, :title:, :name:, :father:, :residential_address:, :mobile:, :email:, :permanent_address:, :pincode:, :area:, :city:, :taluk:, :district:, :state:, :country:, :dob:, :age:, :gender:, :occupation:, :religion:, :caste:, :adhar:, :pan:, :voter:, :marital_status:, :dl_no:, :gst_no:, :passport_no:, :gas_consumer_no:, :gas_company:, :property_details:, :nominee_name:, :nominee_father:, :nominee_gender:, :nominee_relation:, :nominee_adhar:, :nominee_address:, :nominee_other_details:, :nominee_age:, :nominee_mobile:, :select_dcc_adb_bankname:, :dcc_adb_accountnumber:, :dcc_adb_ifsccode:, :dcc_adb_branchname:, :dcc_adb_rupaycard:, :dcc_adb_cheque:, :select_other_bankname:, :other_accountnumber:, :other_ifsccode:, :other_branchname:, :other_rupaycard:, :other_cheque:, :photo:, :signature:)', [...], false)
 4 SYSTEMPATH\Model.php(356): CodeIgniter\Database\BaseBuilder->insert()
 5 SYSTEMPATH\BaseModel.php(898): CodeIgniter\Model->doInsert([...])
 6 SYSTEMPATH\Model.php(665): CodeIgniter\BaseModel->insert([...], true)
 7 APPPATH\Controllers\Member.php(133): CodeIgniter\Model->insert([...])
 8 SYSTEMPATH\CodeIgniter.php(951): App\Controllers\Member->store()
 9 SYSTEMPATH\CodeIgniter.php(497): CodeIgniter\CodeIgniter->runController(Object(App\Controllers\Member))
10 SYSTEMPATH\CodeIgniter.php(340): CodeIgniter\CodeIgniter->handleRequest(null, Object(Config\Cache), false)
11 SYSTEMPATH\Boot.php(417): CodeIgniter\CodeIgniter->run()
12 SYSTEMPATH\Boot.php(68): CodeIgniter\Boot::runCodeIgniter(Object(CodeIgniter\CodeIgniter))
13 FCPATH\index.php(59): CodeIgniter\Boot::bootWeb(Object(Config\Paths))
14 SYSTEMPATH\rewrite.php(44): require_once('C:\\xampp\\htdocs\\MemberCreation\\public\\index.php')
CRITICAL - 2026-02-13 11:35:13 --> [Caused by] mysqli_sql_exception: Unknown column 'select_dcc_adb_bankname' in 'field list'
in SYSTEMPATH\Database\MySQLi\Connection.php on line 300.
 1 SYSTEMPATH\Database\MySQLi\Connection.php(300): mysqli->query('INSERT INTO `members` (`customer_id`, `member_code`, `title`, `name`, `father`, `residential_address`, `mobile`, `email`, `permanent_address`, `pincode`, `area`, `city`, `taluk`, `district`, `state`, `country`, `dob`, `age`, `gender`, `occupation`, `religion`, `caste`, `adhar`, `pan`, `voter`, `marital_status`, `dl_no`, `gst_no`, `passport_no`, `gas_consumer_no`, `gas_company`, `property_details`, `nominee_name`, `nominee_father`, `nominee_gender`, `nominee_relation`, `nominee_adhar`, `nominee_address`, `nominee_other_details`, `nominee_age`, `nominee_mobile`, `select_dcc_adb_bankname`, `dcc_adb_accountnumber`, `dcc_adb_ifsccode`, `dcc_adb_branchname`, `dcc_adb_rupaycard`, `dcc_adb_cheque`, `select_other_bankname`, `other_accountnumber`, `other_ifsccode`, `other_branchname`, `other_rupaycard`, `other_cheque`, `photo`, `signature`) VALUES (\'CUST003\', \'256435\', \'Mrs\', \'SPANDANA\', \'RAMESH\', \'AGOLI, GANGAVATHI,KOPPAL\', \'8867228767\', \'kkittur@gmail.com\', \'AGOLI, GANGAVATHI,KOPPAL\', \'583235\', \'agoli\', \'gangavthi\', \'ganagavtgu\', \'koppal\', \'kar\', \'ind\', \'2000-05-01\', \'25\', \'Female\', \'student\', \'hindu\', \'lingayat\', \'124565635656\', \'avsaefw\', \'sdvaf\', \'Single\', \'2665659465\', \'456498654535555\', \'865155555\', \'845\', \'hp\', \'gvwrbggwr\', \'ramesh\', \'shekharappa\', \'Male\', \'Father\', \'564566558999\', \'AGOLI, GANGAVATHI,KOPPAL\', \'AGOLI, GANGAVATHI,KOPPAL\', \'35\', \'8564658366\', \'\', \'\', \'\', \'\', \'no\', \'no\', \'\', \'\', \'\', \'\', \'no\', \'no\', \'1770982513_7bea852bad8c40598813.jpeg\', \'1770982513_572aa8fdfc64c00a1801.jpeg\')', 0)
 2 SYSTEMPATH\Database\BaseConnection.php(769): CodeIgniter\Database\MySQLi\Connection->execute('INSERT INTO `members` (`customer_id`, `member_code`, `title`, `name`, `father`, `residential_address`, `mobile`, `email`, `permanent_address`, `pincode`, `area`, `city`, `taluk`, `district`, `state`, `country`, `dob`, `age`, `gender`, `occupation`, `religion`, `caste`, `adhar`, `pan`, `voter`, `marital_status`, `dl_no`, `gst_no`, `passport_no`, `gas_consumer_no`, `gas_company`, `property_details`, `nominee_name`, `nominee_father`, `nominee_gender`, `nominee_relation`, `nominee_adhar`, `nominee_address`, `nominee_other_details`, `nominee_age`, `nominee_mobile`, `select_dcc_adb_bankname`, `dcc_adb_accountnumber`, `dcc_adb_ifsccode`, `dcc_adb_branchname`, `dcc_adb_rupaycard`, `dcc_adb_cheque`, `select_other_bankname`, `other_accountnumber`, `other_ifsccode`, `other_branchname`, `other_rupaycard`, `other_cheque`, `photo`, `signature`) VALUES (\'CUST003\', \'256435\', \'Mrs\', \'SPANDANA\', \'RAMESH\', \'AGOLI, GANGAVATHI,KOPPAL\', \'8867228767\', \'kkittur@gmail.com\', \'AGOLI, GANGAVATHI,KOPPAL\', \'583235\', \'agoli\', \'gangavthi\', \'ganagavtgu\', \'koppal\', \'kar\', \'ind\', \'2000-05-01\', \'25\', \'Female\', \'student\', \'hindu\', \'lingayat\', \'124565635656\', \'avsaefw\', \'sdvaf\', \'Single\', \'2665659465\', \'456498654535555\', \'865155555\', \'845\', \'hp\', \'gvwrbggwr\', \'ramesh\', \'shekharappa\', \'Male\', \'Father\', \'564566558999\', \'AGOLI, GANGAVATHI,KOPPAL\', \'AGOLI, GANGAVATHI,KOPPAL\', \'35\', \'8564658366\', \'\', \'\', \'\', \'\', \'no\', \'no\', \'\', \'\', \'\', \'\', \'no\', \'no\', \'1770982513_7bea852bad8c40598813.jpeg\', \'1770982513_572aa8fdfc64c00a1801.jpeg\')')
 3 SYSTEMPATH\Database\BaseConnection.php(686): CodeIgniter\Database\BaseConnection->simpleQuery('INSERT INTO `members` (`customer_id`, `member_code`, `title`, `name`, `father`, `residential_address`, `mobile`, `email`, `permanent_address`, `pincode`, `area`, `city`, `taluk`, `district`, `state`, `country`, `dob`, `age`, `gender`, `occupation`, `religion`, `caste`, `adhar`, `pan`, `voter`, `marital_status`, `dl_no`, `gst_no`, `passport_no`, `gas_consumer_no`, `gas_company`, `property_details`, `nominee_name`, `nominee_father`, `nominee_gender`, `nominee_relation`, `nominee_adhar`, `nominee_address`, `nominee_other_details`, `nominee_age`, `nominee_mobile`, `select_dcc_adb_bankname`, `dcc_adb_accountnumber`, `dcc_adb_ifsccode`, `dcc_adb_branchname`, `dcc_adb_rupaycard`, `dcc_adb_cheque`, `select_other_bankname`, `other_accountnumber`, `other_ifsccode`, `other_branchname`, `other_rupaycard`, `other_cheque`, `photo`, `signature`) VALUES (\'CUST003\', \'256435\', \'Mrs\', \'SPANDANA\', \'RAMESH\', \'AGOLI, GANGAVATHI,KOPPAL\', \'8867228767\', \'kkittur@gmail.com\', \'AGOLI, GANGAVATHI,KOPPAL\', \'583235\', \'agoli\', \'gangavthi\', \'ganagavtgu\', \'koppal\', \'kar\', \'ind\', \'2000-05-01\', \'25\', \'Female\', \'student\', \'hindu\', \'lingayat\', \'124565635656\', \'avsaefw\', \'sdvaf\', \'Single\', \'2665659465\', \'456498654535555\', \'865155555\', \'845\', \'hp\', \'gvwrbggwr\', \'ramesh\', \'shekharappa\', \'Male\', \'Father\', \'564566558999\', \'AGOLI, GANGAVATHI,KOPPAL\', \'AGOLI, GANGAVATHI,KOPPAL\', \'35\', \'8564658366\', \'\', \'\', \'\', \'\', \'no\', \'no\', \'\', \'\', \'\', \'\', \'no\', \'no\', \'1770982513_7bea852bad8c40598813.jpeg\', \'1770982513_572aa8fdfc64c00a1801.jpeg\')')
 4 SYSTEMPATH\Database\BaseBuilder.php(2345): CodeIgniter\Database\BaseConnection->query('INSERT INTO `members` (`customer_id`, `member_code`, `title`, `name`, `father`, `residential_address`, `mobile`, `email`, `permanent_address`, `pincode`, `area`, `city`, `taluk`, `district`, `state`, `country`, `dob`, `age`, `gender`, `occupation`, `religion`, `caste`, `adhar`, `pan`, `voter`, `marital_status`, `dl_no`, `gst_no`, `passport_no`, `gas_consumer_no`, `gas_company`, `property_details`, `nominee_name`, `nominee_father`, `nominee_gender`, `nominee_relation`, `nominee_adhar`, `nominee_address`, `nominee_other_details`, `nominee_age`, `nominee_mobile`, `select_dcc_adb_bankname`, `dcc_adb_accountnumber`, `dcc_adb_ifsccode`, `dcc_adb_branchname`, `dcc_adb_rupaycard`, `dcc_adb_cheque`, `select_other_bankname`, `other_accountnumber`, `other_ifsccode`, `other_branchname`, `other_rupaycard`, `other_cheque`, `photo`, `signature`) VALUES (:customer_id:, :member_code:, :title:, :name:, :father:, :residential_address:, :mobile:, :email:, :permanent_address:, :pincode:, :area:, :city:, :taluk:, :district:, :state:, :country:, :dob:, :age:, :gender:, :occupation:, :religion:, :caste:, :adhar:, :pan:, :voter:, :marital_status:, :dl_no:, :gst_no:, :passport_no:, :gas_consumer_no:, :gas_company:, :property_details:, :nominee_name:, :nominee_father:, :nominee_gender:, :nominee_relation:, :nominee_adhar:, :nominee_address:, :nominee_other_details:, :nominee_age:, :nominee_mobile:, :select_dcc_adb_bankname:, :dcc_adb_accountnumber:, :dcc_adb_ifsccode:, :dcc_adb_branchname:, :dcc_adb_rupaycard:, :dcc_adb_cheque:, :select_other_bankname:, :other_accountnumber:, :other_ifsccode:, :other_branchname:, :other_rupaycard:, :other_cheque:, :photo:, :signature:)', [...], false)
 5 SYSTEMPATH\Model.php(356): CodeIgniter\Database\BaseBuilder->insert()
 6 SYSTEMPATH\BaseModel.php(898): CodeIgniter\Model->doInsert([...])
 7 SYSTEMPATH\Model.php(665): CodeIgniter\BaseModel->insert([...], true)
 8 APPPATH\Controllers\Member.php(133): CodeIgniter\Model->insert([...])
 9 SYSTEMPATH\CodeIgniter.php(951): App\Controllers\Member->store()
10 SYSTEMPATH\CodeIgniter.php(497): CodeIgniter\CodeIgniter->runController(Object(App\Controllers\Member))
11 SYSTEMPATH\CodeIgniter.php(340): CodeIgniter\CodeIgniter->handleRequest(null, Object(Config\Cache), false)
12 SYSTEMPATH\Boot.php(417): CodeIgniter\CodeIgniter->run()
13 SYSTEMPATH\Boot.php(68): CodeIgniter\Boot::runCodeIgniter(Object(CodeIgniter\CodeIgniter))
14 FCPATH\index.php(59): CodeIgniter\Boot::bootWeb(Object(Config\Paths))
15 SYSTEMPATH\rewrite.php(44): require_once('C:\\xampp\\htdocs\\MemberCreation\\public\\index.php')
DEBUG - 2026-02-13 11:41:30 --> Session: Class initialized using 'CodeIgniter\Session\Handlers\FileHandler' driver.
DEBUG - 2026-02-13 11:41:31 --> Session: Class initialized using 'CodeIgniter\Session\Handlers\FileHandler' driver.
DEBUG - 2026-02-13 11:41:40 --> Session: Class initialized using 'CodeIgniter\Session\Handlers\FileHandler' driver.
DEBUG - 2026-02-13 11:41:43 --> Session: Class initialized using 'CodeIgniter\Session\Handlers\FileHandler' driver.
DEBUG - 2026-02-13 11:41:51 --> Session: Class initialized using 'CodeIgniter\Session\Handlers\FileHandler' driver.
DEBUG - 2026-02-13 11:41:51 --> Session: Class initialized using 'CodeIgniter\Session\Handlers\FileHandler' driver.
DEBUG - 2026-02-13 11:42:00 --> Session: Class initialized using 'CodeIgniter\Session\Handlers\FileHandler' driver.
DEBUG - 2026-02-13 11:42:03 --> Session: Class initialized using 'CodeIgniter\Session\Handlers\FileHandler' driver.
DEBUG - 2026-02-13 11:45:57 --> Session: Class initialized using 'CodeIgniter\Session\Handlers\FileHandler' driver.
DEBUG - 2026-02-13 11:49:43 --> Session: Class initialized using 'CodeIgniter\Session\Handlers\FileHandler' driver.
DEBUG - 2026-02-13 11:50:39 --> Session: Class initialized using 'CodeIgniter\Session\Handlers\FileHandler' driver.
DEBUG - 2026-02-13 11:53:43 --> Session: Class initialized using 'CodeIgniter\Session\Handlers\FileHandler' driver.
DEBUG - 2026-02-13 11:55:58 --> Session: Class initialized using 'CodeIgniter\Session\Handlers\FileHandler' driver.
DEBUG - 2026-02-13 11:57:56 --> Session: Class initialized using 'CodeIgniter\Session\Handlers\FileHandler' driver.
DEBUG - 2026-02-13 11:58:53 --> Session: Class initialized using 'CodeIgniter\Session\Handlers\FileHandler' driver.
DEBUG - 2026-02-13 12:01:03 --> Session: Class initialized using 'CodeIgniter\Session\Handlers\FileHandler' driver.
DEBUG - 2026-02-13 12:07:48 --> Session: Class initialized using 'CodeIgniter\Session\Handlers\FileHandler' driver.
DEBUG - 2026-02-13 12:08:27 --> Session: Class initialized using 'CodeIgniter\Session\Handlers\FileHandler' driver.
DEBUG - 2026-02-13 12:08:51 --> Session: Class initialized using 'CodeIgniter\Session\Handlers\FileHandler' driver.
DEBUG - 2026-02-13 12:08:57 --> Session: Class initialized using 'CodeIgniter\Session\Handlers\FileHandler' driver.
DEBUG - 2026-02-13 12:09:08 --> Session: Class initialized using 'CodeIgniter\Session\Handlers\FileHandler' driver.
DEBUG - 2026-02-13 12:12:48 --> Session: Class initialized using 'CodeIgniter\Session\Handlers\FileHandler' driver.
DEBUG - 2026-02-13 12:13:02 --> Session: Class initialized using 'CodeIgniter\Session\Handlers\FileHandler' driver.
DEBUG - 2026-02-13 12:13:09 --> Session: Class initialized using 'CodeIgniter\Session\Handlers\FileHandler' driver.
DEBUG - 2026-02-13 12:13:10 --> Session: Class initialized using 'CodeIgniter\Session\Handlers\FileHandler' driver.
DEBUG - 2026-02-13 12:18:25 --> Session: Class initialized using 'CodeIgniter\Session\Handlers\FileHandler' driver.
DEBUG - 2026-02-13 12:20:18 --> Session: Class initialized using 'CodeIgniter\Session\Handlers\FileHandler' driver.
DEBUG - 2026-02-13 12:22:16 --> Session: Class initialized using 'CodeIgniter\Session\Handlers\FileHandler' driver.
DEBUG - 2026-02-13 12:26:07 --> Session: Class initialized using 'CodeIgniter\Session\Handlers\FileHandler' driver.
DEBUG - 2026-02-13 12:26:51 --> Session: Class initialized using 'CodeIgniter\Session\Handlers\FileHandler' driver.
DEBUG - 2026-02-13 12:30:31 --> Session: Class initialized using 'CodeIgniter\Session\Handlers\FileHandler' driver.
DEBUG - 2026-02-13 12:32:57 --> Session: Class initialized using 'CodeIgniter\Session\Handlers\FileHandler' driver.
DEBUG - 2026-02-13 12:33:26 --> Session: Class initialized using 'CodeIgniter\Session\Handlers\FileHandler' driver.
DEBUG - 2026-02-13 12:33:29 --> Session: Class initialized using 'CodeIgniter\Session\Handlers\FileHandler' driver.
DEBUG - 2026-02-13 12:33:36 --> Session: Class initialized using 'CodeIgniter\Session\Handlers\FileHandler' driver.
DEBUG - 2026-02-13 12:35:13 --> Session: Class initialized using 'CodeIgniter\Session\Handlers\FileHandler' driver.
DEBUG - 2026-02-13 12:35:19 --> Session: Class initialized using 'CodeIgniter\Session\Handlers\FileHandler' driver.
DEBUG - 2026-02-13 12:38:59 --> Session: Class initialized using 'CodeIgniter\Session\Handlers\FileHandler' driver.
DEBUG - 2026-02-13 12:40:01 --> Session: Class initialized using 'CodeIgniter\Session\Handlers\FileHandler' driver.
DEBUG - 2026-02-13 12:41:31 --> Session: Class initialized using 'CodeIgniter\Session\Handlers\FileHandler' driver.
DEBUG - 2026-02-13 12:42:29 --> Session: Class initialized using 'CodeIgniter\Session\Handlers\FileHandler' driver.
DEBUG - 2026-02-13 12:44:51 --> Session: Class initialized using 'CodeIgniter\Session\Handlers\FileHandler' driver.
DEBUG - 2026-02-13 12:46:51 --> Session: Class initialized using 'CodeIgniter\Session\Handlers\FileHandler' driver.
DEBUG - 2026-02-13 12:48:15 --> Session: Class initialized using 'CodeIgniter\Session\Handlers\FileHandler' driver.
DEBUG - 2026-02-13 12:49:35 --> Session: Class initialized using 'CodeIgniter\Session\Handlers\FileHandler' driver.
DEBUG - 2026-02-13 13:02:03 --> Session: Class initialized using 'CodeIgniter\Session\Handlers\FileHandler' driver.
DEBUG - 2026-02-13 13:02:40 --> Session: Class initialized using 'CodeIgniter\Session\Handlers\FileHandler' driver.
DEBUG - 2026-02-13 13:05:42 --> Session: Class initialized using 'CodeIgniter\Session\Handlers\FileHandler' driver.
DEBUG - 2026-02-13 13:05:51 --> Session: Class initialized using 'CodeIgniter\Session\Handlers\FileHandler' driver.
DEBUG - 2026-02-13 13:05:54 --> Session: Class initialized using 'CodeIgniter\Session\Handlers\FileHandler' driver.
DEBUG - 2026-02-13 13:06:26 --> Session: Class initialized using 'CodeIgniter\Session\Handlers\FileHandler' driver.
DEBUG - 2026-02-13 13:07:11 --> Session: Class initialized using 'CodeIgniter\Session\Handlers\FileHandler' driver.
DEBUG - 2026-02-13 13:12:46 --> Session: Class initialized using 'CodeIgniter\Session\Handlers\FileHandler' driver.
DEBUG - 2026-02-13 13:13:16 --> Session: Class initialized using 'CodeIgniter\Session\Handlers\FileHandler' driver.
DEBUG - 2026-02-13 13:14:00 --> Session: Class initialized using 'CodeIgniter\Session\Handlers\FileHandler' driver.
DEBUG - 2026-02-13 13:14:45 --> Session: Class initialized using 'CodeIgniter\Session\Handlers\FileHandler' driver.
DEBUG - 2026-02-13 13:19:52 --> Session: Class initialized using 'CodeIgniter\Session\Handlers\FileHandler' driver.
DEBUG - 2026-02-13 13:20:43 --> Session: Class initialized using 'CodeIgniter\Session\Handlers\FileHandler' driver.
DEBUG - 2026-02-13 13:20:46 --> Session: Class initialized using 'CodeIgniter\Session\Handlers\FileHandler' driver.
DEBUG - 2026-02-13 13:21:00 --> Session: Class initialized using 'CodeIgniter\Session\Handlers\FileHandler' driver.
DEBUG - 2026-02-13 13:21:05 --> Session: Class initialized using 'CodeIgniter\Session\Handlers\FileHandler' driver.
DEBUG - 2026-02-13 13:28:01 --> Session: Class initialized using 'CodeIgniter\Session\Handlers\FileHandler' driver.
DEBUG - 2026-02-13 13:33:51 --> Session: Class initialized using 'CodeIgniter\Session\Handlers\FileHandler' driver.
DEBUG - 2026-02-13 13:34:04 --> Session: Class initialized using 'CodeIgniter\Session\Handlers\FileHandler' driver.
DEBUG - 2026-02-13 13:34:05 --> Session: Class initialized using 'CodeIgniter\Session\Handlers\FileHandler' driver.
DEBUG - 2026-02-13 13:34:18 --> Session: Class initialized using 'CodeIgniter\Session\Handlers\FileHandler' driver.
DEBUG - 2026-02-13 13:34:21 --> Session: Class initialized using 'CodeIgniter\Session\Handlers\FileHandler' driver.
DEBUG - 2026-02-13 13:34:55 --> Session: Class initialized using 'CodeIgniter\Session\Handlers\FileHandler' driver.
DEBUG - 2026-02-13 13:34:56 --> Session: Class initialized using 'CodeIgniter\Session\Handlers\FileHandler' driver.
DEBUG - 2026-02-13 13:35:03 --> Session: Class initialized using 'CodeIgniter\Session\Handlers\FileHandler' driver.
DEBUG - 2026-02-13 13:35:06 --> Session: Class initialized using 'CodeIgniter\Session\Handlers\FileHandler' driver.
DEBUG - 2026-02-13 13:46:59 --> Session: Class initialized using 'CodeIgniter\Session\Handlers\FileHandler' driver.
DEBUG - 2026-02-13 13:47:00 --> Session: Class initialized using 'CodeIgniter\Session\Handlers\FileHandler' driver.
DEBUG - 2026-02-13 13:47:33 --> Session: Class initialized using 'CodeIgniter\Session\Handlers\FileHandler' driver.
DEBUG - 2026-02-13 13:47:34 --> Session: Class initialized using 'CodeIgniter\Session\Handlers\FileHandler' driver.
DEBUG - 2026-02-13 13:47:38 --> Session: Class initialized using 'CodeIgniter\Session\Handlers\FileHandler' driver.
DEBUG - 2026-02-13 13:47:50 --> Session: Class initialized using 'CodeIgniter\Session\Handlers\FileHandler' driver.
DEBUG - 2026-02-13 13:47:54 --> Session: Class initialized using 'CodeIgniter\Session\Handlers\FileHandler' driver.
DEBUG - 2026-02-13 13:48:03 --> Session: Class initialized using 'CodeIgniter\Session\Handlers\FileHandler' driver.
DEBUG - 2026-02-13 13:48:03 --> Session: Class initialized using 'CodeIgniter\Session\Handlers\FileHandler' driver.
DEBUG - 2026-02-13 13:48:09 --> Session: Class initialized using 'CodeIgniter\Session\Handlers\FileHandler' driver.
DEBUG - 2026-02-13 13:48:10 --> Session: Class initialized using 'CodeIgniter\Session\Handlers\FileHandler' driver.
DEBUG - 2026-02-13 13:48:18 --> Session: Class initialized using 'CodeIgniter\Session\Handlers\FileHandler' driver.
DEBUG - 2026-02-13 13:48:19 --> Session: Class initialized using 'CodeIgniter\Session\Handlers\FileHandler' driver.
DEBUG - 2026-02-13 13:48:22 --> Session: Class initialized using 'CodeIgniter\Session\Handlers\FileHandler' driver.
DEBUG - 2026-02-13 13:48:33 --> Session: Class initialized using 'CodeIgniter\Session\Handlers\FileHandler' driver.
DEBUG - 2026-02-13 13:48:36 --> Session: Class initialized using 'CodeIgniter\Session\Handlers\FileHandler' driver.
DEBUG - 2026-02-13 13:48:54 --> Session: Class initialized using 'CodeIgniter\Session\Handlers\FileHandler' driver.
DEBUG - 2026-02-13 13:49:03 --> Session: Class initialized using 'CodeIgniter\Session\Handlers\FileHandler' driver.
CRITICAL - 2026-02-13 13:53:05 --> ParseError: syntax error, unexpected token ";", expecting "]"
[Method: GET, Route: member/create]
in APPPATH\Controllers\Member.php on line 218.
 1 SYSTEMPATH\Autoloader\Autoloader.php(295): CodeIgniter\Autoloader\Autoloader->includeFile('C:\\xampp\\htdocs\\MemberCreation\\app\\Controllers\\Member.php')
 2 SYSTEMPATH\Autoloader\Autoloader.php(271): CodeIgniter\Autoloader\Autoloader->loadInNamespace('App\\Controllers\\Member')
 3 [internal function]: CodeIgniter\Autoloader\Autoloader->loadClass('App\\Controllers\\Member')
 4 SYSTEMPATH\Router\Router.php(792): class_exists('\\App\\Controllers\\Member')
 5 SYSTEMPATH\Router\Router.php(230): CodeIgniter\Router\Router->processRouteAttributes()
 6 SYSTEMPATH\CodeIgniter.php(829): CodeIgniter\Router\Router->handle('member/create')
 7 SYSTEMPATH\CodeIgniter.php(441): CodeIgniter\CodeIgniter->tryToRouteIt(Object(CodeIgniter\Router\RouteCollection))
 8 SYSTEMPATH\CodeIgniter.php(340): CodeIgniter\CodeIgniter->handleRequest(null, Object(Config\Cache), false)
 9 SYSTEMPATH\Boot.php(417): CodeIgniter\CodeIgniter->run()
10 SYSTEMPATH\Boot.php(68): CodeIgniter\Boot::runCodeIgniter(Object(CodeIgniter\CodeIgniter))
11 FCPATH\index.php(59): CodeIgniter\Boot::bootWeb(Object(Config\Paths))
12 SYSTEMPATH\rewrite.php(44): require_once('C:\\xampp\\htdocs\\MemberCreation\\public\\index.php')
DEBUG - 2026-02-13 13:54:18 --> Session: Class initialized using 'CodeIgniter\Session\Handlers\FileHandler' driver.
DEBUG - 2026-02-13 13:58:09 --> Session: Class initialized using 'CodeIgniter\Session\Handlers\FileHandler' driver.
DEBUG - 2026-02-13 13:58:40 --> Session: Class initialized using 'CodeIgniter\Session\Handlers\FileHandler' driver.
DEBUG - 2026-02-13 13:59:52 --> Session: Class initialized using 'CodeIgniter\Session\Handlers\FileHandler' driver.
DEBUG - 2026-02-13 14:03:09 --> Session: Class initialized using 'CodeIgniter\Session\Handlers\FileHandler' driver.
DEBUG - 2026-02-13 14:03:57 --> Session: Class initialized using 'CodeIgniter\Session\Handlers\FileHandler' driver.
DEBUG - 2026-02-13 14:06:30 --> Session: Class initialized using 'CodeIgniter\Session\Handlers\FileHandler' driver.
DEBUG - 2026-02-13 14:07:06 --> Session: Class initialized using 'CodeIgniter\Session\Handlers\FileHandler' driver.
DEBUG - 2026-02-13 14:07:53 --> Session: Class initialized using 'CodeIgniter\Session\Handlers\FileHandler' driver.
DEBUG - 2026-02-13 14:08:14 --> Session: Class initialized using 'CodeIgniter\Session\Handlers\FileHandler' driver.
DEBUG - 2026-02-13 14:08:36 --> Session: Class initialized using 'CodeIgniter\Session\Handlers\FileHandler' driver.
DEBUG - 2026-02-13 14:09:02 --> Session: Class initialized using 'CodeIgniter\Session\Handlers\FileHandler' driver.
DEBUG - 2026-02-13 14:09:03 --> Session: Class initialized using 'CodeIgniter\Session\Handlers\FileHandler' driver.
DEBUG - 2026-02-13 14:09:28 --> Session: Class initialized using 'CodeIgniter\Session\Handlers\FileHandler' driver.
DEBUG - 2026-02-13 14:10:16 --> Session: Class initialized using 'CodeIgniter\Session\Handlers\FileHandler' driver.
DEBUG - 2026-02-13 14:10:20 --> Session: Class initialized using 'CodeIgniter\Session\Handlers\FileHandler' driver.
DEBUG - 2026-02-13 14:10:23 --> Session: Class initialized using 'CodeIgniter\Session\Handlers\FileHandler' driver.
DEBUG - 2026-02-13 14:11:46 --> Session: Class initialized using 'CodeIgniter\Session\Handlers\FileHandler' driver.
DEBUG - 2026-02-13 14:11:52 --> Session: Class initialized using 'CodeIgniter\Session\Handlers\FileHandler' driver.
DEBUG - 2026-02-13 14:11:53 --> Session: Class initialized using 'CodeIgniter\Session\Handlers\FileHandler' driver.
DEBUG - 2026-02-13 14:12:11 --> Session: Class initialized using 'CodeIgniter\Session\Handlers\FileHandler' driver.
DEBUG - 2026-02-13 14:12:12 --> Session: Class initialized using 'CodeIgniter\Session\Handlers\FileHandler' driver.
DEBUG - 2026-02-13 14:13:21 --> Session: Class initialized using 'CodeIgniter\Session\Handlers\FileHandler' driver.
DEBUG - 2026-02-13 14:13:21 --> Session: Class initialized using 'CodeIgniter\Session\Handlers\FileHandler' driver.
DEBUG - 2026-02-13 14:13:32 --> Session: Class initialized using 'CodeIgniter\Session\Handlers\FileHandler' driver.
DEBUG - 2026-02-13 14:13:33 --> Session: Class initialized using 'CodeIgniter\Session\Handlers\FileHandler' driver.
DEBUG - 2026-02-13 14:13:46 --> Session: Class initialized using 'CodeIgniter\Session\Handlers\FileHandler' driver.
DEBUG - 2026-02-13 14:13:49 --> Session: Class initialized using 'CodeIgniter\Session\Handlers\FileHandler' driver.
DEBUG - 2026-02-13 14:13:57 --> Session: Class initialized using 'CodeIgniter\Session\Handlers\FileHandler' driver.
DEBUG - 2026-02-13 14:14:02 --> Session: Class initialized using 'CodeIgniter\Session\Handlers\FileHandler' driver.
DEBUG - 2026-02-13 14:14:12 --> Session: Class initialized using 'CodeIgniter\Session\Handlers\FileHandler' driver.
DEBUG - 2026-02-13 14:14:13 --> Session: Class initialized using 'CodeIgniter\Session\Handlers\FileHandler' driver.
DEBUG - 2026-02-13 14:14:20 --> Session: Class initialized using 'CodeIgniter\Session\Handlers\FileHandler' driver.
DEBUG - 2026-02-13 14:14:58 --> Session: Class initialized using 'CodeIgniter\Session\Handlers\FileHandler' driver.
DEBUG - 2026-02-13 14:17:18 --> Session: Class initialized using 'CodeIgniter\Session\Handlers\FileHandler' driver.
DEBUG - 2026-02-13 14:32:03 --> Session: Class initialized using 'CodeIgniter\Session\Handlers\FileHandler' driver.
