DEBUG - 2026-02-14 04:34:25 --> Session: Class initialized using 'CodeIgniter\Session\Handlers\FileHandler' driver.
DEBUG - 2026-02-14 04:34:37 --> Session: Class initialized using 'CodeIgniter\Session\Handlers\FileHandler' driver.
DEBUG - 2026-02-14 04:34:37 --> Session: Class initialized using 'CodeIgniter\Session\Handlers\FileHandler' driver.
DEBUG - 2026-02-14 04:38:14 --> Session: Class initialized using 'CodeIgniter\Session\Handlers\FileHandler' driver.
DEBUG - 2026-02-14 04:39:12 --> Session: Class initialized using 'CodeIgniter\Session\Handlers\FileHandler' driver.
DEBUG - 2026-02-14 04:39:38 --> Session: Class initialized using 'CodeIgniter\Session\Handlers\FileHandler' driver.
DEBUG - 2026-02-14 04:41:20 --> Session: Class initialized using 'CodeIgniter\Session\Handlers\FileHandler' driver.
DEBUG - 2026-02-14 04:41:31 --> Session: Class initialized using 'CodeIgniter\Session\Handlers\FileHandler' driver.
DEBUG - 2026-02-14 04:42:28 --> Session: Class initialized using 'CodeIgniter\Session\Handlers\FileHandler' driver.
DEBUG - 2026-02-14 04:42:32 --> Session: Class initialized using 'CodeIgniter\Session\Handlers\FileHandler' driver.
DEBUG - 2026-02-14 04:42:37 --> Session: Class initialized using 'CodeIgniter\Session\Handlers\FileHandler' driver.
DEBUG - 2026-02-14 04:43:20 --> Session: Class initialized using 'CodeIgniter\Session\Handlers\FileHandler' driver.
DEBUG - 2026-02-14 04:45:47 --> Session: Class initialized using 'CodeIgniter\Session\Handlers\FileHandler' driver.
DEBUG - 2026-02-14 04:45:52 --> Session: Class initialized using 'CodeIgniter\Session\Handlers\FileHandler' driver.
DEBUG - 2026-02-14 04:45:56 --> Session: Class initialized using 'CodeIgniter\Session\Handlers\FileHandler' driver.
DEBUG - 2026-02-14 04:49:06 --> Session: Class initialized using 'CodeIgniter\Session\Handlers\FileHandler' driver.
DEBUG - 2026-02-14 04:49:08 --> Session: Class initialized using 'CodeIgniter\Session\Handlers\FileHandler' driver.
DEBUG - 2026-02-14 04:49:16 --> Session: Class initialized using 'CodeIgniter\Session\Handlers\FileHandler' driver.
DEBUG - 2026-02-14 04:49:20 --> Session: Class initialized using 'CodeIgniter\Session\Handlers\FileHandler' driver.
CRITICAL - 2026-02-14 05:11:57 --> ErrorException: Trait "App\Controllers\Dompdf\Dompdf" not found
[Method: GET, Route: member/create]
in APPPATH\Controllers\Member.php on line 7.
 1 [internal function]: CodeIgniter\Debug\Exceptions->shutdownHandler()
DEBUG - 2026-02-14 05:19:49 --> Session: Class initialized using 'CodeIgniter\Session\Handlers\FileHandler' driver.
DEBUG - 2026-02-14 05:19:54 --> Session: Class initialized using 'CodeIgniter\Session\Handlers\FileHandler' driver.
DEBUG - 2026-02-14 05:20:04 --> Session: Class initialized using 'CodeIgniter\Session\Handlers\FileHandler' driver.
DEBUG - 2026-02-14 05:26:12 --> Session: Class initialized using 'CodeIgniter\Session\Handlers\FileHandler' driver.
DEBUG - 2026-02-14 05:26:16 --> Session: Class initialized using 'CodeIgniter\Session\Handlers\FileHandler' driver.
DEBUG - 2026-02-14 05:26:39 --> Session: Class initialized using 'CodeIgniter\Session\Handlers\FileHandler' driver.
DEBUG - 2026-02-14 05:26:57 --> Session: Class initialized using 'CodeIgniter\Session\Handlers\FileHandler' driver.
DEBUG - 2026-02-14 05:27:42 --> Session: Class initialized using 'CodeIgniter\Session\Handlers\FileHandler' driver.
DEBUG - 2026-02-14 05:30:18 --> Session: Class initialized using 'CodeIgniter\Session\Handlers\FileHandler' driver.
DEBUG - 2026-02-14 05:32:01 --> Session: Class initialized using 'CodeIgniter\Session\Handlers\FileHandler' driver.
DEBUG - 2026-02-14 05:33:31 --> Session: Class initialized using 'CodeIgniter\Session\Handlers\FileHandler' driver.
DEBUG - 2026-02-14 05:34:13 --> Session: Class initialized using 'CodeIgniter\Session\Handlers\FileHandler' driver.
DEBUG - 2026-02-14 05:34:24 --> Session: Class initialized using 'CodeIgniter\Session\Handlers\FileHandler' driver.
DEBUG - 2026-02-14 05:34:27 --> Session: Class initialized using 'CodeIgniter\Session\Handlers\FileHandler' driver.
DEBUG - 2026-02-14 05:35:04 --> Session: Class initialized using 'CodeIgniter\Session\Handlers\FileHandler' driver.
DEBUG - 2026-02-14 05:35:13 --> Session: Class initialized using 'CodeIgniter\Session\Handlers\FileHandler' driver.
DEBUG - 2026-02-14 05:36:04 --> Session: Class initialized using 'CodeIgniter\Session\Handlers\FileHandler' driver.
DEBUG - 2026-02-14 05:36:19 --> Session: Class initialized using 'CodeIgniter\Session\Handlers\FileHandler' driver.
DEBUG - 2026-02-14 05:36:33 --> Session: Class initialized using 'CodeIgniter\Session\Handlers\FileHandler' driver.
DEBUG - 2026-02-14 05:37:52 --> Session: Class initialized using 'CodeIgniter\Session\Handlers\FileHandler' driver.
DEBUG - 2026-02-14 05:37:55 --> Session: Class initialized using 'CodeIgniter\Session\Handlers\FileHandler' driver.
DEBUG - 2026-02-14 05:38:11 --> Session: Class initialized using 'CodeIgniter\Session\Handlers\FileHandler' driver.
DEBUG - 2026-02-14 05:38:15 --> Session: Class initialized using 'CodeIgniter\Session\Handlers\FileHandler' driver.
DEBUG - 2026-02-14 05:38:16 --> Session: Class initialized using 'CodeIgniter\Session\Handlers\FileHandler' driver.
DEBUG - 2026-02-14 05:42:07 --> Session: Class initialized using 'CodeIgniter\Session\Handlers\FileHandler' driver.
DEBUG - 2026-02-14 05:42:12 --> Session: Class initialized using 'CodeIgniter\Session\Handlers\FileHandler' driver.
DEBUG - 2026-02-14 05:45:45 --> Session: Class initialized using 'CodeIgniter\Session\Handlers\FileHandler' driver.
DEBUG - 2026-02-14 05:46:15 --> Session: Class initialized using 'CodeIgniter\Session\Handlers\FileHandler' driver.
DEBUG - 2026-02-14 05:49:25 --> Session: Class initialized using 'CodeIgniter\Session\Handlers\FileHandler' driver.
DEBUG - 2026-02-14 05:50:43 --> Session: Class initialized using 'CodeIgniter\Session\Handlers\FileHandler' driver.
DEBUG - 2026-02-14 05:51:41 --> Session: Class initialized using 'CodeIgniter\Session\Handlers\FileHandler' driver.
DEBUG - 2026-02-14 05:54:33 --> Session: Class initialized using 'CodeIgniter\Session\Handlers\FileHandler' driver.
DEBUG - 2026-02-14 05:56:23 --> Session: Class initialized using 'CodeIgniter\Session\Handlers\FileHandler' driver.
DEBUG - 2026-02-14 05:56:40 --> Session: Class initialized using 'CodeIgniter\Session\Handlers\FileHandler' driver.
DEBUG - 2026-02-14 06:00:54 --> Session: Class initialized using 'CodeIgniter\Session\Handlers\FileHandler' driver.
DEBUG - 2026-02-14 06:02:19 --> Session: Class initialized using 'CodeIgniter\Session\Handlers\FileHandler' driver.
DEBUG - 2026-02-14 06:02:49 --> Session: Class initialized using 'CodeIgniter\Session\Handlers\FileHandler' driver.
DEBUG - 2026-02-14 06:02:56 --> Session: Class initialized using 'CodeIgniter\Session\Handlers\FileHandler' driver.
DEBUG - 2026-02-14 06:04:45 --> Session: Class initialized using 'CodeIgniter\Session\Handlers\FileHandler' driver.
DEBUG - 2026-02-14 06:15:43 --> Session: Class initialized using 'CodeIgniter\Session\Handlers\FileHandler' driver.
DEBUG - 2026-02-14 06:15:48 --> Session: Class initialized using 'CodeIgniter\Session\Handlers\FileHandler' driver.
DEBUG - 2026-02-14 06:22:43 --> Session: Class initialized using 'CodeIgniter\Session\Handlers\FileHandler' driver.
DEBUG - 2026-02-14 06:22:45 --> Session: Class initialized using 'CodeIgniter\Session\Handlers\FileHandler' driver.
DEBUG - 2026-02-14 06:22:48 --> Session: Class initialized using 'CodeIgniter\Session\Handlers\FileHandler' driver.
DEBUG - 2026-02-14 06:22:49 --> Session: Class initialized using 'CodeIgniter\Session\Handlers\FileHandler' driver.
DEBUG - 2026-02-14 06:23:13 --> Session: Class initialized using 'CodeIgniter\Session\Handlers\FileHandler' driver.
DEBUG - 2026-02-14 06:23:47 --> Session: Class initialized using 'CodeIgniter\Session\Handlers\FileHandler' driver.
DEBUG - 2026-02-14 06:23:57 --> Session: Class initialized using 'CodeIgniter\Session\Handlers\FileHandler' driver.
DEBUG - 2026-02-14 06:23:58 --> Session: Class initialized using 'CodeIgniter\Session\Handlers\FileHandler' driver.
DEBUG - 2026-02-14 06:24:21 --> Session: Class initialized using 'CodeIgniter\Session\Handlers\FileHandler' driver.
DEBUG - 2026-02-14 06:24:22 --> Session: Class initialized using 'CodeIgniter\Session\Handlers\FileHandler' driver.
DEBUG - 2026-02-14 06:24:32 --> Session: Class initialized using 'CodeIgniter\Session\Handlers\FileHandler' driver.
DEBUG - 2026-02-14 06:24:39 --> Session: Class initialized using 'CodeIgniter\Session\Handlers\FileHandler' driver.
DEBUG - 2026-02-14 06:24:44 --> Session: Class initialized using 'CodeIgniter\Session\Handlers\FileHandler' driver.
DEBUG - 2026-02-14 06:24:49 --> Session: Class initialized using 'CodeIgniter\Session\Handlers\FileHandler' driver.
DEBUG - 2026-02-14 06:24:53 --> Session: Class initialized using 'CodeIgniter\Session\Handlers\FileHandler' driver.
DEBUG - 2026-02-14 06:25:00 --> Session: Class initialized using 'CodeIgniter\Session\Handlers\FileHandler' driver.
DEBUG - 2026-02-14 06:25:01 --> Session: Class initialized using 'CodeIgniter\Session\Handlers\FileHandler' driver.
DEBUG - 2026-02-14 06:25:05 --> Session: Class initialized using 'CodeIgniter\Session\Handlers\FileHandler' driver.
DEBUG - 2026-02-14 06:25:30 --> Session: Class initialized using 'CodeIgniter\Session\Handlers\FileHandler' driver.
DEBUG - 2026-02-14 06:27:03 --> Session: Class initialized using 'CodeIgniter\Session\Handlers\FileHandler' driver.
DEBUG - 2026-02-14 06:27:09 --> Session: Class initialized using 'CodeIgniter\Session\Handlers\FileHandler' driver.
DEBUG - 2026-02-14 06:28:27 --> Session: Class initialized using 'CodeIgniter\Session\Handlers\FileHandler' driver.
DEBUG - 2026-02-14 06:37:37 --> Session: Class initialized using 'CodeIgniter\Session\Handlers\FileHandler' driver.
DEBUG - 2026-02-14 06:37:39 --> Session: Class initialized using 'CodeIgniter\Session\Handlers\FileHandler' driver.
DEBUG - 2026-02-14 06:39:00 --> Session: Class initialized using 'CodeIgniter\Session\Handlers\FileHandler' driver.
DEBUG - 2026-02-14 06:54:20 --> Session: Class initialized using 'CodeIgniter\Session\Handlers\FileHandler' driver.
DEBUG - 2026-02-14 06:54:43 --> Session: Class initialized using 'CodeIgniter\Session\Handlers\FileHandler' driver.
DEBUG - 2026-02-14 06:54:47 --> Session: Class initialized using 'CodeIgniter\Session\Handlers\FileHandler' driver.
DEBUG - 2026-02-14 06:58:34 --> Session: Class initialized using 'CodeIgniter\Session\Handlers\FileHandler' driver.
DEBUG - 2026-02-14 06:58:37 --> Session: Class initialized using 'CodeIgniter\Session\Handlers\FileHandler' driver.
DEBUG - 2026-02-14 06:58:40 --> Session: Class initialized using 'CodeIgniter\Session\Handlers\FileHandler' driver.
DEBUG - 2026-02-14 07:10:51 --> Session: Class initialized using 'CodeIgniter\Session\Handlers\FileHandler' driver.
DEBUG - 2026-02-14 07:11:17 --> Session: Class initialized using 'CodeIgniter\Session\Handlers\FileHandler' driver.
DEBUG - 2026-02-14 07:12:04 --> Session: Class initialized using 'CodeIgniter\Session\Handlers\FileHandler' driver.
DEBUG - 2026-02-14 07:12:09 --> Session: Class initialized using 'CodeIgniter\Session\Handlers\FileHandler' driver.
DEBUG - 2026-02-14 07:12:14 --> Session: Class initialized using 'CodeIgniter\Session\Handlers\FileHandler' driver.
DEBUG - 2026-02-14 07:30:18 --> Session: Class initialized using 'CodeIgniter\Session\Handlers\FileHandler' driver.
DEBUG - 2026-02-14 07:33:19 --> Session: Class initialized using 'CodeIgniter\Session\Handlers\FileHandler' driver.
DEBUG - 2026-02-14 08:04:27 --> Session: Class initialized using 'CodeIgniter\Session\Handlers\FileHandler' driver.
DEBUG - 2026-02-14 08:05:15 --> Session: Class initialized using 'CodeIgniter\Session\Handlers\FileHandler' driver.
DEBUG - 2026-02-14 08:07:12 --> Session: Class initialized using 'CodeIgniter\Session\Handlers\FileHandler' driver.
DEBUG - 2026-02-14 08:07:58 --> Session: Class initialized using 'CodeIgniter\Session\Handlers\FileHandler' driver.
DEBUG - 2026-02-14 08:10:57 --> Session: Class initialized using 'CodeIgniter\Session\Handlers\FileHandler' driver.
DEBUG - 2026-02-14 08:10:59 --> Session: Class initialized using 'CodeIgniter\Session\Handlers\FileHandler' driver.
DEBUG - 2026-02-14 08:11:04 --> Session: Class initialized using 'CodeIgniter\Session\Handlers\FileHandler' driver.
DEBUG - 2026-02-14 08:11:14 --> Session: Class initialized using 'CodeIgniter\Session\Handlers\FileHandler' driver.
DEBUG - 2026-02-14 08:25:02 --> Session: Class initialized using 'CodeIgniter\Session\Handlers\FileHandler' driver.
DEBUG - 2026-02-14 09:22:43 --> Session: Class initialized using 'CodeIgniter\Session\Handlers\FileHandler' driver.
DEBUG - 2026-02-14 09:28:57 --> Session: Class initialized using 'CodeIgniter\Session\Handlers\FileHandler' driver.
DEBUG - 2026-02-14 09:38:39 --> Session: Class initialized using 'CodeIgniter\Session\Handlers\FileHandler' driver.
DEBUG - 2026-02-14 09:39:10 --> Session: Class initialized using 'CodeIgniter\Session\Handlers\FileHandler' driver.
DEBUG - 2026-02-14 09:39:23 --> Session: Class initialized using 'CodeIgniter\Session\Handlers\FileHandler' driver.
DEBUG - 2026-02-14 09:48:41 --> Session: Class initialized using 'CodeIgniter\Session\Handlers\FileHandler' driver.
DEBUG - 2026-02-14 09:48:58 --> Session: Class initialized using 'CodeIgniter\Session\Handlers\FileHandler' driver.
DEBUG - 2026-02-14 09:49:01 --> Session: Class initialized using 'CodeIgniter\Session\Handlers\FileHandler' driver.
DEBUG - 2026-02-14 09:49:08 --> Session: Class initialized using 'CodeIgniter\Session\Handlers\FileHandler' driver.
DEBUG - 2026-02-14 09:49:10 --> Session: Class initialized using 'CodeIgniter\Session\Handlers\FileHandler' driver.
DEBUG - 2026-02-14 09:50:41 --> Session: Class initialized using 'CodeIgniter\Session\Handlers\FileHandler' driver.
DEBUG - 2026-02-14 09:50:41 --> Session: Class initialized using 'CodeIgniter\Session\Handlers\FileHandler' driver.
DEBUG - 2026-02-14 09:50:51 --> Session: Class initialized using 'CodeIgniter\Session\Handlers\FileHandler' driver.
DEBUG - 2026-02-14 09:50:58 --> Session: Class initialized using 'CodeIgniter\Session\Handlers\FileHandler' driver.
DEBUG - 2026-02-14 09:51:45 --> Session: Class initialized using 'CodeIgniter\Session\Handlers\FileHandler' driver.
DEBUG - 2026-02-14 09:59:51 --> Session: Class initialized using 'CodeIgniter\Session\Handlers\FileHandler' driver.
DEBUG - 2026-02-14 10:08:08 --> Session: Class initialized using 'CodeIgniter\Session\Handlers\FileHandler' driver.
DEBUG - 2026-02-14 10:28:33 --> Session: Class initialized using 'CodeIgniter\Session\Handlers\FileHandler' driver.
DEBUG - 2026-02-14 10:43:01 --> Session: Class initialized using 'CodeIgniter\Session\Handlers\FileHandler' driver.
DEBUG - 2026-02-14 10:43:39 --> Session: Class initialized using 'CodeIgniter\Session\Handlers\FileHandler' driver.
DEBUG - 2026-02-14 10:43:54 --> Session: Class initialized using 'CodeIgniter\Session\Handlers\FileHandler' driver.
DEBUG - 2026-02-14 10:44:52 --> Session: Class initialized using 'CodeIgniter\Session\Handlers\FileHandler' driver.
DEBUG - 2026-02-14 10:54:17 --> Session: Class initialized using 'CodeIgniter\Session\Handlers\FileHandler' driver.
DEBUG - 2026-02-14 11:01:14 --> Session: Class initialized using 'CodeIgniter\Session\Handlers\FileHandler' driver.
DEBUG - 2026-02-14 11:01:15 --> Session: Class initialized using 'CodeIgniter\Session\Handlers\FileHandler' driver.
DEBUG - 2026-02-14 11:01:25 --> Session: Class initialized using 'CodeIgniter\Session\Handlers\FileHandler' driver.
DEBUG - 2026-02-14 11:01:33 --> Session: Class initialized using 'CodeIgniter\Session\Handlers\FileHandler' driver.
DEBUG - 2026-02-14 11:04:29 --> Session: Class initialized using 'CodeIgniter\Session\Handlers\FileHandler' driver.
DEBUG - 2026-02-14 11:04:48 --> Session: Class initialized using 'CodeIgniter\Session\Handlers\FileHandler' driver.
DEBUG - 2026-02-14 11:04:55 --> Session: Class initialized using 'CodeIgniter\Session\Handlers\FileHandler' driver.
DEBUG - 2026-02-14 11:04:58 --> Session: Class initialized using 'CodeIgniter\Session\Handlers\FileHandler' driver.
DEBUG - 2026-02-14 11:16:09 --> Session: Class initialized using 'CodeIgniter\Session\Handlers\FileHandler' driver.
DEBUG - 2026-02-14 11:16:14 --> Session: Class initialized using 'CodeIgniter\Session\Handlers\FileHandler' driver.
DEBUG - 2026-02-14 12:01:35 --> Session: Class initialized using 'CodeIgniter\Session\Handlers\FileHandler' driver.
DEBUG - 2026-02-14 12:01:44 --> Session: Class initialized using 'CodeIgniter\Session\Handlers\FileHandler' driver.
DEBUG - 2026-02-14 12:01:45 --> Session: Class initialized using 'CodeIgniter\Session\Handlers\FileHandler' driver.
DEBUG - 2026-02-14 12:03:42 --> Session: Class initialized using 'CodeIgniter\Session\Handlers\FileHandler' driver.
DEBUG - 2026-02-14 12:09:04 --> Session: Class initialized using 'CodeIgniter\Session\Handlers\FileHandler' driver.
DEBUG - 2026-02-14 12:10:27 --> Session: Class initialized using 'CodeIgniter\Session\Handlers\FileHandler' driver.
DEBUG - 2026-02-14 12:17:27 --> Session: Class initialized using 'CodeIgniter\Session\Handlers\FileHandler' driver.
DEBUG - 2026-02-14 12:19:30 --> Session: Class initialized using 'CodeIgniter\Session\Handlers\FileHandler' driver.
DEBUG - 2026-02-14 12:24:15 --> Session: Class initialized using 'CodeIgniter\Session\Handlers\FileHandler' driver.
DEBUG - 2026-02-14 12:28:25 --> Session: Class initialized using 'CodeIgniter\Session\Handlers\FileHandler' driver.
DEBUG - 2026-02-14 12:28:39 --> Session: Class initialized using 'CodeIgniter\Session\Handlers\FileHandler' driver.
DEBUG - 2026-02-14 12:28:40 --> Session: Class initialized using 'CodeIgniter\Session\Handlers\FileHandler' driver.
DEBUG - 2026-02-14 12:32:44 --> Session: Class initialized using 'CodeIgniter\Session\Handlers\FileHandler' driver.
DEBUG - 2026-02-14 12:32:54 --> Session: Class initialized using 'CodeIgniter\Session\Handlers\FileHandler' driver.
DEBUG - 2026-02-14 12:32:54 --> Session: Class initialized using 'CodeIgniter\Session\Handlers\FileHandler' driver.
DEBUG - 2026-02-14 12:36:39 --> Session: Class initialized using 'CodeIgniter\Session\Handlers\FileHandler' driver.
ERROR - 2026-02-14 12:36:39 --> Cannot add or update a child row: a foreign key constraint fails (`customer_db`.`members`, CONSTRAINT `fk_introducer` FOREIGN KEY (`introducer_member_id`) REFERENCES `members` (`id`) ON DELETE SET NULL ON UPDATE CASCADE)
in SYSTEMPATH\Database\MySQLi\Connection.php on line 300.
 1 SYSTEMPATH\Database\MySQLi\Connection.php(300): mysqli->query('INSERT INTO `members` (`customer_id`, `member_code`, `title`, `name`, `father`, `residential_address`, `mobile`, `email`, `permanent_address`, `pincode`, `area`, `city`, `taluk`, `district`, `state`, `country`, `dob`, `age`, `gender`, `occupation`, `religion`, `caste`, `adhar`, `pan`, `voter`, `marital_status`, `dl_no`, `gst_no`, `passport_no`, `gas_consumer_no`, `gas_company`, `property_details`, `nominee_name`, `nominee_father`, `nominee_gender`, `nominee_relation`, `nominee_adhar`, `nominee_address`, `nominee_other_details`, `nominee_age`, `nominee_mobile`, `introducer_member_id`, `dcc_adb_bankname`, `dcc_adb_accountnumber`, `dcc_adb_ifsccode`, `dcc_adb_branchname`, `dcc_adb_rupaycard`, `dcc_adb_cheque`, `other_bankname`, `other_accountnumber`, `other_ifsccode`, `other_branchname`, `other_rupaycard`, `other_cheque`, `photo`, `signature`) VALUES (\'CUST004\', \'252525\', \'Mr\', \'SATHISH\', \'THIMMANNA\', \'AGOLI, GANGAVATHI\', \'9595665656\', \'jadhhdh@gmail.com\', \'AGOLI, GANGAVATHI\', \'583235\', \'AGOLI\', \'AGOLI\', \'GANGAVATHI\', \'KOPPAL\', \'KAR\', \'IND\', \'2000-05-01\', \'25\', \'Male\', \'STUDENT\', \'HINDU\', \'LINGAYAT\', \'125466566565\', \'ABCDE1234F\', \'2445656234\', \'Single\', \'5646456556\', \'562456256245625\', \'56245625\', \'6654565865\', \'HP\', \'NOT APPLICABLE\', \'THIMMANNA\', \'SHEKHARAPPA\', \'Male\', \'Father\', \'956856565646\', \'AGOLI, GANGAVATHI\', \'n/a\', \'38\', \'9656565226\', \'\', \'\', \'\', \'\', \'\', \'no\', \'no\', \'\', \'\', \'\', \'\', \'no\', \'no\', \'1771072599_07d63ebce4c53ab9d145.jpeg\', \'1771072599_334cd00bf2f60038b684.jpeg\')', 0)
 2 SYSTEMPATH\Database\BaseConnection.php(769): CodeIgniter\Database\MySQLi\Connection->execute('INSERT INTO `members` (`customer_id`, `member_code`, `title`, `name`, `father`, `residential_address`, `mobile`, `email`, `permanent_address`, `pincode`, `area`, `city`, `taluk`, `district`, `state`, `country`, `dob`, `age`, `gender`, `occupation`, `religion`, `caste`, `adhar`, `pan`, `voter`, `marital_status`, `dl_no`, `gst_no`, `passport_no`, `gas_consumer_no`, `gas_company`, `property_details`, `nominee_name`, `nominee_father`, `nominee_gender`, `nominee_relation`, `nominee_adhar`, `nominee_address`, `nominee_other_details`, `nominee_age`, `nominee_mobile`, `introducer_member_id`, `dcc_adb_bankname`, `dcc_adb_accountnumber`, `dcc_adb_ifsccode`, `dcc_adb_branchname`, `dcc_adb_rupaycard`, `dcc_adb_cheque`, `other_bankname`, `other_accountnumber`, `other_ifsccode`, `other_branchname`, `other_rupaycard`, `other_cheque`, `photo`, `signature`) VALUES (\'CUST004\', \'252525\', \'Mr\', \'SATHISH\', \'THIMMANNA\', \'AGOLI, GANGAVATHI\', \'9595665656\', \'jadhhdh@gmail.com\', \'AGOLI, GANGAVATHI\', \'583235\', \'AGOLI\', \'AGOLI\', \'GANGAVATHI\', \'KOPPAL\', \'KAR\', \'IND\', \'2000-05-01\', \'25\', \'Male\', \'STUDENT\', \'HINDU\', \'LINGAYAT\', \'125466566565\', \'ABCDE1234F\', \'2445656234\', \'Single\', \'5646456556\', \'562456256245625\', \'56245625\', \'6654565865\', \'HP\', \'NOT APPLICABLE\', \'THIMMANNA\', \'SHEKHARAPPA\', \'Male\', \'Father\', \'956856565646\', \'AGOLI, GANGAVATHI\', \'n/a\', \'38\', \'9656565226\', \'\', \'\', \'\', \'\', \'\', \'no\', \'no\', \'\', \'\', \'\', \'\', \'no\', \'no\', \'1771072599_07d63ebce4c53ab9d145.jpeg\', \'1771072599_334cd00bf2f60038b684.jpeg\')')
 3 SYSTEMPATH\Database\BaseConnection.php(686): CodeIgniter\Database\BaseConnection->simpleQuery('INSERT INTO `members` (`customer_id`, `member_code`, `title`, `name`, `father`, `residential_address`, `mobile`, `email`, `permanent_address`, `pincode`, `area`, `city`, `taluk`, `district`, `state`, `country`, `dob`, `age`, `gender`, `occupation`, `religion`, `caste`, `adhar`, `pan`, `voter`, `marital_status`, `dl_no`, `gst_no`, `passport_no`, `gas_consumer_no`, `gas_company`, `property_details`, `nominee_name`, `nominee_father`, `nominee_gender`, `nominee_relation`, `nominee_adhar`, `nominee_address`, `nominee_other_details`, `nominee_age`, `nominee_mobile`, `introducer_member_id`, `dcc_adb_bankname`, `dcc_adb_accountnumber`, `dcc_adb_ifsccode`, `dcc_adb_branchname`, `dcc_adb_rupaycard`, `dcc_adb_cheque`, `other_bankname`, `other_accountnumber`, `other_ifsccode`, `other_branchname`, `other_rupaycard`, `other_cheque`, `photo`, `signature`) VALUES (\'CUST004\', \'252525\', \'Mr\', \'SATHISH\', \'THIMMANNA\', \'AGOLI, GANGAVATHI\', \'9595665656\', \'jadhhdh@gmail.com\', \'AGOLI, GANGAVATHI\', \'583235\', \'AGOLI\', \'AGOLI\', \'GANGAVATHI\', \'KOPPAL\', \'KAR\', \'IND\', \'2000-05-01\', \'25\', \'Male\', \'STUDENT\', \'HINDU\', \'LINGAYAT\', \'125466566565\', \'ABCDE1234F\', \'2445656234\', \'Single\', \'5646456556\', \'562456256245625\', \'56245625\', \'6654565865\', \'HP\', \'NOT APPLICABLE\', \'THIMMANNA\', \'SHEKHARAPPA\', \'Male\', \'Father\', \'956856565646\', \'AGOLI, GANGAVATHI\', \'n/a\', \'38\', \'9656565226\', \'\', \'\', \'\', \'\', \'\', \'no\', \'no\', \'\', \'\', \'\', \'\', \'no\', \'no\', \'1771072599_07d63ebce4c53ab9d145.jpeg\', \'1771072599_334cd00bf2f60038b684.jpeg\')')
 4 SYSTEMPATH\Database\BaseBuilder.php(2345): CodeIgniter\Database\BaseConnection->query('INSERT INTO `members` (`customer_id`, `member_code`, `title`, `name`, `father`, `residential_address`, `mobile`, `email`, `permanent_address`, `pincode`, `area`, `city`, `taluk`, `district`, `state`, `country`, `dob`, `age`, `gender`, `occupation`, `religion`, `caste`, `adhar`, `pan`, `voter`, `marital_status`, `dl_no`, `gst_no`, `passport_no`, `gas_consumer_no`, `gas_company`, `property_details`, `nominee_name`, `nominee_father`, `nominee_gender`, `nominee_relation`, `nominee_adhar`, `nominee_address`, `nominee_other_details`, `nominee_age`, `nominee_mobile`, `introducer_member_id`, `dcc_adb_bankname`, `dcc_adb_accountnumber`, `dcc_adb_ifsccode`, `dcc_adb_branchname`, `dcc_adb_rupaycard`, `dcc_adb_cheque`, `other_bankname`, `other_accountnumber`, `other_ifsccode`, `other_branchname`, `other_rupaycard`, `other_cheque`, `photo`, `signature`) VALUES (:customer_id:, :member_code:, :title:, :name:, :father:, :residential_address:, :mobile:, :email:, :permanent_address:, :pincode:, :area:, :city:, :taluk:, :district:, :state:, :country:, :dob:, :age:, :gender:, :occupation:, :religion:, :caste:, :adhar:, :pan:, :voter:, :marital_status:, :dl_no:, :gst_no:, :passport_no:, :gas_consumer_no:, :gas_company:, :property_details:, :nominee_name:, :nominee_father:, :nominee_gender:, :nominee_relation:, :nominee_adhar:, :nominee_address:, :nominee_other_details:, :nominee_age:, :nominee_mobile:, :introducer_member_id:, :dcc_adb_bankname:, :dcc_adb_accountnumber:, :dcc_adb_ifsccode:, :dcc_adb_branchname:, :dcc_adb_rupaycard:, :dcc_adb_cheque:, :other_bankname:, :other_accountnumber:, :other_ifsccode:, :other_branchname:, :other_rupaycard:, :other_cheque:, :photo:, :signature:)', [...], false)
 5 SYSTEMPATH\Model.php(356): CodeIgniter\Database\BaseBuilder->insert()
 6 SYSTEMPATH\BaseModel.php(898): CodeIgniter\Model->doInsert([...])
 7 SYSTEMPATH\Model.php(665): CodeIgniter\BaseModel->insert([...], true)
 8 APPPATH\Controllers\Member.php(133): CodeIgniter\Model->insert([...])
 9 SYSTEMPATH\CodeIgniter.php(951): App\Controllers\Member->store()
10 SYSTEMPATH\CodeIgniter.php(497): CodeIgniter\CodeIgniter->runController(Object(App\Controllers\Member))
11 SYSTEMPATH\CodeIgniter.php(340): CodeIgniter\CodeIgniter->handleRequest(null, Object(Config\Cache), false)
12 SYSTEMPATH\Boot.php(417): CodeIgniter\CodeIgniter->run()
13 SYSTEMPATH\Boot.php(68): CodeIgniter\Boot::runCodeIgniter(Object(CodeIgniter\CodeIgniter))
14 FCPATH\index.php(59): CodeIgniter\Boot::bootWeb(Object(Config\Paths))
15 SYSTEMPATH\rewrite.php(44): require_once('C:\\xampp\\htdocs\\MemberCreation\\public\\index.php')
CRITICAL - 2026-02-14 12:36:39 --> CodeIgniter\Database\Exceptions\DatabaseException: Cannot add or update a child row: a foreign key constraint fails (`customer_db`.`members`, CONSTRAINT `fk_introducer` FOREIGN KEY (`introducer_member_id`) REFERENCES `members` (`id`) ON DELETE SET NULL ON UPDATE CASCADE)
[Method: POST, Route: member/store]
in SYSTEMPATH\Database\BaseConnection.php on line 724.
 1 SYSTEMPATH\Database\BaseBuilder.php(2345): CodeIgniter\Database\BaseConnection->query('INSERT INTO `members` (`customer_id`, `member_code`, `title`, `name`, `father`, `residential_address`, `mobile`, `email`, `permanent_address`, `pincode`, `area`, `city`, `taluk`, `district`, `state`, `country`, `dob`, `age`, `gender`, `occupation`, `religion`, `caste`, `adhar`, `pan`, `voter`, `marital_status`, `dl_no`, `gst_no`, `passport_no`, `gas_consumer_no`, `gas_company`, `property_details`, `nominee_name`, `nominee_father`, `nominee_gender`, `nominee_relation`, `nominee_adhar`, `nominee_address`, `nominee_other_details`, `nominee_age`, `nominee_mobile`, `introducer_member_id`, `dcc_adb_bankname`, `dcc_adb_accountnumber`, `dcc_adb_ifsccode`, `dcc_adb_branchname`, `dcc_adb_rupaycard`, `dcc_adb_cheque`, `other_bankname`, `other_accountnumber`, `other_ifsccode`, `other_branchname`, `other_rupaycard`, `other_cheque`, `photo`, `signature`) VALUES (:customer_id:, :member_code:, :title:, :name:, :father:, :residential_address:, :mobile:, :email:, :permanent_address:, :pincode:, :area:, :city:, :taluk:, :district:, :state:, :country:, :dob:, :age:, :gender:, :occupation:, :religion:, :caste:, :adhar:, :pan:, :voter:, :marital_status:, :dl_no:, :gst_no:, :passport_no:, :gas_consumer_no:, :gas_company:, :property_details:, :nominee_name:, :nominee_father:, :nominee_gender:, :nominee_relation:, :nominee_adhar:, :nominee_address:, :nominee_other_details:, :nominee_age:, :nominee_mobile:, :introducer_member_id:, :dcc_adb_bankname:, :dcc_adb_accountnumber:, :dcc_adb_ifsccode:, :dcc_adb_branchname:, :dcc_adb_rupaycard:, :dcc_adb_cheque:, :other_bankname:, :other_accountnumber:, :other_ifsccode:, :other_branchname:, :other_rupaycard:, :other_cheque:, :photo:, :signature:)', [...], false)
 2 SYSTEMPATH\Model.php(356): CodeIgniter\Database\BaseBuilder->insert()
 3 SYSTEMPATH\BaseModel.php(898): CodeIgniter\Model->doInsert([...])
 4 SYSTEMPATH\Model.php(665): CodeIgniter\BaseModel->insert([...], true)
 5 APPPATH\Controllers\Member.php(133): CodeIgniter\Model->insert([...])
 6 SYSTEMPATH\CodeIgniter.php(951): App\Controllers\Member->store()
 7 SYSTEMPATH\CodeIgniter.php(497): CodeIgniter\CodeIgniter->runController(Object(App\Controllers\Member))
 8 SYSTEMPATH\CodeIgniter.php(340): CodeIgniter\CodeIgniter->handleRequest(null, Object(Config\Cache), false)
 9 SYSTEMPATH\Boot.php(417): CodeIgniter\CodeIgniter->run()
10 SYSTEMPATH\Boot.php(68): CodeIgniter\Boot::runCodeIgniter(Object(CodeIgniter\CodeIgniter))
11 FCPATH\index.php(59): CodeIgniter\Boot::bootWeb(Object(Config\Paths))
12 SYSTEMPATH\rewrite.php(44): require_once('C:\\xampp\\htdocs\\MemberCreation\\public\\index.php')
CRITICAL - 2026-02-14 12:36:39 --> [Caused by] CodeIgniter\Database\Exceptions\DatabaseException: Cannot add or update a child row: a foreign key constraint fails (`customer_db`.`members`, CONSTRAINT `fk_introducer` FOREIGN KEY (`introducer_member_id`) REFERENCES `members` (`id`) ON DELETE SET NULL ON UPDATE CASCADE)
in SYSTEMPATH\Database\MySQLi\Connection.php on line 310.
 1 SYSTEMPATH\Database\BaseConnection.php(769): CodeIgniter\Database\MySQLi\Connection->execute('INSERT INTO `members` (`customer_id`, `member_code`, `title`, `name`, `father`, `residential_address`, `mobile`, `email`, `permanent_address`, `pincode`, `area`, `city`, `taluk`, `district`, `state`, `country`, `dob`, `age`, `gender`, `occupation`, `religion`, `caste`, `adhar`, `pan`, `voter`, `marital_status`, `dl_no`, `gst_no`, `passport_no`, `gas_consumer_no`, `gas_company`, `property_details`, `nominee_name`, `nominee_father`, `nominee_gender`, `nominee_relation`, `nominee_adhar`, `nominee_address`, `nominee_other_details`, `nominee_age`, `nominee_mobile`, `introducer_member_id`, `dcc_adb_bankname`, `dcc_adb_accountnumber`, `dcc_adb_ifsccode`, `dcc_adb_branchname`, `dcc_adb_rupaycard`, `dcc_adb_cheque`, `other_bankname`, `other_accountnumber`, `other_ifsccode`, `other_branchname`, `other_rupaycard`, `other_cheque`, `photo`, `signature`) VALUES (\'CUST004\', \'252525\', \'Mr\', \'SATHISH\', \'THIMMANNA\', \'AGOLI, GANGAVATHI\', \'9595665656\', \'jadhhdh@gmail.com\', \'AGOLI, GANGAVATHI\', \'583235\', \'AGOLI\', \'AGOLI\', \'GANGAVATHI\', \'KOPPAL\', \'KAR\', \'IND\', \'2000-05-01\', \'25\', \'Male\', \'STUDENT\', \'HINDU\', \'LINGAYAT\', \'125466566565\', \'ABCDE1234F\', \'2445656234\', \'Single\', \'5646456556\', \'562456256245625\', \'56245625\', \'6654565865\', \'HP\', \'NOT APPLICABLE\', \'THIMMANNA\', \'SHEKHARAPPA\', \'Male\', \'Father\', \'956856565646\', \'AGOLI, GANGAVATHI\', \'n/a\', \'38\', \'9656565226\', \'\', \'\', \'\', \'\', \'\', \'no\', \'no\', \'\', \'\', \'\', \'\', \'no\', \'no\', \'1771072599_07d63ebce4c53ab9d145.jpeg\', \'1771072599_334cd00bf2f60038b684.jpeg\')')
 2 SYSTEMPATH\Database\BaseConnection.php(686): CodeIgniter\Database\BaseConnection->simpleQuery('INSERT INTO `members` (`customer_id`, `member_code`, `title`, `name`, `father`, `residential_address`, `mobile`, `email`, `permanent_address`, `pincode`, `area`, `city`, `taluk`, `district`, `state`, `country`, `dob`, `age`, `gender`, `occupation`, `religion`, `caste`, `adhar`, `pan`, `voter`, `marital_status`, `dl_no`, `gst_no`, `passport_no`, `gas_consumer_no`, `gas_company`, `property_details`, `nominee_name`, `nominee_father`, `nominee_gender`, `nominee_relation`, `nominee_adhar`, `nominee_address`, `nominee_other_details`, `nominee_age`, `nominee_mobile`, `introducer_member_id`, `dcc_adb_bankname`, `dcc_adb_accountnumber`, `dcc_adb_ifsccode`, `dcc_adb_branchname`, `dcc_adb_rupaycard`, `dcc_adb_cheque`, `other_bankname`, `other_accountnumber`, `other_ifsccode`, `other_branchname`, `other_rupaycard`, `other_cheque`, `photo`, `signature`) VALUES (\'CUST004\', \'252525\', \'Mr\', \'SATHISH\', \'THIMMANNA\', \'AGOLI, GANGAVATHI\', \'9595665656\', \'jadhhdh@gmail.com\', \'AGOLI, GANGAVATHI\', \'583235\', \'AGOLI\', \'AGOLI\', \'GANGAVATHI\', \'KOPPAL\', \'KAR\', \'IND\', \'2000-05-01\', \'25\', \'Male\', \'STUDENT\', \'HINDU\', \'LINGAYAT\', \'125466566565\', \'ABCDE1234F\', \'2445656234\', \'Single\', \'5646456556\', \'562456256245625\', \'56245625\', \'6654565865\', \'HP\', \'NOT APPLICABLE\', \'THIMMANNA\', \'SHEKHARAPPA\', \'Male\', \'Father\', \'956856565646\', \'AGOLI, GANGAVATHI\', \'n/a\', \'38\', \'9656565226\', \'\', \'\', \'\', \'\', \'\', \'no\', \'no\', \'\', \'\', \'\', \'\', \'no\', \'no\', \'1771072599_07d63ebce4c53ab9d145.jpeg\', \'1771072599_334cd00bf2f60038b684.jpeg\')')
 3 SYSTEMPATH\Database\BaseBuilder.php(2345): CodeIgniter\Database\BaseConnection->query('INSERT INTO `members` (`customer_id`, `member_code`, `title`, `name`, `father`, `residential_address`, `mobile`, `email`, `permanent_address`, `pincode`, `area`, `city`, `taluk`, `district`, `state`, `country`, `dob`, `age`, `gender`, `occupation`, `religion`, `caste`, `adhar`, `pan`, `voter`, `marital_status`, `dl_no`, `gst_no`, `passport_no`, `gas_consumer_no`, `gas_company`, `property_details`, `nominee_name`, `nominee_father`, `nominee_gender`, `nominee_relation`, `nominee_adhar`, `nominee_address`, `nominee_other_details`, `nominee_age`, `nominee_mobile`, `introducer_member_id`, `dcc_adb_bankname`, `dcc_adb_accountnumber`, `dcc_adb_ifsccode`, `dcc_adb_branchname`, `dcc_adb_rupaycard`, `dcc_adb_cheque`, `other_bankname`, `other_accountnumber`, `other_ifsccode`, `other_branchname`, `other_rupaycard`, `other_cheque`, `photo`, `signature`) VALUES (:customer_id:, :member_code:, :title:, :name:, :father:, :residential_address:, :mobile:, :email:, :permanent_address:, :pincode:, :area:, :city:, :taluk:, :district:, :state:, :country:, :dob:, :age:, :gender:, :occupation:, :religion:, :caste:, :adhar:, :pan:, :voter:, :marital_status:, :dl_no:, :gst_no:, :passport_no:, :gas_consumer_no:, :gas_company:, :property_details:, :nominee_name:, :nominee_father:, :nominee_gender:, :nominee_relation:, :nominee_adhar:, :nominee_address:, :nominee_other_details:, :nominee_age:, :nominee_mobile:, :introducer_member_id:, :dcc_adb_bankname:, :dcc_adb_accountnumber:, :dcc_adb_ifsccode:, :dcc_adb_branchname:, :dcc_adb_rupaycard:, :dcc_adb_cheque:, :other_bankname:, :other_accountnumber:, :other_ifsccode:, :other_branchname:, :other_rupaycard:, :other_cheque:, :photo:, :signature:)', [...], false)
 4 SYSTEMPATH\Model.php(356): CodeIgniter\Database\BaseBuilder->insert()
 5 SYSTEMPATH\BaseModel.php(898): CodeIgniter\Model->doInsert([...])
 6 SYSTEMPATH\Model.php(665): CodeIgniter\BaseModel->insert([...], true)
 7 APPPATH\Controllers\Member.php(133): CodeIgniter\Model->insert([...])
 8 SYSTEMPATH\CodeIgniter.php(951): App\Controllers\Member->store()
 9 SYSTEMPATH\CodeIgniter.php(497): CodeIgniter\CodeIgniter->runController(Object(App\Controllers\Member))
10 SYSTEMPATH\CodeIgniter.php(340): CodeIgniter\CodeIgniter->handleRequest(null, Object(Config\Cache), false)
11 SYSTEMPATH\Boot.php(417): CodeIgniter\CodeIgniter->run()
12 SYSTEMPATH\Boot.php(68): CodeIgniter\Boot::runCodeIgniter(Object(CodeIgniter\CodeIgniter))
13 FCPATH\index.php(59): CodeIgniter\Boot::bootWeb(Object(Config\Paths))
14 SYSTEMPATH\rewrite.php(44): require_once('C:\\xampp\\htdocs\\MemberCreation\\public\\index.php')
CRITICAL - 2026-02-14 12:36:39 --> [Caused by] mysqli_sql_exception: Cannot add or update a child row: a foreign key constraint fails (`customer_db`.`members`, CONSTRAINT `fk_introducer` FOREIGN KEY (`introducer_member_id`) REFERENCES `members` (`id`) ON DELETE SET NULL ON UPDATE CASCADE)
in SYSTEMPATH\Database\MySQLi\Connection.php on line 300.
 1 SYSTEMPATH\Database\MySQLi\Connection.php(300): mysqli->query('INSERT INTO `members` (`customer_id`, `member_code`, `title`, `name`, `father`, `residential_address`, `mobile`, `email`, `permanent_address`, `pincode`, `area`, `city`, `taluk`, `district`, `state`, `country`, `dob`, `age`, `gender`, `occupation`, `religion`, `caste`, `adhar`, `pan`, `voter`, `marital_status`, `dl_no`, `gst_no`, `passport_no`, `gas_consumer_no`, `gas_company`, `property_details`, `nominee_name`, `nominee_father`, `nominee_gender`, `nominee_relation`, `nominee_adhar`, `nominee_address`, `nominee_other_details`, `nominee_age`, `nominee_mobile`, `introducer_member_id`, `dcc_adb_bankname`, `dcc_adb_accountnumber`, `dcc_adb_ifsccode`, `dcc_adb_branchname`, `dcc_adb_rupaycard`, `dcc_adb_cheque`, `other_bankname`, `other_accountnumber`, `other_ifsccode`, `other_branchname`, `other_rupaycard`, `other_cheque`, `photo`, `signature`) VALUES (\'CUST004\', \'252525\', \'Mr\', \'SATHISH\', \'THIMMANNA\', \'AGOLI, GANGAVATHI\', \'9595665656\', \'jadhhdh@gmail.com\', \'AGOLI, GANGAVATHI\', \'583235\', \'AGOLI\', \'AGOLI\', \'GANGAVATHI\', \'KOPPAL\', \'KAR\', \'IND\', \'2000-05-01\', \'25\', \'Male\', \'STUDENT\', \'HINDU\', \'LINGAYAT\', \'125466566565\', \'ABCDE1234F\', \'2445656234\', \'Single\', \'5646456556\', \'562456256245625\', \'56245625\', \'6654565865\', \'HP\', \'NOT APPLICABLE\', \'THIMMANNA\', \'SHEKHARAPPA\', \'Male\', \'Father\', \'956856565646\', \'AGOLI, GANGAVATHI\', \'n/a\', \'38\', \'9656565226\', \'\', \'\', \'\', \'\', \'\', \'no\', \'no\', \'\', \'\', \'\', \'\', \'no\', \'no\', \'1771072599_07d63ebce4c53ab9d145.jpeg\', \'1771072599_334cd00bf2f60038b684.jpeg\')', 0)
 2 SYSTEMPATH\Database\BaseConnection.php(769): CodeIgniter\Database\MySQLi\Connection->execute('INSERT INTO `members` (`customer_id`, `member_code`, `title`, `name`, `father`, `residential_address`, `mobile`, `email`, `permanent_address`, `pincode`, `area`, `city`, `taluk`, `district`, `state`, `country`, `dob`, `age`, `gender`, `occupation`, `religion`, `caste`, `adhar`, `pan`, `voter`, `marital_status`, `dl_no`, `gst_no`, `passport_no`, `gas_consumer_no`, `gas_company`, `property_details`, `nominee_name`, `nominee_father`, `nominee_gender`, `nominee_relation`, `nominee_adhar`, `nominee_address`, `nominee_other_details`, `nominee_age`, `nominee_mobile`, `introducer_member_id`, `dcc_adb_bankname`, `dcc_adb_accountnumber`, `dcc_adb_ifsccode`, `dcc_adb_branchname`, `dcc_adb_rupaycard`, `dcc_adb_cheque`, `other_bankname`, `other_accountnumber`, `other_ifsccode`, `other_branchname`, `other_rupaycard`, `other_cheque`, `photo`, `signature`) VALUES (\'CUST004\', \'252525\', \'Mr\', \'SATHISH\', \'THIMMANNA\', \'AGOLI, GANGAVATHI\', \'9595665656\', \'jadhhdh@gmail.com\', \'AGOLI, GANGAVATHI\', \'583235\', \'AGOLI\', \'AGOLI\', \'GANGAVATHI\', \'KOPPAL\', \'KAR\', \'IND\', \'2000-05-01\', \'25\', \'Male\', \'STUDENT\', \'HINDU\', \'LINGAYAT\', \'125466566565\', \'ABCDE1234F\', \'2445656234\', \'Single\', \'5646456556\', \'562456256245625\', \'56245625\', \'6654565865\', \'HP\', \'NOT APPLICABLE\', \'THIMMANNA\', \'SHEKHARAPPA\', \'Male\', \'Father\', \'956856565646\', \'AGOLI, GANGAVATHI\', \'n/a\', \'38\', \'9656565226\', \'\', \'\', \'\', \'\', \'\', \'no\', \'no\', \'\', \'\', \'\', \'\', \'no\', \'no\', \'1771072599_07d63ebce4c53ab9d145.jpeg\', \'1771072599_334cd00bf2f60038b684.jpeg\')')
 3 SYSTEMPATH\Database\BaseConnection.php(686): CodeIgniter\Database\BaseConnection->simpleQuery('INSERT INTO `members` (`customer_id`, `member_code`, `title`, `name`, `father`, `residential_address`, `mobile`, `email`, `permanent_address`, `pincode`, `area`, `city`, `taluk`, `district`, `state`, `country`, `dob`, `age`, `gender`, `occupation`, `religion`, `caste`, `adhar`, `pan`, `voter`, `marital_status`, `dl_no`, `gst_no`, `passport_no`, `gas_consumer_no`, `gas_company`, `property_details`, `nominee_name`, `nominee_father`, `nominee_gender`, `nominee_relation`, `nominee_adhar`, `nominee_address`, `nominee_other_details`, `nominee_age`, `nominee_mobile`, `introducer_member_id`, `dcc_adb_bankname`, `dcc_adb_accountnumber`, `dcc_adb_ifsccode`, `dcc_adb_branchname`, `dcc_adb_rupaycard`, `dcc_adb_cheque`, `other_bankname`, `other_accountnumber`, `other_ifsccode`, `other_branchname`, `other_rupaycard`, `other_cheque`, `photo`, `signature`) VALUES (\'CUST004\', \'252525\', \'Mr\', \'SATHISH\', \'THIMMANNA\', \'AGOLI, GANGAVATHI\', \'9595665656\', \'jadhhdh@gmail.com\', \'AGOLI, GANGAVATHI\', \'583235\', \'AGOLI\', \'AGOLI\', \'GANGAVATHI\', \'KOPPAL\', \'KAR\', \'IND\', \'2000-05-01\', \'25\', \'Male\', \'STUDENT\', \'HINDU\', \'LINGAYAT\', \'125466566565\', \'ABCDE1234F\', \'2445656234\', \'Single\', \'5646456556\', \'562456256245625\', \'56245625\', \'6654565865\', \'HP\', \'NOT APPLICABLE\', \'THIMMANNA\', \'SHEKHARAPPA\', \'Male\', \'Father\', \'956856565646\', \'AGOLI, GANGAVATHI\', \'n/a\', \'38\', \'9656565226\', \'\', \'\', \'\', \'\', \'\', \'no\', \'no\', \'\', \'\', \'\', \'\', \'no\', \'no\', \'1771072599_07d63ebce4c53ab9d145.jpeg\', \'1771072599_334cd00bf2f60038b684.jpeg\')')
 4 SYSTEMPATH\Database\BaseBuilder.php(2345): CodeIgniter\Database\BaseConnection->query('INSERT INTO `members` (`customer_id`, `member_code`, `title`, `name`, `father`, `residential_address`, `mobile`, `email`, `permanent_address`, `pincode`, `area`, `city`, `taluk`, `district`, `state`, `country`, `dob`, `age`, `gender`, `occupation`, `religion`, `caste`, `adhar`, `pan`, `voter`, `marital_status`, `dl_no`, `gst_no`, `passport_no`, `gas_consumer_no`, `gas_company`, `property_details`, `nominee_name`, `nominee_father`, `nominee_gender`, `nominee_relation`, `nominee_adhar`, `nominee_address`, `nominee_other_details`, `nominee_age`, `nominee_mobile`, `introducer_member_id`, `dcc_adb_bankname`, `dcc_adb_accountnumber`, `dcc_adb_ifsccode`, `dcc_adb_branchname`, `dcc_adb_rupaycard`, `dcc_adb_cheque`, `other_bankname`, `other_accountnumber`, `other_ifsccode`, `other_branchname`, `other_rupaycard`, `other_cheque`, `photo`, `signature`) VALUES (:customer_id:, :member_code:, :title:, :name:, :father:, :residential_address:, :mobile:, :email:, :permanent_address:, :pincode:, :area:, :city:, :taluk:, :district:, :state:, :country:, :dob:, :age:, :gender:, :occupation:, :religion:, :caste:, :adhar:, :pan:, :voter:, :marital_status:, :dl_no:, :gst_no:, :passport_no:, :gas_consumer_no:, :gas_company:, :property_details:, :nominee_name:, :nominee_father:, :nominee_gender:, :nominee_relation:, :nominee_adhar:, :nominee_address:, :nominee_other_details:, :nominee_age:, :nominee_mobile:, :introducer_member_id:, :dcc_adb_bankname:, :dcc_adb_accountnumber:, :dcc_adb_ifsccode:, :dcc_adb_branchname:, :dcc_adb_rupaycard:, :dcc_adb_cheque:, :other_bankname:, :other_accountnumber:, :other_ifsccode:, :other_branchname:, :other_rupaycard:, :other_cheque:, :photo:, :signature:)', [...], false)
 5 SYSTEMPATH\Model.php(356): CodeIgniter\Database\BaseBuilder->insert()
 6 SYSTEMPATH\BaseModel.php(898): CodeIgniter\Model->doInsert([...])
 7 SYSTEMPATH\Model.php(665): CodeIgniter\BaseModel->insert([...], true)
 8 APPPATH\Controllers\Member.php(133): CodeIgniter\Model->insert([...])
 9 SYSTEMPATH\CodeIgniter.php(951): App\Controllers\Member->store()
10 SYSTEMPATH\CodeIgniter.php(497): CodeIgniter\CodeIgniter->runController(Object(App\Controllers\Member))
11 SYSTEMPATH\CodeIgniter.php(340): CodeIgniter\CodeIgniter->handleRequest(null, Object(Config\Cache), false)
12 SYSTEMPATH\Boot.php(417): CodeIgniter\CodeIgniter->run()
13 SYSTEMPATH\Boot.php(68): CodeIgniter\Boot::runCodeIgniter(Object(CodeIgniter\CodeIgniter))
14 FCPATH\index.php(59): CodeIgniter\Boot::bootWeb(Object(Config\Paths))
15 SYSTEMPATH\rewrite.php(44): require_once('C:\\xampp\\htdocs\\MemberCreation\\public\\index.php')
DEBUG - 2026-02-14 12:39:52 --> Session: Class initialized using 'CodeIgniter\Session\Handlers\FileHandler' driver.
ERROR - 2026-02-14 12:39:52 --> Cannot add or update a child row: a foreign key constraint fails (`customer_db`.`members`, CONSTRAINT `fk_introducer` FOREIGN KEY (`introducer_member_id`) REFERENCES `members` (`id`) ON DELETE SET NULL ON UPDATE CASCADE)
in SYSTEMPATH\Database\MySQLi\Connection.php on line 300.
 1 SYSTEMPATH\Database\MySQLi\Connection.php(300): mysqli->query('INSERT INTO `members` (`customer_id`, `member_code`, `title`, `name`, `father`, `residential_address`, `mobile`, `email`, `permanent_address`, `pincode`, `area`, `city`, `taluk`, `district`, `state`, `country`, `dob`, `age`, `gender`, `occupation`, `religion`, `caste`, `adhar`, `pan`, `voter`, `marital_status`, `dl_no`, `gst_no`, `passport_no`, `gas_consumer_no`, `gas_company`, `property_details`, `nominee_name`, `nominee_father`, `nominee_gender`, `nominee_relation`, `nominee_adhar`, `nominee_address`, `nominee_other_details`, `nominee_age`, `nominee_mobile`, `introducer_member_id`, `dcc_adb_bankname`, `dcc_adb_accountnumber`, `dcc_adb_ifsccode`, `dcc_adb_branchname`, `dcc_adb_rupaycard`, `dcc_adb_cheque`, `other_bankname`, `other_accountnumber`, `other_ifsccode`, `other_branchname`, `other_rupaycard`, `other_cheque`, `photo`, `signature`) VALUES (\'CUST004\', \'252525\', \'Mr\', \'SATHISH\', \'THIMMANNA\', \'AGOLI, GANGAVATHI\', \'9595665656\', \'jadhhdh@gmail.com\', \'AGOLI, GANGAVATHI\', \'583235\', \'AGOLI\', \'AGOLI\', \'GANGAVATHI\', \'KOPPAL\', \'KAR\', \'IND\', \'2000-05-01\', \'25\', \'Male\', \'STUDENT\', \'HINDU\', \'LINGAYAT\', \'125466566565\', \'ABCDE1234F\', \'2445656234\', \'Single\', \'5646456556\', \'562456256245625\', \'56245625\', \'6654565865\', \'HP\', \'NOT APPLICABLE\', \'THIMMANNA\', \'SHEKHARAPPA\', \'Male\', \'Father\', \'956856565646\', \'AGOLI, GANGAVATHI\', \'n/a\', \'38\', \'9656565226\', \'\', \'\', \'\', \'\', \'\', \'no\', \'no\', \'\', \'\', \'\', \'\', \'no\', \'no\', \'1771072792_084343951fa06b4b98f6.jpeg\', \'1771072792_60a5be4bc6a7be1d31b0.jpeg\')', 0)
 2 SYSTEMPATH\Database\BaseConnection.php(769): CodeIgniter\Database\MySQLi\Connection->execute('INSERT INTO `members` (`customer_id`, `member_code`, `title`, `name`, `father`, `residential_address`, `mobile`, `email`, `permanent_address`, `pincode`, `area`, `city`, `taluk`, `district`, `state`, `country`, `dob`, `age`, `gender`, `occupation`, `religion`, `caste`, `adhar`, `pan`, `voter`, `marital_status`, `dl_no`, `gst_no`, `passport_no`, `gas_consumer_no`, `gas_company`, `property_details`, `nominee_name`, `nominee_father`, `nominee_gender`, `nominee_relation`, `nominee_adhar`, `nominee_address`, `nominee_other_details`, `nominee_age`, `nominee_mobile`, `introducer_member_id`, `dcc_adb_bankname`, `dcc_adb_accountnumber`, `dcc_adb_ifsccode`, `dcc_adb_branchname`, `dcc_adb_rupaycard`, `dcc_adb_cheque`, `other_bankname`, `other_accountnumber`, `other_ifsccode`, `other_branchname`, `other_rupaycard`, `other_cheque`, `photo`, `signature`) VALUES (\'CUST004\', \'252525\', \'Mr\', \'SATHISH\', \'THIMMANNA\', \'AGOLI, GANGAVATHI\', \'9595665656\', \'jadhhdh@gmail.com\', \'AGOLI, GANGAVATHI\', \'583235\', \'AGOLI\', \'AGOLI\', \'GANGAVATHI\', \'KOPPAL\', \'KAR\', \'IND\', \'2000-05-01\', \'25\', \'Male\', \'STUDENT\', \'HINDU\', \'LINGAYAT\', \'125466566565\', \'ABCDE1234F\', \'2445656234\', \'Single\', \'5646456556\', \'562456256245625\', \'56245625\', \'6654565865\', \'HP\', \'NOT APPLICABLE\', \'THIMMANNA\', \'SHEKHARAPPA\', \'Male\', \'Father\', \'956856565646\', \'AGOLI, GANGAVATHI\', \'n/a\', \'38\', \'9656565226\', \'\', \'\', \'\', \'\', \'\', \'no\', \'no\', \'\', \'\', \'\', \'\', \'no\', \'no\', \'1771072792_084343951fa06b4b98f6.jpeg\', \'1771072792_60a5be4bc6a7be1d31b0.jpeg\')')
 3 SYSTEMPATH\Database\BaseConnection.php(686): CodeIgniter\Database\BaseConnection->simpleQuery('INSERT INTO `members` (`customer_id`, `member_code`, `title`, `name`, `father`, `residential_address`, `mobile`, `email`, `permanent_address`, `pincode`, `area`, `city`, `taluk`, `district`, `state`, `country`, `dob`, `age`, `gender`, `occupation`, `religion`, `caste`, `adhar`, `pan`, `voter`, `marital_status`, `dl_no`, `gst_no`, `passport_no`, `gas_consumer_no`, `gas_company`, `property_details`, `nominee_name`, `nominee_father`, `nominee_gender`, `nominee_relation`, `nominee_adhar`, `nominee_address`, `nominee_other_details`, `nominee_age`, `nominee_mobile`, `introducer_member_id`, `dcc_adb_bankname`, `dcc_adb_accountnumber`, `dcc_adb_ifsccode`, `dcc_adb_branchname`, `dcc_adb_rupaycard`, `dcc_adb_cheque`, `other_bankname`, `other_accountnumber`, `other_ifsccode`, `other_branchname`, `other_rupaycard`, `other_cheque`, `photo`, `signature`) VALUES (\'CUST004\', \'252525\', \'Mr\', \'SATHISH\', \'THIMMANNA\', \'AGOLI, GANGAVATHI\', \'9595665656\', \'jadhhdh@gmail.com\', \'AGOLI, GANGAVATHI\', \'583235\', \'AGOLI\', \'AGOLI\', \'GANGAVATHI\', \'KOPPAL\', \'KAR\', \'IND\', \'2000-05-01\', \'25\', \'Male\', \'STUDENT\', \'HINDU\', \'LINGAYAT\', \'125466566565\', \'ABCDE1234F\', \'2445656234\', \'Single\', \'5646456556\', \'562456256245625\', \'56245625\', \'6654565865\', \'HP\', \'NOT APPLICABLE\', \'THIMMANNA\', \'SHEKHARAPPA\', \'Male\', \'Father\', \'956856565646\', \'AGOLI, GANGAVATHI\', \'n/a\', \'38\', \'9656565226\', \'\', \'\', \'\', \'\', \'\', \'no\', \'no\', \'\', \'\', \'\', \'\', \'no\', \'no\', \'1771072792_084343951fa06b4b98f6.jpeg\', \'1771072792_60a5be4bc6a7be1d31b0.jpeg\')')
 4 SYSTEMPATH\Database\BaseBuilder.php(2345): CodeIgniter\Database\BaseConnection->query('INSERT INTO `members` (`customer_id`, `member_code`, `title`, `name`, `father`, `residential_address`, `mobile`, `email`, `permanent_address`, `pincode`, `area`, `city`, `taluk`, `district`, `state`, `country`, `dob`, `age`, `gender`, `occupation`, `religion`, `caste`, `adhar`, `pan`, `voter`, `marital_status`, `dl_no`, `gst_no`, `passport_no`, `gas_consumer_no`, `gas_company`, `property_details`, `nominee_name`, `nominee_father`, `nominee_gender`, `nominee_relation`, `nominee_adhar`, `nominee_address`, `nominee_other_details`, `nominee_age`, `nominee_mobile`, `introducer_member_id`, `dcc_adb_bankname`, `dcc_adb_accountnumber`, `dcc_adb_ifsccode`, `dcc_adb_branchname`, `dcc_adb_rupaycard`, `dcc_adb_cheque`, `other_bankname`, `other_accountnumber`, `other_ifsccode`, `other_branchname`, `other_rupaycard`, `other_cheque`, `photo`, `signature`) VALUES (:customer_id:, :member_code:, :title:, :name:, :father:, :residential_address:, :mobile:, :email:, :permanent_address:, :pincode:, :area:, :city:, :taluk:, :district:, :state:, :country:, :dob:, :age:, :gender:, :occupation:, :religion:, :caste:, :adhar:, :pan:, :voter:, :marital_status:, :dl_no:, :gst_no:, :passport_no:, :gas_consumer_no:, :gas_company:, :property_details:, :nominee_name:, :nominee_father:, :nominee_gender:, :nominee_relation:, :nominee_adhar:, :nominee_address:, :nominee_other_details:, :nominee_age:, :nominee_mobile:, :introducer_member_id:, :dcc_adb_bankname:, :dcc_adb_accountnumber:, :dcc_adb_ifsccode:, :dcc_adb_branchname:, :dcc_adb_rupaycard:, :dcc_adb_cheque:, :other_bankname:, :other_accountnumber:, :other_ifsccode:, :other_branchname:, :other_rupaycard:, :other_cheque:, :photo:, :signature:)', [...], false)
 5 SYSTEMPATH\Model.php(356): CodeIgniter\Database\BaseBuilder->insert()
 6 SYSTEMPATH\BaseModel.php(898): CodeIgniter\Model->doInsert([...])
 7 SYSTEMPATH\Model.php(665): CodeIgniter\BaseModel->insert([...], true)
 8 APPPATH\Controllers\Member.php(133): CodeIgniter\Model->insert([...])
 9 SYSTEMPATH\CodeIgniter.php(951): App\Controllers\Member->store()
10 SYSTEMPATH\CodeIgniter.php(497): CodeIgniter\CodeIgniter->runController(Object(App\Controllers\Member))
11 SYSTEMPATH\CodeIgniter.php(340): CodeIgniter\CodeIgniter->handleRequest(null, Object(Config\Cache), false)
12 SYSTEMPATH\Boot.php(417): CodeIgniter\CodeIgniter->run()
13 SYSTEMPATH\Boot.php(68): CodeIgniter\Boot::runCodeIgniter(Object(CodeIgniter\CodeIgniter))
14 FCPATH\index.php(59): CodeIgniter\Boot::bootWeb(Object(Config\Paths))
15 SYSTEMPATH\rewrite.php(44): require_once('C:\\xampp\\htdocs\\MemberCreation\\public\\index.php')
CRITICAL - 2026-02-14 12:39:52 --> CodeIgniter\Database\Exceptions\DatabaseException: Cannot add or update a child row: a foreign key constraint fails (`customer_db`.`members`, CONSTRAINT `fk_introducer` FOREIGN KEY (`introducer_member_id`) REFERENCES `members` (`id`) ON DELETE SET NULL ON UPDATE CASCADE)
[Method: POST, Route: member/store]
in SYSTEMPATH\Database\BaseConnection.php on line 724.
 1 SYSTEMPATH\Database\BaseBuilder.php(2345): CodeIgniter\Database\BaseConnection->query('INSERT INTO `members` (`customer_id`, `member_code`, `title`, `name`, `father`, `residential_address`, `mobile`, `email`, `permanent_address`, `pincode`, `area`, `city`, `taluk`, `district`, `state`, `country`, `dob`, `age`, `gender`, `occupation`, `religion`, `caste`, `adhar`, `pan`, `voter`, `marital_status`, `dl_no`, `gst_no`, `passport_no`, `gas_consumer_no`, `gas_company`, `property_details`, `nominee_name`, `nominee_father`, `nominee_gender`, `nominee_relation`, `nominee_adhar`, `nominee_address`, `nominee_other_details`, `nominee_age`, `nominee_mobile`, `introducer_member_id`, `dcc_adb_bankname`, `dcc_adb_accountnumber`, `dcc_adb_ifsccode`, `dcc_adb_branchname`, `dcc_adb_rupaycard`, `dcc_adb_cheque`, `other_bankname`, `other_accountnumber`, `other_ifsccode`, `other_branchname`, `other_rupaycard`, `other_cheque`, `photo`, `signature`) VALUES (:customer_id:, :member_code:, :title:, :name:, :father:, :residential_address:, :mobile:, :email:, :permanent_address:, :pincode:, :area:, :city:, :taluk:, :district:, :state:, :country:, :dob:, :age:, :gender:, :occupation:, :religion:, :caste:, :adhar:, :pan:, :voter:, :marital_status:, :dl_no:, :gst_no:, :passport_no:, :gas_consumer_no:, :gas_company:, :property_details:, :nominee_name:, :nominee_father:, :nominee_gender:, :nominee_relation:, :nominee_adhar:, :nominee_address:, :nominee_other_details:, :nominee_age:, :nominee_mobile:, :introducer_member_id:, :dcc_adb_bankname:, :dcc_adb_accountnumber:, :dcc_adb_ifsccode:, :dcc_adb_branchname:, :dcc_adb_rupaycard:, :dcc_adb_cheque:, :other_bankname:, :other_accountnumber:, :other_ifsccode:, :other_branchname:, :other_rupaycard:, :other_cheque:, :photo:, :signature:)', [...], false)
 2 SYSTEMPATH\Model.php(356): CodeIgniter\Database\BaseBuilder->insert()
 3 SYSTEMPATH\BaseModel.php(898): CodeIgniter\Model->doInsert([...])
 4 SYSTEMPATH\Model.php(665): CodeIgniter\BaseModel->insert([...], true)
 5 APPPATH\Controllers\Member.php(133): CodeIgniter\Model->insert([...])
 6 SYSTEMPATH\CodeIgniter.php(951): App\Controllers\Member->store()
 7 SYSTEMPATH\CodeIgniter.php(497): CodeIgniter\CodeIgniter->runController(Object(App\Controllers\Member))
 8 SYSTEMPATH\CodeIgniter.php(340): CodeIgniter\CodeIgniter->handleRequest(null, Object(Config\Cache), false)
 9 SYSTEMPATH\Boot.php(417): CodeIgniter\CodeIgniter->run()
10 SYSTEMPATH\Boot.php(68): CodeIgniter\Boot::runCodeIgniter(Object(CodeIgniter\CodeIgniter))
11 FCPATH\index.php(59): CodeIgniter\Boot::bootWeb(Object(Config\Paths))
12 SYSTEMPATH\rewrite.php(44): require_once('C:\\xampp\\htdocs\\MemberCreation\\public\\index.php')
CRITICAL - 2026-02-14 12:39:52 --> [Caused by] CodeIgniter\Database\Exceptions\DatabaseException: Cannot add or update a child row: a foreign key constraint fails (`customer_db`.`members`, CONSTRAINT `fk_introducer` FOREIGN KEY (`introducer_member_id`) REFERENCES `members` (`id`) ON DELETE SET NULL ON UPDATE CASCADE)
in SYSTEMPATH\Database\MySQLi\Connection.php on line 310.
 1 SYSTEMPATH\Database\BaseConnection.php(769): CodeIgniter\Database\MySQLi\Connection->execute('INSERT INTO `members` (`customer_id`, `member_code`, `title`, `name`, `father`, `residential_address`, `mobile`, `email`, `permanent_address`, `pincode`, `area`, `city`, `taluk`, `district`, `state`, `country`, `dob`, `age`, `gender`, `occupation`, `religion`, `caste`, `adhar`, `pan`, `voter`, `marital_status`, `dl_no`, `gst_no`, `passport_no`, `gas_consumer_no`, `gas_company`, `property_details`, `nominee_name`, `nominee_father`, `nominee_gender`, `nominee_relation`, `nominee_adhar`, `nominee_address`, `nominee_other_details`, `nominee_age`, `nominee_mobile`, `introducer_member_id`, `dcc_adb_bankname`, `dcc_adb_accountnumber`, `dcc_adb_ifsccode`, `dcc_adb_branchname`, `dcc_adb_rupaycard`, `dcc_adb_cheque`, `other_bankname`, `other_accountnumber`, `other_ifsccode`, `other_branchname`, `other_rupaycard`, `other_cheque`, `photo`, `signature`) VALUES (\'CUST004\', \'252525\', \'Mr\', \'SATHISH\', \'THIMMANNA\', \'AGOLI, GANGAVATHI\', \'9595665656\', \'jadhhdh@gmail.com\', \'AGOLI, GANGAVATHI\', \'583235\', \'AGOLI\', \'AGOLI\', \'GANGAVATHI\', \'KOPPAL\', \'KAR\', \'IND\', \'2000-05-01\', \'25\', \'Male\', \'STUDENT\', \'HINDU\', \'LINGAYAT\', \'125466566565\', \'ABCDE1234F\', \'2445656234\', \'Single\', \'5646456556\', \'562456256245625\', \'56245625\', \'6654565865\', \'HP\', \'NOT APPLICABLE\', \'THIMMANNA\', \'SHEKHARAPPA\', \'Male\', \'Father\', \'956856565646\', \'AGOLI, GANGAVATHI\', \'n/a\', \'38\', \'9656565226\', \'\', \'\', \'\', \'\', \'\', \'no\', \'no\', \'\', \'\', \'\', \'\', \'no\', \'no\', \'1771072792_084343951fa06b4b98f6.jpeg\', \'1771072792_60a5be4bc6a7be1d31b0.jpeg\')')
 2 SYSTEMPATH\Database\BaseConnection.php(686): CodeIgniter\Database\BaseConnection->simpleQuery('INSERT INTO `members` (`customer_id`, `member_code`, `title`, `name`, `father`, `residential_address`, `mobile`, `email`, `permanent_address`, `pincode`, `area`, `city`, `taluk`, `district`, `state`, `country`, `dob`, `age`, `gender`, `occupation`, `religion`, `caste`, `adhar`, `pan`, `voter`, `marital_status`, `dl_no`, `gst_no`, `passport_no`, `gas_consumer_no`, `gas_company`, `property_details`, `nominee_name`, `nominee_father`, `nominee_gender`, `nominee_relation`, `nominee_adhar`, `nominee_address`, `nominee_other_details`, `nominee_age`, `nominee_mobile`, `introducer_member_id`, `dcc_adb_bankname`, `dcc_adb_accountnumber`, `dcc_adb_ifsccode`, `dcc_adb_branchname`, `dcc_adb_rupaycard`, `dcc_adb_cheque`, `other_bankname`, `other_accountnumber`, `other_ifsccode`, `other_branchname`, `other_rupaycard`, `other_cheque`, `photo`, `signature`) VALUES (\'CUST004\', \'252525\', \'Mr\', \'SATHISH\', \'THIMMANNA\', \'AGOLI, GANGAVATHI\', \'9595665656\', \'jadhhdh@gmail.com\', \'AGOLI, GANGAVATHI\', \'583235\', \'AGOLI\', \'AGOLI\', \'GANGAVATHI\', \'KOPPAL\', \'KAR\', \'IND\', \'2000-05-01\', \'25\', \'Male\', \'STUDENT\', \'HINDU\', \'LINGAYAT\', \'125466566565\', \'ABCDE1234F\', \'2445656234\', \'Single\', \'5646456556\', \'562456256245625\', \'56245625\', \'6654565865\', \'HP\', \'NOT APPLICABLE\', \'THIMMANNA\', \'SHEKHARAPPA\', \'Male\', \'Father\', \'956856565646\', \'AGOLI, GANGAVATHI\', \'n/a\', \'38\', \'9656565226\', \'\', \'\', \'\', \'\', \'\', \'no\', \'no\', \'\', \'\', \'\', \'\', \'no\', \'no\', \'1771072792_084343951fa06b4b98f6.jpeg\', \'1771072792_60a5be4bc6a7be1d31b0.jpeg\')')
 3 SYSTEMPATH\Database\BaseBuilder.php(2345): CodeIgniter\Database\BaseConnection->query('INSERT INTO `members` (`customer_id`, `member_code`, `title`, `name`, `father`, `residential_address`, `mobile`, `email`, `permanent_address`, `pincode`, `area`, `city`, `taluk`, `district`, `state`, `country`, `dob`, `age`, `gender`, `occupation`, `religion`, `caste`, `adhar`, `pan`, `voter`, `marital_status`, `dl_no`, `gst_no`, `passport_no`, `gas_consumer_no`, `gas_company`, `property_details`, `nominee_name`, `nominee_father`, `nominee_gender`, `nominee_relation`, `nominee_adhar`, `nominee_address`, `nominee_other_details`, `nominee_age`, `nominee_mobile`, `introducer_member_id`, `dcc_adb_bankname`, `dcc_adb_accountnumber`, `dcc_adb_ifsccode`, `dcc_adb_branchname`, `dcc_adb_rupaycard`, `dcc_adb_cheque`, `other_bankname`, `other_accountnumber`, `other_ifsccode`, `other_branchname`, `other_rupaycard`, `other_cheque`, `photo`, `signature`) VALUES (:customer_id:, :member_code:, :title:, :name:, :father:, :residential_address:, :mobile:, :email:, :permanent_address:, :pincode:, :area:, :city:, :taluk:, :district:, :state:, :country:, :dob:, :age:, :gender:, :occupation:, :religion:, :caste:, :adhar:, :pan:, :voter:, :marital_status:, :dl_no:, :gst_no:, :passport_no:, :gas_consumer_no:, :gas_company:, :property_details:, :nominee_name:, :nominee_father:, :nominee_gender:, :nominee_relation:, :nominee_adhar:, :nominee_address:, :nominee_other_details:, :nominee_age:, :nominee_mobile:, :introducer_member_id:, :dcc_adb_bankname:, :dcc_adb_accountnumber:, :dcc_adb_ifsccode:, :dcc_adb_branchname:, :dcc_adb_rupaycard:, :dcc_adb_cheque:, :other_bankname:, :other_accountnumber:, :other_ifsccode:, :other_branchname:, :other_rupaycard:, :other_cheque:, :photo:, :signature:)', [...], false)
 4 SYSTEMPATH\Model.php(356): CodeIgniter\Database\BaseBuilder->insert()
 5 SYSTEMPATH\BaseModel.php(898): CodeIgniter\Model->doInsert([...])
 6 SYSTEMPATH\Model.php(665): CodeIgniter\BaseModel->insert([...], true)
 7 APPPATH\Controllers\Member.php(133): CodeIgniter\Model->insert([...])
 8 SYSTEMPATH\CodeIgniter.php(951): App\Controllers\Member->store()
 9 SYSTEMPATH\CodeIgniter.php(497): CodeIgniter\CodeIgniter->runController(Object(App\Controllers\Member))
10 SYSTEMPATH\CodeIgniter.php(340): CodeIgniter\CodeIgniter->handleRequest(null, Object(Config\Cache), false)
11 SYSTEMPATH\Boot.php(417): CodeIgniter\CodeIgniter->run()
12 SYSTEMPATH\Boot.php(68): CodeIgniter\Boot::runCodeIgniter(Object(CodeIgniter\CodeIgniter))
13 FCPATH\index.php(59): CodeIgniter\Boot::bootWeb(Object(Config\Paths))
14 SYSTEMPATH\rewrite.php(44): require_once('C:\\xampp\\htdocs\\MemberCreation\\public\\index.php')
CRITICAL - 2026-02-14 12:39:52 --> [Caused by] mysqli_sql_exception: Cannot add or update a child row: a foreign key constraint fails (`customer_db`.`members`, CONSTRAINT `fk_introducer` FOREIGN KEY (`introducer_member_id`) REFERENCES `members` (`id`) ON DELETE SET NULL ON UPDATE CASCADE)
in SYSTEMPATH\Database\MySQLi\Connection.php on line 300.
 1 SYSTEMPATH\Database\MySQLi\Connection.php(300): mysqli->query('INSERT INTO `members` (`customer_id`, `member_code`, `title`, `name`, `father`, `residential_address`, `mobile`, `email`, `permanent_address`, `pincode`, `area`, `city`, `taluk`, `district`, `state`, `country`, `dob`, `age`, `gender`, `occupation`, `religion`, `caste`, `adhar`, `pan`, `voter`, `marital_status`, `dl_no`, `gst_no`, `passport_no`, `gas_consumer_no`, `gas_company`, `property_details`, `nominee_name`, `nominee_father`, `nominee_gender`, `nominee_relation`, `nominee_adhar`, `nominee_address`, `nominee_other_details`, `nominee_age`, `nominee_mobile`, `introducer_member_id`, `dcc_adb_bankname`, `dcc_adb_accountnumber`, `dcc_adb_ifsccode`, `dcc_adb_branchname`, `dcc_adb_rupaycard`, `dcc_adb_cheque`, `other_bankname`, `other_accountnumber`, `other_ifsccode`, `other_branchname`, `other_rupaycard`, `other_cheque`, `photo`, `signature`) VALUES (\'CUST004\', \'252525\', \'Mr\', \'SATHISH\', \'THIMMANNA\', \'AGOLI, GANGAVATHI\', \'9595665656\', \'jadhhdh@gmail.com\', \'AGOLI, GANGAVATHI\', \'583235\', \'AGOLI\', \'AGOLI\', \'GANGAVATHI\', \'KOPPAL\', \'KAR\', \'IND\', \'2000-05-01\', \'25\', \'Male\', \'STUDENT\', \'HINDU\', \'LINGAYAT\', \'125466566565\', \'ABCDE1234F\', \'2445656234\', \'Single\', \'5646456556\', \'562456256245625\', \'56245625\', \'6654565865\', \'HP\', \'NOT APPLICABLE\', \'THIMMANNA\', \'SHEKHARAPPA\', \'Male\', \'Father\', \'956856565646\', \'AGOLI, GANGAVATHI\', \'n/a\', \'38\', \'9656565226\', \'\', \'\', \'\', \'\', \'\', \'no\', \'no\', \'\', \'\', \'\', \'\', \'no\', \'no\', \'1771072792_084343951fa06b4b98f6.jpeg\', \'1771072792_60a5be4bc6a7be1d31b0.jpeg\')', 0)
 2 SYSTEMPATH\Database\BaseConnection.php(769): CodeIgniter\Database\MySQLi\Connection->execute('INSERT INTO `members` (`customer_id`, `member_code`, `title`, `name`, `father`, `residential_address`, `mobile`, `email`, `permanent_address`, `pincode`, `area`, `city`, `taluk`, `district`, `state`, `country`, `dob`, `age`, `gender`, `occupation`, `religion`, `caste`, `adhar`, `pan`, `voter`, `marital_status`, `dl_no`, `gst_no`, `passport_no`, `gas_consumer_no`, `gas_company`, `property_details`, `nominee_name`, `nominee_father`, `nominee_gender`, `nominee_relation`, `nominee_adhar`, `nominee_address`, `nominee_other_details`, `nominee_age`, `nominee_mobile`, `introducer_member_id`, `dcc_adb_bankname`, `dcc_adb_accountnumber`, `dcc_adb_ifsccode`, `dcc_adb_branchname`, `dcc_adb_rupaycard`, `dcc_adb_cheque`, `other_bankname`, `other_accountnumber`, `other_ifsccode`, `other_branchname`, `other_rupaycard`, `other_cheque`, `photo`, `signature`) VALUES (\'CUST004\', \'252525\', \'Mr\', \'SATHISH\', \'THIMMANNA\', \'AGOLI, GANGAVATHI\', \'9595665656\', \'jadhhdh@gmail.com\', \'AGOLI, GANGAVATHI\', \'583235\', \'AGOLI\', \'AGOLI\', \'GANGAVATHI\', \'KOPPAL\', \'KAR\', \'IND\', \'2000-05-01\', \'25\', \'Male\', \'STUDENT\', \'HINDU\', \'LINGAYAT\', \'125466566565\', \'ABCDE1234F\', \'2445656234\', \'Single\', \'5646456556\', \'562456256245625\', \'56245625\', \'6654565865\', \'HP\', \'NOT APPLICABLE\', \'THIMMANNA\', \'SHEKHARAPPA\', \'Male\', \'Father\', \'956856565646\', \'AGOLI, GANGAVATHI\', \'n/a\', \'38\', \'9656565226\', \'\', \'\', \'\', \'\', \'\', \'no\', \'no\', \'\', \'\', \'\', \'\', \'no\', \'no\', \'1771072792_084343951fa06b4b98f6.jpeg\', \'1771072792_60a5be4bc6a7be1d31b0.jpeg\')')
 3 SYSTEMPATH\Database\BaseConnection.php(686): CodeIgniter\Database\BaseConnection->simpleQuery('INSERT INTO `members` (`customer_id`, `member_code`, `title`, `name`, `father`, `residential_address`, `mobile`, `email`, `permanent_address`, `pincode`, `area`, `city`, `taluk`, `district`, `state`, `country`, `dob`, `age`, `gender`, `occupation`, `religion`, `caste`, `adhar`, `pan`, `voter`, `marital_status`, `dl_no`, `gst_no`, `passport_no`, `gas_consumer_no`, `gas_company`, `property_details`, `nominee_name`, `nominee_father`, `nominee_gender`, `nominee_relation`, `nominee_adhar`, `nominee_address`, `nominee_other_details`, `nominee_age`, `nominee_mobile`, `introducer_member_id`, `dcc_adb_bankname`, `dcc_adb_accountnumber`, `dcc_adb_ifsccode`, `dcc_adb_branchname`, `dcc_adb_rupaycard`, `dcc_adb_cheque`, `other_bankname`, `other_accountnumber`, `other_ifsccode`, `other_branchname`, `other_rupaycard`, `other_cheque`, `photo`, `signature`) VALUES (\'CUST004\', \'252525\', \'Mr\', \'SATHISH\', \'THIMMANNA\', \'AGOLI, GANGAVATHI\', \'9595665656\', \'jadhhdh@gmail.com\', \'AGOLI, GANGAVATHI\', \'583235\', \'AGOLI\', \'AGOLI\', \'GANGAVATHI\', \'KOPPAL\', \'KAR\', \'IND\', \'2000-05-01\', \'25\', \'Male\', \'STUDENT\', \'HINDU\', \'LINGAYAT\', \'125466566565\', \'ABCDE1234F\', \'2445656234\', \'Single\', \'5646456556\', \'562456256245625\', \'56245625\', \'6654565865\', \'HP\', \'NOT APPLICABLE\', \'THIMMANNA\', \'SHEKHARAPPA\', \'Male\', \'Father\', \'956856565646\', \'AGOLI, GANGAVATHI\', \'n/a\', \'38\', \'9656565226\', \'\', \'\', \'\', \'\', \'\', \'no\', \'no\', \'\', \'\', \'\', \'\', \'no\', \'no\', \'1771072792_084343951fa06b4b98f6.jpeg\', \'1771072792_60a5be4bc6a7be1d31b0.jpeg\')')
 4 SYSTEMPATH\Database\BaseBuilder.php(2345): CodeIgniter\Database\BaseConnection->query('INSERT INTO `members` (`customer_id`, `member_code`, `title`, `name`, `father`, `residential_address`, `mobile`, `email`, `permanent_address`, `pincode`, `area`, `city`, `taluk`, `district`, `state`, `country`, `dob`, `age`, `gender`, `occupation`, `religion`, `caste`, `adhar`, `pan`, `voter`, `marital_status`, `dl_no`, `gst_no`, `passport_no`, `gas_consumer_no`, `gas_company`, `property_details`, `nominee_name`, `nominee_father`, `nominee_gender`, `nominee_relation`, `nominee_adhar`, `nominee_address`, `nominee_other_details`, `nominee_age`, `nominee_mobile`, `introducer_member_id`, `dcc_adb_bankname`, `dcc_adb_accountnumber`, `dcc_adb_ifsccode`, `dcc_adb_branchname`, `dcc_adb_rupaycard`, `dcc_adb_cheque`, `other_bankname`, `other_accountnumber`, `other_ifsccode`, `other_branchname`, `other_rupaycard`, `other_cheque`, `photo`, `signature`) VALUES (:customer_id:, :member_code:, :title:, :name:, :father:, :residential_address:, :mobile:, :email:, :permanent_address:, :pincode:, :area:, :city:, :taluk:, :district:, :state:, :country:, :dob:, :age:, :gender:, :occupation:, :religion:, :caste:, :adhar:, :pan:, :voter:, :marital_status:, :dl_no:, :gst_no:, :passport_no:, :gas_consumer_no:, :gas_company:, :property_details:, :nominee_name:, :nominee_father:, :nominee_gender:, :nominee_relation:, :nominee_adhar:, :nominee_address:, :nominee_other_details:, :nominee_age:, :nominee_mobile:, :introducer_member_id:, :dcc_adb_bankname:, :dcc_adb_accountnumber:, :dcc_adb_ifsccode:, :dcc_adb_branchname:, :dcc_adb_rupaycard:, :dcc_adb_cheque:, :other_bankname:, :other_accountnumber:, :other_ifsccode:, :other_branchname:, :other_rupaycard:, :other_cheque:, :photo:, :signature:)', [...], false)
 5 SYSTEMPATH\Model.php(356): CodeIgniter\Database\BaseBuilder->insert()
 6 SYSTEMPATH\BaseModel.php(898): CodeIgniter\Model->doInsert([...])
 7 SYSTEMPATH\Model.php(665): CodeIgniter\BaseModel->insert([...], true)
 8 APPPATH\Controllers\Member.php(133): CodeIgniter\Model->insert([...])
 9 SYSTEMPATH\CodeIgniter.php(951): App\Controllers\Member->store()
10 SYSTEMPATH\CodeIgniter.php(497): CodeIgniter\CodeIgniter->runController(Object(App\Controllers\Member))
11 SYSTEMPATH\CodeIgniter.php(340): CodeIgniter\CodeIgniter->handleRequest(null, Object(Config\Cache), false)
12 SYSTEMPATH\Boot.php(417): CodeIgniter\CodeIgniter->run()
13 SYSTEMPATH\Boot.php(68): CodeIgniter\Boot::runCodeIgniter(Object(CodeIgniter\CodeIgniter))
14 FCPATH\index.php(59): CodeIgniter\Boot::bootWeb(Object(Config\Paths))
15 SYSTEMPATH\rewrite.php(44): require_once('C:\\xampp\\htdocs\\MemberCreation\\public\\index.php')
DEBUG - 2026-02-14 12:39:58 --> Session: Class initialized using 'CodeIgniter\Session\Handlers\FileHandler' driver.
DEBUG - 2026-02-14 12:40:10 --> Session: Class initialized using 'CodeIgniter\Session\Handlers\FileHandler' driver.
DEBUG - 2026-02-14 12:48:24 --> Session: Class initialized using 'CodeIgniter\Session\Handlers\FileHandler' driver.
DEBUG - 2026-02-14 12:48:34 --> Session: Class initialized using 'CodeIgniter\Session\Handlers\FileHandler' driver.
DEBUG - 2026-02-14 12:48:42 --> Session: Class initialized using 'CodeIgniter\Session\Handlers\FileHandler' driver.
DEBUG - 2026-02-14 12:49:00 --> Session: Class initialized using 'CodeIgniter\Session\Handlers\FileHandler' driver.
ERROR - 2026-02-14 12:49:00 --> Unknown column 'introducer_member_id' in 'field list'
in SYSTEMPATH\Database\MySQLi\Connection.php on line 300.
 1 SYSTEMPATH\Database\MySQLi\Connection.php(300): mysqli->query('INSERT INTO `members` (`customer_id`, `member_code`, `title`, `name`, `father`, `residential_address`, `mobile`, `email`, `permanent_address`, `pincode`, `area`, `city`, `taluk`, `district`, `state`, `country`, `dob`, `age`, `gender`, `occupation`, `religion`, `caste`, `adhar`, `pan`, `voter`, `marital_status`, `dl_no`, `gst_no`, `passport_no`, `gas_consumer_no`, `gas_company`, `property_details`, `nominee_name`, `nominee_father`, `nominee_gender`, `nominee_relation`, `nominee_adhar`, `nominee_address`, `nominee_other_details`, `nominee_age`, `nominee_mobile`, `introducer_member_id`, `dcc_adb_bankname`, `dcc_adb_accountnumber`, `dcc_adb_ifsccode`, `dcc_adb_branchname`, `dcc_adb_rupaycard`, `dcc_adb_cheque`, `other_bankname`, `other_accountnumber`, `other_ifsccode`, `other_branchname`, `other_rupaycard`, `other_cheque`, `photo`, `signature`) VALUES (\'CUST004\', \'252525\', \'Mr\', \'SATHISH\', \'THIMMANNA\', \'AGOLI, GANGAVATHI\', \'9595665656\', \'jadhhdh@gmail.com\', \'AGOLI, GANGAVATHI\', \'583235\', \'AGOLI\', \'AGOLI\', \'GANGAVATHI\', \'KOPPAL\', \'KAR\', \'IND\', \'2000-05-01\', \'25\', \'Male\', \'STUDENT\', \'HINDU\', \'LINGAYAT\', \'125466566565\', \'ABCDE1234F\', \'2445656234\', \'Single\', \'5646456556\', \'562456256245625\', \'56245625\', \'6654565865\', \'HP\', \'NOT APPLICABLE\', \'THIMMANNA\', \'SHEKHARAPPA\', \'Male\', \'Father\', \'956856565646\', \'AGOLI, GANGAVATHI\', \'n/a\', \'38\', \'9656565226\', \'\', \'\', \'\', \'\', \'\', \'no\', \'no\', \'\', \'\', \'\', \'\', \'no\', \'no\', \'1771073340_4ef595f5559e43e5fb66.jpeg\', \'1771073340_95bacfdb4488421efd4b.jpeg\')', 0)
 2 SYSTEMPATH\Database\BaseConnection.php(769): CodeIgniter\Database\MySQLi\Connection->execute('INSERT INTO `members` (`customer_id`, `member_code`, `title`, `name`, `father`, `residential_address`, `mobile`, `email`, `permanent_address`, `pincode`, `area`, `city`, `taluk`, `district`, `state`, `country`, `dob`, `age`, `gender`, `occupation`, `religion`, `caste`, `adhar`, `pan`, `voter`, `marital_status`, `dl_no`, `gst_no`, `passport_no`, `gas_consumer_no`, `gas_company`, `property_details`, `nominee_name`, `nominee_father`, `nominee_gender`, `nominee_relation`, `nominee_adhar`, `nominee_address`, `nominee_other_details`, `nominee_age`, `nominee_mobile`, `introducer_member_id`, `dcc_adb_bankname`, `dcc_adb_accountnumber`, `dcc_adb_ifsccode`, `dcc_adb_branchname`, `dcc_adb_rupaycard`, `dcc_adb_cheque`, `other_bankname`, `other_accountnumber`, `other_ifsccode`, `other_branchname`, `other_rupaycard`, `other_cheque`, `photo`, `signature`) VALUES (\'CUST004\', \'252525\', \'Mr\', \'SATHISH\', \'THIMMANNA\', \'AGOLI, GANGAVATHI\', \'9595665656\', \'jadhhdh@gmail.com\', \'AGOLI, GANGAVATHI\', \'583235\', \'AGOLI\', \'AGOLI\', \'GANGAVATHI\', \'KOPPAL\', \'KAR\', \'IND\', \'2000-05-01\', \'25\', \'Male\', \'STUDENT\', \'HINDU\', \'LINGAYAT\', \'125466566565\', \'ABCDE1234F\', \'2445656234\', \'Single\', \'5646456556\', \'562456256245625\', \'56245625\', \'6654565865\', \'HP\', \'NOT APPLICABLE\', \'THIMMANNA\', \'SHEKHARAPPA\', \'Male\', \'Father\', \'956856565646\', \'AGOLI, GANGAVATHI\', \'n/a\', \'38\', \'9656565226\', \'\', \'\', \'\', \'\', \'\', \'no\', \'no\', \'\', \'\', \'\', \'\', \'no\', \'no\', \'1771073340_4ef595f5559e43e5fb66.jpeg\', \'1771073340_95bacfdb4488421efd4b.jpeg\')')
 3 SYSTEMPATH\Database\BaseConnection.php(686): CodeIgniter\Database\BaseConnection->simpleQuery('INSERT INTO `members` (`customer_id`, `member_code`, `title`, `name`, `father`, `residential_address`, `mobile`, `email`, `permanent_address`, `pincode`, `area`, `city`, `taluk`, `district`, `state`, `country`, `dob`, `age`, `gender`, `occupation`, `religion`, `caste`, `adhar`, `pan`, `voter`, `marital_status`, `dl_no`, `gst_no`, `passport_no`, `gas_consumer_no`, `gas_company`, `property_details`, `nominee_name`, `nominee_father`, `nominee_gender`, `nominee_relation`, `nominee_adhar`, `nominee_address`, `nominee_other_details`, `nominee_age`, `nominee_mobile`, `introducer_member_id`, `dcc_adb_bankname`, `dcc_adb_accountnumber`, `dcc_adb_ifsccode`, `dcc_adb_branchname`, `dcc_adb_rupaycard`, `dcc_adb_cheque`, `other_bankname`, `other_accountnumber`, `other_ifsccode`, `other_branchname`, `other_rupaycard`, `other_cheque`, `photo`, `signature`) VALUES (\'CUST004\', \'252525\', \'Mr\', \'SATHISH\', \'THIMMANNA\', \'AGOLI, GANGAVATHI\', \'9595665656\', \'jadhhdh@gmail.com\', \'AGOLI, GANGAVATHI\', \'583235\', \'AGOLI\', \'AGOLI\', \'GANGAVATHI\', \'KOPPAL\', \'KAR\', \'IND\', \'2000-05-01\', \'25\', \'Male\', \'STUDENT\', \'HINDU\', \'LINGAYAT\', \'125466566565\', \'ABCDE1234F\', \'2445656234\', \'Single\', \'5646456556\', \'562456256245625\', \'56245625\', \'6654565865\', \'HP\', \'NOT APPLICABLE\', \'THIMMANNA\', \'SHEKHARAPPA\', \'Male\', \'Father\', \'956856565646\', \'AGOLI, GANGAVATHI\', \'n/a\', \'38\', \'9656565226\', \'\', \'\', \'\', \'\', \'\', \'no\', \'no\', \'\', \'\', \'\', \'\', \'no\', \'no\', \'1771073340_4ef595f5559e43e5fb66.jpeg\', \'1771073340_95bacfdb4488421efd4b.jpeg\')')
 4 SYSTEMPATH\Database\BaseBuilder.php(2345): CodeIgniter\Database\BaseConnection->query('INSERT INTO `members` (`customer_id`, `member_code`, `title`, `name`, `father`, `residential_address`, `mobile`, `email`, `permanent_address`, `pincode`, `area`, `city`, `taluk`, `district`, `state`, `country`, `dob`, `age`, `gender`, `occupation`, `religion`, `caste`, `adhar`, `pan`, `voter`, `marital_status`, `dl_no`, `gst_no`, `passport_no`, `gas_consumer_no`, `gas_company`, `property_details`, `nominee_name`, `nominee_father`, `nominee_gender`, `nominee_relation`, `nominee_adhar`, `nominee_address`, `nominee_other_details`, `nominee_age`, `nominee_mobile`, `introducer_member_id`, `dcc_adb_bankname`, `dcc_adb_accountnumber`, `dcc_adb_ifsccode`, `dcc_adb_branchname`, `dcc_adb_rupaycard`, `dcc_adb_cheque`, `other_bankname`, `other_accountnumber`, `other_ifsccode`, `other_branchname`, `other_rupaycard`, `other_cheque`, `photo`, `signature`) VALUES (:customer_id:, :member_code:, :title:, :name:, :father:, :residential_address:, :mobile:, :email:, :permanent_address:, :pincode:, :area:, :city:, :taluk:, :district:, :state:, :country:, :dob:, :age:, :gender:, :occupation:, :religion:, :caste:, :adhar:, :pan:, :voter:, :marital_status:, :dl_no:, :gst_no:, :passport_no:, :gas_consumer_no:, :gas_company:, :property_details:, :nominee_name:, :nominee_father:, :nominee_gender:, :nominee_relation:, :nominee_adhar:, :nominee_address:, :nominee_other_details:, :nominee_age:, :nominee_mobile:, :introducer_member_id:, :dcc_adb_bankname:, :dcc_adb_accountnumber:, :dcc_adb_ifsccode:, :dcc_adb_branchname:, :dcc_adb_rupaycard:, :dcc_adb_cheque:, :other_bankname:, :other_accountnumber:, :other_ifsccode:, :other_branchname:, :other_rupaycard:, :other_cheque:, :photo:, :signature:)', [...], false)
 5 SYSTEMPATH\Model.php(356): CodeIgniter\Database\BaseBuilder->insert()
 6 SYSTEMPATH\BaseModel.php(898): CodeIgniter\Model->doInsert([...])
 7 SYSTEMPATH\Model.php(665): CodeIgniter\BaseModel->insert([...], true)
 8 APPPATH\Controllers\Member.php(133): CodeIgniter\Model->insert([...])
 9 SYSTEMPATH\CodeIgniter.php(951): App\Controllers\Member->store()
10 SYSTEMPATH\CodeIgniter.php(497): CodeIgniter\CodeIgniter->runController(Object(App\Controllers\Member))
11 SYSTEMPATH\CodeIgniter.php(340): CodeIgniter\CodeIgniter->handleRequest(null, Object(Config\Cache), false)
12 SYSTEMPATH\Boot.php(417): CodeIgniter\CodeIgniter->run()
13 SYSTEMPATH\Boot.php(68): CodeIgniter\Boot::runCodeIgniter(Object(CodeIgniter\CodeIgniter))
14 FCPATH\index.php(59): CodeIgniter\Boot::bootWeb(Object(Config\Paths))
15 SYSTEMPATH\rewrite.php(44): require_once('C:\\xampp\\htdocs\\MemberCreation\\public\\index.php')
CRITICAL - 2026-02-14 12:49:00 --> CodeIgniter\Database\Exceptions\DatabaseException: Unknown column 'introducer_member_id' in 'field list'
[Method: POST, Route: member/store]
in SYSTEMPATH\Database\BaseConnection.php on line 724.
 1 SYSTEMPATH\Database\BaseBuilder.php(2345): CodeIgniter\Database\BaseConnection->query('INSERT INTO `members` (`customer_id`, `member_code`, `title`, `name`, `father`, `residential_address`, `mobile`, `email`, `permanent_address`, `pincode`, `area`, `city`, `taluk`, `district`, `state`, `country`, `dob`, `age`, `gender`, `occupation`, `religion`, `caste`, `adhar`, `pan`, `voter`, `marital_status`, `dl_no`, `gst_no`, `passport_no`, `gas_consumer_no`, `gas_company`, `property_details`, `nominee_name`, `nominee_father`, `nominee_gender`, `nominee_relation`, `nominee_adhar`, `nominee_address`, `nominee_other_details`, `nominee_age`, `nominee_mobile`, `introducer_member_id`, `dcc_adb_bankname`, `dcc_adb_accountnumber`, `dcc_adb_ifsccode`, `dcc_adb_branchname`, `dcc_adb_rupaycard`, `dcc_adb_cheque`, `other_bankname`, `other_accountnumber`, `other_ifsccode`, `other_branchname`, `other_rupaycard`, `other_cheque`, `photo`, `signature`) VALUES (:customer_id:, :member_code:, :title:, :name:, :father:, :residential_address:, :mobile:, :email:, :permanent_address:, :pincode:, :area:, :city:, :taluk:, :district:, :state:, :country:, :dob:, :age:, :gender:, :occupation:, :religion:, :caste:, :adhar:, :pan:, :voter:, :marital_status:, :dl_no:, :gst_no:, :passport_no:, :gas_consumer_no:, :gas_company:, :property_details:, :nominee_name:, :nominee_father:, :nominee_gender:, :nominee_relation:, :nominee_adhar:, :nominee_address:, :nominee_other_details:, :nominee_age:, :nominee_mobile:, :introducer_member_id:, :dcc_adb_bankname:, :dcc_adb_accountnumber:, :dcc_adb_ifsccode:, :dcc_adb_branchname:, :dcc_adb_rupaycard:, :dcc_adb_cheque:, :other_bankname:, :other_accountnumber:, :other_ifsccode:, :other_branchname:, :other_rupaycard:, :other_cheque:, :photo:, :signature:)', [...], false)
 2 SYSTEMPATH\Model.php(356): CodeIgniter\Database\BaseBuilder->insert()
 3 SYSTEMPATH\BaseModel.php(898): CodeIgniter\Model->doInsert([...])
 4 SYSTEMPATH\Model.php(665): CodeIgniter\BaseModel->insert([...], true)
 5 APPPATH\Controllers\Member.php(133): CodeIgniter\Model->insert([...])
 6 SYSTEMPATH\CodeIgniter.php(951): App\Controllers\Member->store()
 7 SYSTEMPATH\CodeIgniter.php(497): CodeIgniter\CodeIgniter->runController(Object(App\Controllers\Member))
 8 SYSTEMPATH\CodeIgniter.php(340): CodeIgniter\CodeIgniter->handleRequest(null, Object(Config\Cache), false)
 9 SYSTEMPATH\Boot.php(417): CodeIgniter\CodeIgniter->run()
10 SYSTEMPATH\Boot.php(68): CodeIgniter\Boot::runCodeIgniter(Object(CodeIgniter\CodeIgniter))
11 FCPATH\index.php(59): CodeIgniter\Boot::bootWeb(Object(Config\Paths))
12 SYSTEMPATH\rewrite.php(44): require_once('C:\\xampp\\htdocs\\MemberCreation\\public\\index.php')
CRITICAL - 2026-02-14 12:49:00 --> [Caused by] CodeIgniter\Database\Exceptions\DatabaseException: Unknown column 'introducer_member_id' in 'field list'
in SYSTEMPATH\Database\MySQLi\Connection.php on line 310.
 1 SYSTEMPATH\Database\BaseConnection.php(769): CodeIgniter\Database\MySQLi\Connection->execute('INSERT INTO `members` (`customer_id`, `member_code`, `title`, `name`, `father`, `residential_address`, `mobile`, `email`, `permanent_address`, `pincode`, `area`, `city`, `taluk`, `district`, `state`, `country`, `dob`, `age`, `gender`, `occupation`, `religion`, `caste`, `adhar`, `pan`, `voter`, `marital_status`, `dl_no`, `gst_no`, `passport_no`, `gas_consumer_no`, `gas_company`, `property_details`, `nominee_name`, `nominee_father`, `nominee_gender`, `nominee_relation`, `nominee_adhar`, `nominee_address`, `nominee_other_details`, `nominee_age`, `nominee_mobile`, `introducer_member_id`, `dcc_adb_bankname`, `dcc_adb_accountnumber`, `dcc_adb_ifsccode`, `dcc_adb_branchname`, `dcc_adb_rupaycard`, `dcc_adb_cheque`, `other_bankname`, `other_accountnumber`, `other_ifsccode`, `other_branchname`, `other_rupaycard`, `other_cheque`, `photo`, `signature`) VALUES (\'CUST004\', \'252525\', \'Mr\', \'SATHISH\', \'THIMMANNA\', \'AGOLI, GANGAVATHI\', \'9595665656\', \'jadhhdh@gmail.com\', \'AGOLI, GANGAVATHI\', \'583235\', \'AGOLI\', \'AGOLI\', \'GANGAVATHI\', \'KOPPAL\', \'KAR\', \'IND\', \'2000-05-01\', \'25\', \'Male\', \'STUDENT\', \'HINDU\', \'LINGAYAT\', \'125466566565\', \'ABCDE1234F\', \'2445656234\', \'Single\', \'5646456556\', \'562456256245625\', \'56245625\', \'6654565865\', \'HP\', \'NOT APPLICABLE\', \'THIMMANNA\', \'SHEKHARAPPA\', \'Male\', \'Father\', \'956856565646\', \'AGOLI, GANGAVATHI\', \'n/a\', \'38\', \'9656565226\', \'\', \'\', \'\', \'\', \'\', \'no\', \'no\', \'\', \'\', \'\', \'\', \'no\', \'no\', \'1771073340_4ef595f5559e43e5fb66.jpeg\', \'1771073340_95bacfdb4488421efd4b.jpeg\')')
 2 SYSTEMPATH\Database\BaseConnection.php(686): CodeIgniter\Database\BaseConnection->simpleQuery('INSERT INTO `members` (`customer_id`, `member_code`, `title`, `name`, `father`, `residential_address`, `mobile`, `email`, `permanent_address`, `pincode`, `area`, `city`, `taluk`, `district`, `state`, `country`, `dob`, `age`, `gender`, `occupation`, `religion`, `caste`, `adhar`, `pan`, `voter`, `marital_status`, `dl_no`, `gst_no`, `passport_no`, `gas_consumer_no`, `gas_company`, `property_details`, `nominee_name`, `nominee_father`, `nominee_gender`, `nominee_relation`, `nominee_adhar`, `nominee_address`, `nominee_other_details`, `nominee_age`, `nominee_mobile`, `introducer_member_id`, `dcc_adb_bankname`, `dcc_adb_accountnumber`, `dcc_adb_ifsccode`, `dcc_adb_branchname`, `dcc_adb_rupaycard`, `dcc_adb_cheque`, `other_bankname`, `other_accountnumber`, `other_ifsccode`, `other_branchname`, `other_rupaycard`, `other_cheque`, `photo`, `signature`) VALUES (\'CUST004\', \'252525\', \'Mr\', \'SATHISH\', \'THIMMANNA\', \'AGOLI, GANGAVATHI\', \'9595665656\', \'jadhhdh@gmail.com\', \'AGOLI, GANGAVATHI\', \'583235\', \'AGOLI\', \'AGOLI\', \'GANGAVATHI\', \'KOPPAL\', \'KAR\', \'IND\', \'2000-05-01\', \'25\', \'Male\', \'STUDENT\', \'HINDU\', \'LINGAYAT\', \'125466566565\', \'ABCDE1234F\', \'2445656234\', \'Single\', \'5646456556\', \'562456256245625\', \'56245625\', \'6654565865\', \'HP\', \'NOT APPLICABLE\', \'THIMMANNA\', \'SHEKHARAPPA\', \'Male\', \'Father\', \'956856565646\', \'AGOLI, GANGAVATHI\', \'n/a\', \'38\', \'9656565226\', \'\', \'\', \'\', \'\', \'\', \'no\', \'no\', \'\', \'\', \'\', \'\', \'no\', \'no\', \'1771073340_4ef595f5559e43e5fb66.jpeg\', \'1771073340_95bacfdb4488421efd4b.jpeg\')')
 3 SYSTEMPATH\Database\BaseBuilder.php(2345): CodeIgniter\Database\BaseConnection->query('INSERT INTO `members` (`customer_id`, `member_code`, `title`, `name`, `father`, `residential_address`, `mobile`, `email`, `permanent_address`, `pincode`, `area`, `city`, `taluk`, `district`, `state`, `country`, `dob`, `age`, `gender`, `occupation`, `religion`, `caste`, `adhar`, `pan`, `voter`, `marital_status`, `dl_no`, `gst_no`, `passport_no`, `gas_consumer_no`, `gas_company`, `property_details`, `nominee_name`, `nominee_father`, `nominee_gender`, `nominee_relation`, `nominee_adhar`, `nominee_address`, `nominee_other_details`, `nominee_age`, `nominee_mobile`, `introducer_member_id`, `dcc_adb_bankname`, `dcc_adb_accountnumber`, `dcc_adb_ifsccode`, `dcc_adb_branchname`, `dcc_adb_rupaycard`, `dcc_adb_cheque`, `other_bankname`, `other_accountnumber`, `other_ifsccode`, `other_branchname`, `other_rupaycard`, `other_cheque`, `photo`, `signature`) VALUES (:customer_id:, :member_code:, :title:, :name:, :father:, :residential_address:, :mobile:, :email:, :permanent_address:, :pincode:, :area:, :city:, :taluk:, :district:, :state:, :country:, :dob:, :age:, :gender:, :occupation:, :religion:, :caste:, :adhar:, :pan:, :voter:, :marital_status:, :dl_no:, :gst_no:, :passport_no:, :gas_consumer_no:, :gas_company:, :property_details:, :nominee_name:, :nominee_father:, :nominee_gender:, :nominee_relation:, :nominee_adhar:, :nominee_address:, :nominee_other_details:, :nominee_age:, :nominee_mobile:, :introducer_member_id:, :dcc_adb_bankname:, :dcc_adb_accountnumber:, :dcc_adb_ifsccode:, :dcc_adb_branchname:, :dcc_adb_rupaycard:, :dcc_adb_cheque:, :other_bankname:, :other_accountnumber:, :other_ifsccode:, :other_branchname:, :other_rupaycard:, :other_cheque:, :photo:, :signature:)', [...], false)
 4 SYSTEMPATH\Model.php(356): CodeIgniter\Database\BaseBuilder->insert()
 5 SYSTEMPATH\BaseModel.php(898): CodeIgniter\Model->doInsert([...])
 6 SYSTEMPATH\Model.php(665): CodeIgniter\BaseModel->insert([...], true)
 7 APPPATH\Controllers\Member.php(133): CodeIgniter\Model->insert([...])
 8 SYSTEMPATH\CodeIgniter.php(951): App\Controllers\Member->store()
 9 SYSTEMPATH\CodeIgniter.php(497): CodeIgniter\CodeIgniter->runController(Object(App\Controllers\Member))
10 SYSTEMPATH\CodeIgniter.php(340): CodeIgniter\CodeIgniter->handleRequest(null, Object(Config\Cache), false)
11 SYSTEMPATH\Boot.php(417): CodeIgniter\CodeIgniter->run()
12 SYSTEMPATH\Boot.php(68): CodeIgniter\Boot::runCodeIgniter(Object(CodeIgniter\CodeIgniter))
13 FCPATH\index.php(59): CodeIgniter\Boot::bootWeb(Object(Config\Paths))
14 SYSTEMPATH\rewrite.php(44): require_once('C:\\xampp\\htdocs\\MemberCreation\\public\\index.php')
CRITICAL - 2026-02-14 12:49:00 --> [Caused by] mysqli_sql_exception: Unknown column 'introducer_member_id' in 'field list'
in SYSTEMPATH\Database\MySQLi\Connection.php on line 300.
 1 SYSTEMPATH\Database\MySQLi\Connection.php(300): mysqli->query('INSERT INTO `members` (`customer_id`, `member_code`, `title`, `name`, `father`, `residential_address`, `mobile`, `email`, `permanent_address`, `pincode`, `area`, `city`, `taluk`, `district`, `state`, `country`, `dob`, `age`, `gender`, `occupation`, `religion`, `caste`, `adhar`, `pan`, `voter`, `marital_status`, `dl_no`, `gst_no`, `passport_no`, `gas_consumer_no`, `gas_company`, `property_details`, `nominee_name`, `nominee_father`, `nominee_gender`, `nominee_relation`, `nominee_adhar`, `nominee_address`, `nominee_other_details`, `nominee_age`, `nominee_mobile`, `introducer_member_id`, `dcc_adb_bankname`, `dcc_adb_accountnumber`, `dcc_adb_ifsccode`, `dcc_adb_branchname`, `dcc_adb_rupaycard`, `dcc_adb_cheque`, `other_bankname`, `other_accountnumber`, `other_ifsccode`, `other_branchname`, `other_rupaycard`, `other_cheque`, `photo`, `signature`) VALUES (\'CUST004\', \'252525\', \'Mr\', \'SATHISH\', \'THIMMANNA\', \'AGOLI, GANGAVATHI\', \'9595665656\', \'jadhhdh@gmail.com\', \'AGOLI, GANGAVATHI\', \'583235\', \'AGOLI\', \'AGOLI\', \'GANGAVATHI\', \'KOPPAL\', \'KAR\', \'IND\', \'2000-05-01\', \'25\', \'Male\', \'STUDENT\', \'HINDU\', \'LINGAYAT\', \'125466566565\', \'ABCDE1234F\', \'2445656234\', \'Single\', \'5646456556\', \'562456256245625\', \'56245625\', \'6654565865\', \'HP\', \'NOT APPLICABLE\', \'THIMMANNA\', \'SHEKHARAPPA\', \'Male\', \'Father\', \'956856565646\', \'AGOLI, GANGAVATHI\', \'n/a\', \'38\', \'9656565226\', \'\', \'\', \'\', \'\', \'\', \'no\', \'no\', \'\', \'\', \'\', \'\', \'no\', \'no\', \'1771073340_4ef595f5559e43e5fb66.jpeg\', \'1771073340_95bacfdb4488421efd4b.jpeg\')', 0)
 2 SYSTEMPATH\Database\BaseConnection.php(769): CodeIgniter\Database\MySQLi\Connection->execute('INSERT INTO `members` (`customer_id`, `member_code`, `title`, `name`, `father`, `residential_address`, `mobile`, `email`, `permanent_address`, `pincode`, `area`, `city`, `taluk`, `district`, `state`, `country`, `dob`, `age`, `gender`, `occupation`, `religion`, `caste`, `adhar`, `pan`, `voter`, `marital_status`, `dl_no`, `gst_no`, `passport_no`, `gas_consumer_no`, `gas_company`, `property_details`, `nominee_name`, `nominee_father`, `nominee_gender`, `nominee_relation`, `nominee_adhar`, `nominee_address`, `nominee_other_details`, `nominee_age`, `nominee_mobile`, `introducer_member_id`, `dcc_adb_bankname`, `dcc_adb_accountnumber`, `dcc_adb_ifsccode`, `dcc_adb_branchname`, `dcc_adb_rupaycard`, `dcc_adb_cheque`, `other_bankname`, `other_accountnumber`, `other_ifsccode`, `other_branchname`, `other_rupaycard`, `other_cheque`, `photo`, `signature`) VALUES (\'CUST004\', \'252525\', \'Mr\', \'SATHISH\', \'THIMMANNA\', \'AGOLI, GANGAVATHI\', \'9595665656\', \'jadhhdh@gmail.com\', \'AGOLI, GANGAVATHI\', \'583235\', \'AGOLI\', \'AGOLI\', \'GANGAVATHI\', \'KOPPAL\', \'KAR\', \'IND\', \'2000-05-01\', \'25\', \'Male\', \'STUDENT\', \'HINDU\', \'LINGAYAT\', \'125466566565\', \'ABCDE1234F\', \'2445656234\', \'Single\', \'5646456556\', \'562456256245625\', \'56245625\', \'6654565865\', \'HP\', \'NOT APPLICABLE\', \'THIMMANNA\', \'SHEKHARAPPA\', \'Male\', \'Father\', \'956856565646\', \'AGOLI, GANGAVATHI\', \'n/a\', \'38\', \'9656565226\', \'\', \'\', \'\', \'\', \'\', \'no\', \'no\', \'\', \'\', \'\', \'\', \'no\', \'no\', \'1771073340_4ef595f5559e43e5fb66.jpeg\', \'1771073340_95bacfdb4488421efd4b.jpeg\')')
 3 SYSTEMPATH\Database\BaseConnection.php(686): CodeIgniter\Database\BaseConnection->simpleQuery('INSERT INTO `members` (`customer_id`, `member_code`, `title`, `name`, `father`, `residential_address`, `mobile`, `email`, `permanent_address`, `pincode`, `area`, `city`, `taluk`, `district`, `state`, `country`, `dob`, `age`, `gender`, `occupation`, `religion`, `caste`, `adhar`, `pan`, `voter`, `marital_status`, `dl_no`, `gst_no`, `passport_no`, `gas_consumer_no`, `gas_company`, `property_details`, `nominee_name`, `nominee_father`, `nominee_gender`, `nominee_relation`, `nominee_adhar`, `nominee_address`, `nominee_other_details`, `nominee_age`, `nominee_mobile`, `introducer_member_id`, `dcc_adb_bankname`, `dcc_adb_accountnumber`, `dcc_adb_ifsccode`, `dcc_adb_branchname`, `dcc_adb_rupaycard`, `dcc_adb_cheque`, `other_bankname`, `other_accountnumber`, `other_ifsccode`, `other_branchname`, `other_rupaycard`, `other_cheque`, `photo`, `signature`) VALUES (\'CUST004\', \'252525\', \'Mr\', \'SATHISH\', \'THIMMANNA\', \'AGOLI, GANGAVATHI\', \'9595665656\', \'jadhhdh@gmail.com\', \'AGOLI, GANGAVATHI\', \'583235\', \'AGOLI\', \'AGOLI\', \'GANGAVATHI\', \'KOPPAL\', \'KAR\', \'IND\', \'2000-05-01\', \'25\', \'Male\', \'STUDENT\', \'HINDU\', \'LINGAYAT\', \'125466566565\', \'ABCDE1234F\', \'2445656234\', \'Single\', \'5646456556\', \'562456256245625\', \'56245625\', \'6654565865\', \'HP\', \'NOT APPLICABLE\', \'THIMMANNA\', \'SHEKHARAPPA\', \'Male\', \'Father\', \'956856565646\', \'AGOLI, GANGAVATHI\', \'n/a\', \'38\', \'9656565226\', \'\', \'\', \'\', \'\', \'\', \'no\', \'no\', \'\', \'\', \'\', \'\', \'no\', \'no\', \'1771073340_4ef595f5559e43e5fb66.jpeg\', \'1771073340_95bacfdb4488421efd4b.jpeg\')')
 4 SYSTEMPATH\Database\BaseBuilder.php(2345): CodeIgniter\Database\BaseConnection->query('INSERT INTO `members` (`customer_id`, `member_code`, `title`, `name`, `father`, `residential_address`, `mobile`, `email`, `permanent_address`, `pincode`, `area`, `city`, `taluk`, `district`, `state`, `country`, `dob`, `age`, `gender`, `occupation`, `religion`, `caste`, `adhar`, `pan`, `voter`, `marital_status`, `dl_no`, `gst_no`, `passport_no`, `gas_consumer_no`, `gas_company`, `property_details`, `nominee_name`, `nominee_father`, `nominee_gender`, `nominee_relation`, `nominee_adhar`, `nominee_address`, `nominee_other_details`, `nominee_age`, `nominee_mobile`, `introducer_member_id`, `dcc_adb_bankname`, `dcc_adb_accountnumber`, `dcc_adb_ifsccode`, `dcc_adb_branchname`, `dcc_adb_rupaycard`, `dcc_adb_cheque`, `other_bankname`, `other_accountnumber`, `other_ifsccode`, `other_branchname`, `other_rupaycard`, `other_cheque`, `photo`, `signature`) VALUES (:customer_id:, :member_code:, :title:, :name:, :father:, :residential_address:, :mobile:, :email:, :permanent_address:, :pincode:, :area:, :city:, :taluk:, :district:, :state:, :country:, :dob:, :age:, :gender:, :occupation:, :religion:, :caste:, :adhar:, :pan:, :voter:, :marital_status:, :dl_no:, :gst_no:, :passport_no:, :gas_consumer_no:, :gas_company:, :property_details:, :nominee_name:, :nominee_father:, :nominee_gender:, :nominee_relation:, :nominee_adhar:, :nominee_address:, :nominee_other_details:, :nominee_age:, :nominee_mobile:, :introducer_member_id:, :dcc_adb_bankname:, :dcc_adb_accountnumber:, :dcc_adb_ifsccode:, :dcc_adb_branchname:, :dcc_adb_rupaycard:, :dcc_adb_cheque:, :other_bankname:, :other_accountnumber:, :other_ifsccode:, :other_branchname:, :other_rupaycard:, :other_cheque:, :photo:, :signature:)', [...], false)
 5 SYSTEMPATH\Model.php(356): CodeIgniter\Database\BaseBuilder->insert()
 6 SYSTEMPATH\BaseModel.php(898): CodeIgniter\Model->doInsert([...])
 7 SYSTEMPATH\Model.php(665): CodeIgniter\BaseModel->insert([...], true)
 8 APPPATH\Controllers\Member.php(133): CodeIgniter\Model->insert([...])
 9 SYSTEMPATH\CodeIgniter.php(951): App\Controllers\Member->store()
10 SYSTEMPATH\CodeIgniter.php(497): CodeIgniter\CodeIgniter->runController(Object(App\Controllers\Member))
11 SYSTEMPATH\CodeIgniter.php(340): CodeIgniter\CodeIgniter->handleRequest(null, Object(Config\Cache), false)
12 SYSTEMPATH\Boot.php(417): CodeIgniter\CodeIgniter->run()
13 SYSTEMPATH\Boot.php(68): CodeIgniter\Boot::runCodeIgniter(Object(CodeIgniter\CodeIgniter))
14 FCPATH\index.php(59): CodeIgniter\Boot::bootWeb(Object(Config\Paths))
15 SYSTEMPATH\rewrite.php(44): require_once('C:\\xampp\\htdocs\\MemberCreation\\public\\index.php')
DEBUG - 2026-02-14 12:49:50 --> Session: Class initialized using 'CodeIgniter\Session\Handlers\FileHandler' driver.
DEBUG - 2026-02-14 12:49:51 --> Session: Class initialized using 'CodeIgniter\Session\Handlers\FileHandler' driver.
DEBUG - 2026-02-14 12:49:59 --> Session: Class initialized using 'CodeIgniter\Session\Handlers\FileHandler' driver.
DEBUG - 2026-02-14 12:59:00 --> Session: Class initialized using 'CodeIgniter\Session\Handlers\FileHandler' driver.
DEBUG - 2026-02-14 14:05:25 --> Session: Class initialized using 'CodeIgniter\Session\Handlers\FileHandler' driver.
